11:37:03 **** Incremental Build of configuration Debug for project nucleoF411_base ****
make -j12 all 
arm-none-eabi-gcc -std=c99 -ISTM32F4xx_HAL_Driver/inc/ -Iinclude/ -Imbed_shield/inc/ -I. -g -D__DEBUG__ -O0 -Wall -march=armv7e-m -mfloat-abi=hard -mcpu=cortex-m4 -mfpu=fpv4-sp-d16 -mthumb -DSTM32F411xE -Wextra -Warray-bounds -Wno-unused-parameter -fomit-frame-pointer -MD -MP -MF .dep/opto.o.d   -c -o TSL2561/src/opto.o TSL2561/src/opto.c
arm-none-eabi-gcc -std=c99 -ISTM32F4xx_HAL_Driver/inc/ -Iinclude/ -Imbed_shield/inc/ -I. -g -D__DEBUG__ -O0 -Wall -march=armv7e-m -mfloat-abi=hard -mcpu=cortex-m4 -mfpu=fpv4-sp-d16 -mthumb -DSTM32F411xE -Wextra -Warray-bounds -Wno-unused-parameter -fomit-frame-pointer -MD -MP -MF .dep/main.o.d   -c -o src/main.o src/main.c
src/main.c: In function 'main':
src/main.c:62:15: warning: passing argument 1 of 'uart_printf' from incompatible pointer type [-Wincompatible-pointer-types]
   62 |   uart_printf("Lumière (LUX): %d\n", opto_read());
      |               ^~~~~~~~~~~~~~~~~~~~~
      |               |
      |               char *
In file included from src/main.c:5:
STM32F4xx_HAL_Driver/inc/stm32f4xx_hal_uart.h:51:38: note: expected 'UART_HandleTypeDef *' {aka 'struct __UART_HandleTypeDef *'} but argument is of type 'char *'
   51 | void uart_printf(UART_HandleTypeDef *huart, const uint8_t* fmt, ...);
      |                  ~~~~~~~~~~~~~~~~~~~~^~~~~
src/main.c:62:39: warning: passing argument 2 of 'uart_printf' makes pointer from integer without a cast [-Wint-conversion]
   62 |   uart_printf("Lumière (LUX): %d\n", opto_read());
      |                                      ^~~~~~~~~~~
      |                                      |
      |                                      uint16_t {aka short unsigned int}
In file included from src/main.c:5:
STM32F4xx_HAL_Driver/inc/stm32f4xx_hal_uart.h:51:60: note: expected 'const uint8_t *' {aka 'const unsigned char *'} but argument is of type 'uint16_t' {aka 'short unsigned int'}
   51 | void uart_printf(UART_HandleTypeDef *huart, const uint8_t* fmt, ...);
      |                                             ~~~~~~~~~~~~~~~^~~
arm-none-eabi-gcc -o main.elf startup/stm32f411_periph.o startup/sys_handlers.o startup/system_stm32f4xx.o STM32F4xx_HAL_Driver/src/stm32f4xx_ll_rcc.o STM32F4xx_HAL_Driver/src/stm32f4xx_hal_i2c.o STM32F4xx_HAL_Driver/src/util.o STM32F4xx_HAL_Driver/src/stm32f4xx_hal.o STM32F4xx_HAL_Driver/src/stm32f4xx_hal_cortex.o STM32F4xx_HAL_Driver/src/stm32f4xx_hal_uart.o STM32F4xx_HAL_Driver/src/stm32f4xx_hal_gpio.o STM32F4xx_HAL_Driver/src/stm32f4xx_hal_tim.o STM32F4xx_HAL_Driver/src/stm32f4xx_hal_spi.o mbed_shield/src/leds.o mbed_shield/src/sw.o mbed_shield/src/lm75.o mbed_shield/src/lcd_128x32.o TSL2561/src/opto.o src/stm32f4xx_hal_msp.o src/stm32f4xx_it.o src/main.o startup/startup_stm32f411xe.o -march=armv7e-m -mfloat-abi=hard -mcpu=cortex-m4 -mfpu=fpv4-sp-d16 -mthumb -DSTM32F411xE -Tconfig/STM32F411RE_FLASH.lds -lc -lgcc -lgcov -lm -Wl,-Map=main.elf.map,--gc-sections   
arm-none-eabi-objdump -h main.elf

main.elf:     file format elf32-littlearm

Sections:
Idx Name          Size      VMA       LMA       File off  Algn
  0 .isr_vector   00000198  08000000  08000000  00010000  2**0
                  CONTENTS, ALLOC, LOAD, READONLY, DATA
  1 .text         000030d8  08000198  08000198  00010198  2**3
                  CONTENTS, ALLOC, LOAD, READONLY, CODE
  2 .rodata       000008a8  08003270  08003270  00013270  2**2
                  CONTENTS, ALLOC, LOAD, READONLY, DATA
  3 .init_array   00000008  08003b18  08003b18  00013b18  2**2
                  CONTENTS, ALLOC, LOAD, DATA
  4 .fini_array   00000004  08003b20  08003b20  00013b20  2**2
                  CONTENTS, ALLOC, LOAD, DATA
  5 .data         000004f4  20000000  08003b24  00020000  2**3
                  CONTENTS, ALLOC, LOAD, DATA
  6 .bss          0000034c  200004f4  08004018  000204f4  2**2
                  ALLOC
  7 ._user_heap_stack 00000600  20000840  08004018  00020840  2**0
                  ALLOC
  8 .ARM.attributes 00000030  00000000  00000000  000204f4  2**0
                  CONTENTS, READONLY
  9 .debug_info   00009026  00000000  00000000  00020524  2**0
                  CONTENTS, READONLY, DEBUGGING, OCTETS
 10 .debug_abbrev 00001ca1  00000000  00000000  0002954a  2**0
                  CONTENTS, READONLY, DEBUGGING, OCTETS
 11 .debug_aranges 00000240  00000000  00000000  0002b1f0  2**3
                  CONTENTS, READONLY, DEBUGGING, OCTETS
 12 .debug_line   00004245  00000000  00000000  0002b430  2**0
                  CONTENTS, READONLY, DEBUGGING, OCTETS
 13 .debug_str    000024be  00000000  00000000  0002f675  2**0
                  CONTENTS, READONLY, DEBUGGING, OCTETS
 14 .comment      00000050  00000000  00000000  00031b33  2**0
                  CONTENTS, READONLY
 15 .debug_frame  000012d4  00000000  00000000  00031b84  2**2
                  CONTENTS, READONLY, DEBUGGING, OCTETS
 16 .debug_ranges 00000020  00000000  00000000  00032e58  2**3
                  CONTENTS, READONLY, DEBUGGING, OCTETS
arm-none-eabi-size main.elf
   text	   data	    bss	    dec	    hex	filename
  15128	   1280	   2380	  18788	   4964	main.elf
arm-none-eabi-objcopy -O ihex main.elf main.hex
arm-none-eabi-objcopy -O binary main.elf main.bin
11:37:37 **** Incremental Build of configuration Debug for project nucleoF411_base ****
make -j12 all 
arm-none-eabi-gcc -std=c99 -ISTM32F4xx_HAL_Driver/inc/ -Iinclude/ -Imbed_shield/inc/ -I. -g -D__DEBUG__ -O0 -Wall -march=armv7e-m -mfloat-abi=hard -mcpu=cortex-m4 -mfpu=fpv4-sp-d16 -mthumb -DSTM32F411xE -Wextra -Warray-bounds -Wno-unused-parameter -fomit-frame-pointer -MD -MP -MF .dep/main.o.d   -c -o src/main.o src/main.c
src/main.c: In function 'main':
src/main.c:62:15: warning: passing argument 1 of 'uart_printf' from incompatible pointer type [-Wincompatible-pointer-types]
   62 |   uart_printf("Lumière (LUX): %d\n", opto_read());
      |               ^~~~~~~~~~~~~~~~~~~~~
      |               |
      |               char *
In file included from src/main.c:5:
STM32F4xx_HAL_Driver/inc/stm32f4xx_hal_uart.h:51:38: note: expected 'UART_HandleTypeDef *' {aka 'struct __UART_HandleTypeDef *'} but argument is of type 'char *'
   51 | void uart_printf(UART_HandleTypeDef *huart, const uint8_t* fmt, ...);
      |                  ~~~~~~~~~~~~~~~~~~~~^~~~~
src/main.c:62:39: warning: passing argument 2 of 'uart_printf' makes pointer from integer without a cast [-Wint-conversion]
   62 |   uart_printf("Lumière (LUX): %d\n", opto_read());
      |                                      ^~~~~~~~~~~
      |                                      |
      |                                      uint16_t {aka short unsigned int}
In file included from src/main.c:5:
STM32F4xx_HAL_Driver/inc/stm32f4xx_hal_uart.h:51:60: note: expected 'const uint8_t *' {aka 'const unsigned char *'} but argument is of type 'uint16_t' {aka 'short unsigned int'}
   51 | void uart_printf(UART_HandleTypeDef *huart, const uint8_t* fmt, ...);
      |                                             ~~~~~~~~~~~~~~~^~~
arm-none-eabi-gcc -o main.elf startup/stm32f411_periph.o startup/sys_handlers.o startup/system_stm32f4xx.o STM32F4xx_HAL_Driver/src/stm32f4xx_ll_rcc.o STM32F4xx_HAL_Driver/src/stm32f4xx_hal_i2c.o STM32F4xx_HAL_Driver/src/util.o STM32F4xx_HAL_Driver/src/stm32f4xx_hal.o STM32F4xx_HAL_Driver/src/stm32f4xx_hal_cortex.o STM32F4xx_HAL_Driver/src/stm32f4xx_hal_uart.o STM32F4xx_HAL_Driver/src/stm32f4xx_hal_gpio.o STM32F4xx_HAL_Driver/src/stm32f4xx_hal_tim.o STM32F4xx_HAL_Driver/src/stm32f4xx_hal_spi.o mbed_shield/src/leds.o mbed_shield/src/sw.o mbed_shield/src/lm75.o mbed_shield/src/lcd_128x32.o TSL2561/src/opto.o src/stm32f4xx_hal_msp.o src/stm32f4xx_it.o src/main.o startup/startup_stm32f411xe.o -march=armv7e-m -mfloat-abi=hard -mcpu=cortex-m4 -mfpu=fpv4-sp-d16 -mthumb -DSTM32F411xE -Tconfig/STM32F411RE_FLASH.lds -lc -lgcc -lgcov -lm -Wl,-Map=main.elf.map,--gc-sections   
arm-none-eabi-objdump -h main.elf

main.elf:     file format elf32-littlearm

Sections:
Idx Name          Size      VMA       LMA       File off  Algn
  0 .isr_vector   00000198  08000000  08000000  00010000  2**0
                  CONTENTS, ALLOC, LOAD, READONLY, DATA
  1 .text         000030d8  08000198  08000198  00010198  2**3
                  CONTENTS, ALLOC, LOAD, READONLY, CODE
  2 .rodata       000008a8  08003270  08003270  00013270  2**2
                  CONTENTS, ALLOC, LOAD, READONLY, DATA
  3 .init_array   00000008  08003b18  08003b18  00013b18  2**2
                  CONTENTS, ALLOC, LOAD, DATA
  4 .fini_array   00000004  08003b20  08003b20  00013b20  2**2
                  CONTENTS, ALLOC, LOAD, DATA
  5 .data         000004f4  20000000  08003b24  00020000  2**3
                  CONTENTS, ALLOC, LOAD, DATA
  6 .bss          0000034c  200004f4  08004018  000204f4  2**2
                  ALLOC
  7 ._user_heap_stack 00000600  20000840  08004018  00020840  2**0
                  ALLOC
  8 .ARM.attributes 00000030  00000000  00000000  000204f4  2**0
                  CONTENTS, READONLY
  9 .debug_info   00009026  00000000  00000000  00020524  2**0
                  CONTENTS, READONLY, DEBUGGING, OCTETS
 10 .debug_abbrev 00001ca1  00000000  00000000  0002954a  2**0
                  CONTENTS, READONLY, DEBUGGING, OCTETS
 11 .debug_aranges 00000240  00000000  00000000  0002b1f0  2**3
                  CONTENTS, READONLY, DEBUGGING, OCTETS
 12 .debug_line   00004245  00000000  00000000  0002b430  2**0
                  CONTENTS, READONLY, DEBUGGING, OCTETS
 13 .debug_str    000024be  00000000  00000000  0002f675  2**0
                  CONTENTS, READONLY, DEBUGGING, OCTETS
 14 .comment      00000050  00000000  00000000  00031b33  2**0
                  CONTENTS, READONLY
 15 .debug_frame  000012d4  00000000  00000000  00031b84  2**2
                  CONTENTS, READONLY, DEBUGGING, OCTETS
 16 .debug_ranges 00000020  00000000  00000000  00032e58  2**3
                  CONTENTS, READONLY, DEBUGGING, OCTETS
arm-none-eabi-size main.elf
   text	   data	    bss	    dec	    hex	filename
  15128	   1280	   2380	  18788	   4964	main.elf
arm-none-eabi-objcopy -O ihex main.elf main.hex
arm-none-eabi-objcopy -O binary main.elf main.bin
11:46:19 **** Incremental Build of configuration Debug for project nucleoF411_base ****
make -j12 all 
arm-none-eabi-gcc -std=c99 -ISTM32F4xx_HAL_Driver/inc/ -Iinclude/ -Imbed_shield/inc/ -I. -g -D__DEBUG__ -O0 -Wall -march=armv7e-m -mfloat-abi=hard -mcpu=cortex-m4 -mfpu=fpv4-sp-d16 -mthumb -DSTM32F411xE -Wextra -Warray-bounds -Wno-unused-parameter -fomit-frame-pointer -MD -MP -MF .dep/opto.o.d   -c -o TSL2561/src/opto.o TSL2561/src/opto.c
arm-none-eabi-gcc -o main.elf startup/stm32f411_periph.o startup/sys_handlers.o startup/system_stm32f4xx.o STM32F4xx_HAL_Driver/src/stm32f4xx_ll_rcc.o STM32F4xx_HAL_Driver/src/stm32f4xx_hal_i2c.o STM32F4xx_HAL_Driver/src/util.o STM32F4xx_HAL_Driver/src/stm32f4xx_hal.o STM32F4xx_HAL_Driver/src/stm32f4xx_hal_cortex.o STM32F4xx_HAL_Driver/src/stm32f4xx_hal_uart.o STM32F4xx_HAL_Driver/src/stm32f4xx_hal_gpio.o STM32F4xx_HAL_Driver/src/stm32f4xx_hal_tim.o STM32F4xx_HAL_Driver/src/stm32f4xx_hal_spi.o mbed_shield/src/leds.o mbed_shield/src/sw.o mbed_shield/src/lm75.o mbed_shield/src/lcd_128x32.o TSL2561/src/opto.o src/stm32f4xx_hal_msp.o src/stm32f4xx_it.o src/main.o startup/startup_stm32f411xe.o -march=armv7e-m -mfloat-abi=hard -mcpu=cortex-m4 -mfpu=fpv4-sp-d16 -mthumb -DSTM32F411xE -Tconfig/STM32F411RE_FLASH.lds -lc -lgcc -lgcov -lm -Wl,-Map=main.elf.map,--gc-sections   
arm-none-eabi-objdump -h main.elf

main.elf:     file format elf32-littlearm

Sections:
Idx Name          Size      VMA       LMA       File off  Algn
  0 .isr_vector   00000198  08000000  08000000  00010000  2**0
                  CONTENTS, ALLOC, LOAD, READONLY, DATA
  1 .text         000030d8  08000198  08000198  00010198  2**3
                  CONTENTS, ALLOC, LOAD, READONLY, CODE
  2 .rodata       000008a8  08003270  08003270  00013270  2**2
                  CONTENTS, ALLOC, LOAD, READONLY, DATA
  3 .init_array   00000008  08003b18  08003b18  00013b18  2**2
                  CONTENTS, ALLOC, LOAD, DATA
  4 .fini_array   00000004  08003b20  08003b20  00013b20  2**2
                  CONTENTS, ALLOC, LOAD, DATA
  5 .data         000004f4  20000000  08003b24  00020000  2**3
                  CONTENTS, ALLOC, LOAD, DATA
  6 .bss          0000034c  200004f4  08004018  000204f4  2**2
                  ALLOC
  7 ._user_heap_stack 00000600  20000840  08004018  00020840  2**0
                  ALLOC
  8 .ARM.attributes 00000030  00000000  00000000  000204f4  2**0
                  CONTENTS, READONLY
  9 .debug_info   00009026  00000000  00000000  00020524  2**0
                  CONTENTS, READONLY, DEBUGGING, OCTETS
 10 .debug_abbrev 00001ca1  00000000  00000000  0002954a  2**0
                  CONTENTS, READONLY, DEBUGGING, OCTETS
 11 .debug_aranges 00000240  00000000  00000000  0002b1f0  2**3
                  CONTENTS, READONLY, DEBUGGING, OCTETS
 12 .debug_line   00004245  00000000  00000000  0002b430  2**0
                  CONTENTS, READONLY, DEBUGGING, OCTETS
 13 .debug_str    000024be  00000000  00000000  0002f675  2**0
                  CONTENTS, READONLY, DEBUGGING, OCTETS
 14 .comment      00000050  00000000  00000000  00031b33  2**0
                  CONTENTS, READONLY
 15 .debug_frame  000012d4  00000000  00000000  00031b84  2**2
                  CONTENTS, READONLY, DEBUGGING, OCTETS
 16 .debug_ranges 00000020  00000000  00000000  00032e58  2**3
                  CONTENTS, READONLY, DEBUGGING, OCTETS
arm-none-eabi-size main.elf
   text	   data	    bss	    dec	    hex	filename
  15128	   1280	   2380	  18788	   4964	main.elf
arm-none-eabi-objcopy -O ihex main.elf main.hex
arm-none-eabi-objcopy -O binary main.elf main.bin
11:48:11 **** Incremental Build of configuration Debug for project nucleoF411_base ****
make -j12 all 
arm-none-eabi-gcc -std=c99 -ISTM32F4xx_HAL_Driver/inc/ -Iinclude/ -Imbed_shield/inc/ -I. -g -D__DEBUG__ -O0 -Wall -march=armv7e-m -mfloat-abi=hard -mcpu=cortex-m4 -mfpu=fpv4-sp-d16 -mthumb -DSTM32F411xE -Wextra -Warray-bounds -Wno-unused-parameter -fomit-frame-pointer -MD -MP -MF .dep/main.o.d   -c -o src/main.o src/main.c
src/main.c: In function 'main':
src/main.c:63:15: warning: passing argument 1 of 'uart_printf' from incompatible pointer type [-Wincompatible-pointer-types]
   63 |   uart_printf("Lumière (LUX): %d\n", data);
      |               ^~~~~~~~~~~~~~~~~~~~~
      |               |
      |               char *
In file included from src/main.c:5:
STM32F4xx_HAL_Driver/inc/stm32f4xx_hal_uart.h:51:38: note: expected 'UART_HandleTypeDef *' {aka 'struct __UART_HandleTypeDef *'} but argument is of type 'char *'
   51 | void uart_printf(UART_HandleTypeDef *huart, const uint8_t* fmt, ...);
      |                  ~~~~~~~~~~~~~~~~~~~~^~~~~
src/main.c:63:39: warning: passing argument 2 of 'uart_printf' makes pointer from integer without a cast [-Wint-conversion]
   63 |   uart_printf("Lumière (LUX): %d\n", data);
      |                                      ^~~~
      |                                      |
      |                                      uint16_t {aka short unsigned int}
In file included from src/main.c:5:
STM32F4xx_HAL_Driver/inc/stm32f4xx_hal_uart.h:51:60: note: expected 'const uint8_t *' {aka 'const unsigned char *'} but argument is of type 'uint16_t' {aka 'short unsigned int'}
   51 | void uart_printf(UART_HandleTypeDef *huart, const uint8_t* fmt, ...);
      |                                             ~~~~~~~~~~~~~~~^~~
arm-none-eabi-gcc -o main.elf startup/stm32f411_periph.o startup/sys_handlers.o startup/system_stm32f4xx.o STM32F4xx_HAL_Driver/src/stm32f4xx_ll_rcc.o STM32F4xx_HAL_Driver/src/stm32f4xx_hal_i2c.o STM32F4xx_HAL_Driver/src/util.o STM32F4xx_HAL_Driver/src/stm32f4xx_hal.o STM32F4xx_HAL_Driver/src/stm32f4xx_hal_cortex.o STM32F4xx_HAL_Driver/src/stm32f4xx_hal_uart.o STM32F4xx_HAL_Driver/src/stm32f4xx_hal_gpio.o STM32F4xx_HAL_Driver/src/stm32f4xx_hal_tim.o STM32F4xx_HAL_Driver/src/stm32f4xx_hal_spi.o mbed_shield/src/leds.o mbed_shield/src/sw.o mbed_shield/src/lm75.o mbed_shield/src/lcd_128x32.o TSL2561/src/opto.o src/stm32f4xx_hal_msp.o src/stm32f4xx_it.o src/main.o startup/startup_stm32f411xe.o -march=armv7e-m -mfloat-abi=hard -mcpu=cortex-m4 -mfpu=fpv4-sp-d16 -mthumb -DSTM32F411xE -Tconfig/STM32F411RE_FLASH.lds -lc -lgcc -lgcov -lm -Wl,-Map=main.elf.map,--gc-sections   
arm-none-eabi-objdump -h main.elf

main.elf:     file format elf32-littlearm

Sections:
Idx Name          Size      VMA       LMA       File off  Algn
  0 .isr_vector   00000198  08000000  08000000  00010000  2**0
                  CONTENTS, ALLOC, LOAD, READONLY, DATA
  1 .text         000030e0  08000198  08000198  00010198  2**3
                  CONTENTS, ALLOC, LOAD, READONLY, CODE
  2 .rodata       000008a8  08003278  08003278  00013278  2**2
                  CONTENTS, ALLOC, LOAD, READONLY, DATA
  3 .init_array   00000008  08003b20  08003b20  00013b20  2**2
                  CONTENTS, ALLOC, LOAD, DATA
  4 .fini_array   00000004  08003b28  08003b28  00013b28  2**2
                  CONTENTS, ALLOC, LOAD, DATA
  5 .data         000004f4  20000000  08003b2c  00020000  2**3
                  CONTENTS, ALLOC, LOAD, DATA
  6 .bss          0000034c  200004f4  08004020  000204f4  2**2
                  ALLOC
  7 ._user_heap_stack 00000600  20000840  08004020  00020840  2**0
                  ALLOC
  8 .ARM.attributes 00000030  00000000  00000000  000204f4  2**0
                  CONTENTS, READONLY
  9 .debug_info   00009044  00000000  00000000  00020524  2**0
                  CONTENTS, READONLY, DEBUGGING, OCTETS
 10 .debug_abbrev 00001cbd  00000000  00000000  00029568  2**0
                  CONTENTS, READONLY, DEBUGGING, OCTETS
 11 .debug_aranges 00000240  00000000  00000000  0002b228  2**3
                  CONTENTS, READONLY, DEBUGGING, OCTETS
 12 .debug_line   00004245  00000000  00000000  0002b468  2**0
                  CONTENTS, READONLY, DEBUGGING, OCTETS
 13 .debug_str    000024be  00000000  00000000  0002f6ad  2**0
                  CONTENTS, READONLY, DEBUGGING, OCTETS
 14 .comment      00000050  00000000  00000000  00031b6b  2**0
                  CONTENTS, READONLY
 15 .debug_frame  000012d4  00000000  00000000  00031bbc  2**2
                  CONTENTS, READONLY, DEBUGGING, OCTETS
 16 .debug_ranges 00000020  00000000  00000000  00032e90  2**3
                  CONTENTS, READONLY, DEBUGGING, OCTETS
arm-none-eabi-size main.elf
   text	   data	    bss	    dec	    hex	filename
  15136	   1280	   2380	  18796	   496c	main.elf
arm-none-eabi-objcopy -O ihex main.elf main.hex
arm-none-eabi-objcopy -O binary main.elf main.bin
11:53:09 **** Incremental Build of configuration Debug for project nucleoF411_base ****
make -j12 all 
make: Nothing to be done for 'all'.
11:53:27 **** Incremental Build of configuration Debug for project nucleoF411_base ****
make -j12 all 
make: Nothing to be done for 'all'.
11:58:22 **** Incremental Build of configuration Debug for project nucleoF411_base ****
make -j12 all 
arm-none-eabi-gcc -std=c99 -ISTM32F4xx_HAL_Driver/inc/ -Iinclude/ -Imbed_shield/inc/ -I. -g -D__DEBUG__ -O0 -Wall -march=armv7e-m -mfloat-abi=hard -mcpu=cortex-m4 -mfpu=fpv4-sp-d16 -mthumb -DSTM32F411xE -Wextra -Warray-bounds -Wno-unused-parameter -fomit-frame-pointer -MD -MP -MF .dep/main.o.d   -c -o src/main.o src/main.c
src/main.c: In function 'main':
src/main.c:63:24: warning: pointer targets in passing argument 2 of 'uart_printf' differ in signedness [-Wpointer-sign]
   63 |   uart_printf(&huart2, "Lumière (LUX): %d\n", data);
      |                        ^~~~~~~~~~~~~~~~~~~~~
      |                        |
      |                        char *
In file included from src/main.c:5:
STM32F4xx_HAL_Driver/inc/stm32f4xx_hal_uart.h:51:60: note: expected 'const uint8_t *' {aka 'const unsigned char *'} but argument is of type 'char *'
   51 | void uart_printf(UART_HandleTypeDef *huart, const uint8_t* fmt, ...);
      |                                             ~~~~~~~~~~~~~~~^~~
arm-none-eabi-gcc -o main.elf startup/stm32f411_periph.o startup/sys_handlers.o startup/system_stm32f4xx.o STM32F4xx_HAL_Driver/src/stm32f4xx_ll_rcc.o STM32F4xx_HAL_Driver/src/stm32f4xx_hal_i2c.o STM32F4xx_HAL_Driver/src/util.o STM32F4xx_HAL_Driver/src/stm32f4xx_hal.o STM32F4xx_HAL_Driver/src/stm32f4xx_hal_cortex.o STM32F4xx_HAL_Driver/src/stm32f4xx_hal_uart.o STM32F4xx_HAL_Driver/src/stm32f4xx_hal_gpio.o STM32F4xx_HAL_Driver/src/stm32f4xx_hal_tim.o STM32F4xx_HAL_Driver/src/stm32f4xx_hal_spi.o mbed_shield/src/leds.o mbed_shield/src/sw.o mbed_shield/src/lm75.o mbed_shield/src/lcd_128x32.o TSL2561/src/opto.o src/stm32f4xx_hal_msp.o src/stm32f4xx_it.o src/main.o startup/startup_stm32f411xe.o -march=armv7e-m -mfloat-abi=hard -mcpu=cortex-m4 -mfpu=fpv4-sp-d16 -mthumb -DSTM32F411xE -Tconfig/STM32F411RE_FLASH.lds -lc -lgcc -lgcov -lm -Wl,-Map=main.elf.map,--gc-sections   
arm-none-eabi-objdump -h main.elf

main.elf:     file format elf32-littlearm

Sections:
Idx Name          Size      VMA       LMA       File off  Algn
  0 .isr_vector   00000198  08000000  08000000  00010000  2**0
                  CONTENTS, ALLOC, LOAD, READONLY, DATA
  1 .text         000030e8  08000198  08000198  00010198  2**3
                  CONTENTS, ALLOC, LOAD, READONLY, CODE
  2 .rodata       000008a8  08003280  08003280  00013280  2**2
                  CONTENTS, ALLOC, LOAD, READONLY, DATA
  3 .init_array   00000008  08003b28  08003b28  00013b28  2**2
                  CONTENTS, ALLOC, LOAD, DATA
  4 .fini_array   00000004  08003b30  08003b30  00013b30  2**2
                  CONTENTS, ALLOC, LOAD, DATA
  5 .data         000004f4  20000000  08003b34  00020000  2**3
                  CONTENTS, ALLOC, LOAD, DATA
  6 .bss          0000034c  200004f4  08004028  000204f4  2**2
                  ALLOC
  7 ._user_heap_stack 00000600  20000840  08004028  00020840  2**0
                  ALLOC
  8 .ARM.attributes 00000030  00000000  00000000  000204f4  2**0
                  CONTENTS, READONLY
  9 .debug_info   00009044  00000000  00000000  00020524  2**0
                  CONTENTS, READONLY, DEBUGGING, OCTETS
 10 .debug_abbrev 00001cbd  00000000  00000000  00029568  2**0
                  CONTENTS, READONLY, DEBUGGING, OCTETS
 11 .debug_aranges 00000240  00000000  00000000  0002b228  2**3
                  CONTENTS, READONLY, DEBUGGING, OCTETS
 12 .debug_line   00004245  00000000  00000000  0002b468  2**0
                  CONTENTS, READONLY, DEBUGGING, OCTETS
 13 .debug_str    000024be  00000000  00000000  0002f6ad  2**0
                  CONTENTS, READONLY, DEBUGGING, OCTETS
 14 .comment      00000050  00000000  00000000  00031b6b  2**0
                  CONTENTS, READONLY
 15 .debug_frame  000012d4  00000000  00000000  00031bbc  2**2
                  CONTENTS, READONLY, DEBUGGING, OCTETS
 16 .debug_ranges 00000020  00000000  00000000  00032e90  2**3
                  CONTENTS, READONLY, DEBUGGING, OCTETS
arm-none-eabi-size main.elf
   text	   data	    bss	    dec	    hex	filename
  15144	   1280	   2380	  18804	   4974	main.elf
arm-none-eabi-objcopy -O ihex main.elf main.hex
arm-none-eabi-objcopy -O binary main.elf main.bin
11:59:04 **** Incremental Build of configuration Debug for project nucleoF411_base ****
make -j12 all 
arm-none-eabi-gcc -std=c99 -ISTM32F4xx_HAL_Driver/inc/ -Iinclude/ -Imbed_shield/inc/ -I. -g -D__DEBUG__ -O0 -Wall -march=armv7e-m -mfloat-abi=hard -mcpu=cortex-m4 -mfpu=fpv4-sp-d16 -mthumb -DSTM32F411xE -Wextra -Warray-bounds -Wno-unused-parameter -fomit-frame-pointer -MD -MP -MF .dep/main.o.d   -c -o src/main.o src/main.c
src/main.c: In function 'main':
src/main.c:66:31: error: 'buf' undeclared (first use in this function)
   66 |  HAL_UART_Receive_IT(&huart2, buf, 1);
      |                               ^~~
src/main.c:66:31: note: each undeclared identifier is reported only once for each function it appears in
src/main.c:73:24: warning: pointer targets in passing argument 2 of 'uart_printf' differ in signedness [-Wpointer-sign]
   73 |   uart_printf(&huart2, "Lumière (LUX): %d\n", data);
      |                        ^~~~~~~~~~~~~~~~~~~~~
      |                        |
      |                        char *
In file included from src/main.c:5:
STM32F4xx_HAL_Driver/inc/stm32f4xx_hal_uart.h:51:60: note: expected 'const uint8_t *' {aka 'const unsigned char *'} but argument is of type 'char *'
   51 | void uart_printf(UART_HandleTypeDef *huart, const uint8_t* fmt, ...);
      |                                             ~~~~~~~~~~~~~~~^~~
make: *** [<builtin>: src/main.o] Error 1
"make -j12 all" terminated with exit code 2. Build might be incomplete.
11:59:27 **** Incremental Build of configuration Debug for project nucleoF411_base ****
make -j12 all 
arm-none-eabi-gcc -std=c99 -ISTM32F4xx_HAL_Driver/inc/ -Iinclude/ -Imbed_shield/inc/ -I. -g -D__DEBUG__ -O0 -Wall -march=armv7e-m -mfloat-abi=hard -mcpu=cortex-m4 -mfpu=fpv4-sp-d16 -mthumb -DSTM32F411xE -Wextra -Warray-bounds -Wno-unused-parameter -fomit-frame-pointer -MD -MP -MF .dep/main.o.d   -c -o src/main.o src/main.c
src/main.c: In function 'main':
src/main.c:67:31: warning: pointer targets in passing argument 2 of 'HAL_UART_Receive_IT' differ in signedness [-Wpointer-sign]
   67 |  HAL_UART_Receive_IT(&huart2, buf, 1);
      |                               ^~~
      |                               |
      |                               char *
In file included from src/main.c:5:
STM32F4xx_HAL_Driver/inc/stm32f4xx_hal_uart.h:47:61: note: expected 'uint8_t *' {aka 'unsigned char *'} but argument is of type 'char *'
   47 | int HAL_UART_Receive_IT(UART_HandleTypeDef *huart, uint8_t *pData, uint16_t Size);
      |                                                    ~~~~~~~~~^~~~~
src/main.c:74:24: warning: pointer targets in passing argument 2 of 'uart_printf' differ in signedness [-Wpointer-sign]
   74 |   uart_printf(&huart2, "Lumière (LUX): %d\n", data);
      |                        ^~~~~~~~~~~~~~~~~~~~~
      |                        |
      |                        char *
In file included from src/main.c:5:
STM32F4xx_HAL_Driver/inc/stm32f4xx_hal_uart.h:51:60: note: expected 'const uint8_t *' {aka 'const unsigned char *'} but argument is of type 'char *'
   51 | void uart_printf(UART_HandleTypeDef *huart, const uint8_t* fmt, ...);
      |                                             ~~~~~~~~~~~~~~~^~~
arm-none-eabi-gcc -o main.elf startup/stm32f411_periph.o startup/sys_handlers.o startup/system_stm32f4xx.o STM32F4xx_HAL_Driver/src/stm32f4xx_ll_rcc.o STM32F4xx_HAL_Driver/src/stm32f4xx_hal_i2c.o STM32F4xx_HAL_Driver/src/util.o STM32F4xx_HAL_Driver/src/stm32f4xx_hal.o STM32F4xx_HAL_Driver/src/stm32f4xx_hal_cortex.o STM32F4xx_HAL_Driver/src/stm32f4xx_hal_uart.o STM32F4xx_HAL_Driver/src/stm32f4xx_hal_gpio.o STM32F4xx_HAL_Driver/src/stm32f4xx_hal_tim.o STM32F4xx_HAL_Driver/src/stm32f4xx_hal_spi.o mbed_shield/src/leds.o mbed_shield/src/sw.o mbed_shield/src/lm75.o mbed_shield/src/lcd_128x32.o TSL2561/src/opto.o src/stm32f4xx_hal_msp.o src/stm32f4xx_it.o src/main.o startup/startup_stm32f411xe.o -march=armv7e-m -mfloat-abi=hard -mcpu=cortex-m4 -mfpu=fpv4-sp-d16 -mthumb -DSTM32F411xE -Tconfig/STM32F411RE_FLASH.lds -lc -lgcc -lgcov -lm -Wl,-Map=main.elf.map,--gc-sections   
arm-none-eabi-objdump -h main.elf

main.elf:     file format elf32-littlearm

Sections:
Idx Name          Size      VMA       LMA       File off  Algn
  0 .isr_vector   00000198  08000000  08000000  00010000  2**0
                  CONTENTS, ALLOC, LOAD, READONLY, DATA
  1 .text         00003120  08000198  08000198  00010198  2**3
                  CONTENTS, ALLOC, LOAD, READONLY, CODE
  2 .rodata       000008a8  080032b8  080032b8  000132b8  2**2
                  CONTENTS, ALLOC, LOAD, READONLY, DATA
  3 .init_array   00000008  08003b60  08003b60  00013b60  2**2
                  CONTENTS, ALLOC, LOAD, DATA
  4 .fini_array   00000004  08003b68  08003b68  00013b68  2**2
                  CONTENTS, ALLOC, LOAD, DATA
  5 .data         000004f4  20000000  08003b6c  00020000  2**3
                  CONTENTS, ALLOC, LOAD, DATA
  6 .bss          00000358  200004f4  08004060  000204f4  2**2
                  ALLOC
  7 ._user_heap_stack 00000600  2000084c  08004060  0002084c  2**0
                  ALLOC
  8 .ARM.attributes 00000030  00000000  00000000  000204f4  2**0
                  CONTENTS, READONLY
  9 .debug_info   0000908c  00000000  00000000  00020524  2**0
                  CONTENTS, READONLY, DEBUGGING, OCTETS
 10 .debug_abbrev 00001cd0  00000000  00000000  000295b0  2**0
                  CONTENTS, READONLY, DEBUGGING, OCTETS
 11 .debug_aranges 00000240  00000000  00000000  0002b280  2**3
                  CONTENTS, READONLY, DEBUGGING, OCTETS
 12 .debug_line   00004250  00000000  00000000  0002b4c0  2**0
                  CONTENTS, READONLY, DEBUGGING, OCTETS
 13 .debug_str    000024be  00000000  00000000  0002f710  2**0
                  CONTENTS, READONLY, DEBUGGING, OCTETS
 14 .comment      00000050  00000000  00000000  00031bce  2**0
                  CONTENTS, READONLY
 15 .debug_frame  000012d4  00000000  00000000  00031c20  2**2
                  CONTENTS, READONLY, DEBUGGING, OCTETS
 16 .debug_ranges 00000020  00000000  00000000  00032ef8  2**3
                  CONTENTS, READONLY, DEBUGGING, OCTETS
arm-none-eabi-size main.elf
   text	   data	    bss	    dec	    hex	filename
  15200	   1280	   2392	  18872	   49b8	main.elf
arm-none-eabi-objcopy -O ihex main.elf main.hex
arm-none-eabi-objcopy -O binary main.elf main.bin
12:04:11 **** Incremental Build of configuration Debug for project nucleoF411_base ****
make -j12 all 
arm-none-eabi-gcc -std=c99 -ISTM32F4xx_HAL_Driver/inc/ -Iinclude/ -Imbed_shield/inc/ -I. -g -D__DEBUG__ -O0 -Wall -march=armv7e-m -mfloat-abi=hard -mcpu=cortex-m4 -mfpu=fpv4-sp-d16 -mthumb -DSTM32F411xE -Wextra -Warray-bounds -Wno-unused-parameter -fomit-frame-pointer -MD -MP -MF .dep/opto.o.d   -c -o TSL2561/src/opto.o TSL2561/src/opto.c
arm-none-eabi-gcc -std=c99 -ISTM32F4xx_HAL_Driver/inc/ -Iinclude/ -Imbed_shield/inc/ -I. -g -D__DEBUG__ -O0 -Wall -march=armv7e-m -mfloat-abi=hard -mcpu=cortex-m4 -mfpu=fpv4-sp-d16 -mthumb -DSTM32F411xE -Wextra -Warray-bounds -Wno-unused-parameter -fomit-frame-pointer -MD -MP -MF .dep/main.o.d   -c -o src/main.o src/main.c
src/main.c: In function 'main':
src/main.c:67:31: warning: pointer targets in passing argument 2 of 'HAL_UART_Receive_IT' differ in signedness [-Wpointer-sign]
   67 |  HAL_UART_Receive_IT(&huart2, buf, 1);
      |                               ^~~
      |                               |
      |                               char *
In file included from src/main.c:5:
STM32F4xx_HAL_Driver/inc/stm32f4xx_hal_uart.h:47:61: note: expected 'uint8_t *' {aka 'unsigned char *'} but argument is of type 'char *'
   47 | int HAL_UART_Receive_IT(UART_HandleTypeDef *huart, uint8_t *pData, uint16_t Size);
      |                                                    ~~~~~~~~~^~~~~
src/main.c:73:14: error: 'opto' undeclared (first use in this function)
   73 |   opto_read(&opto);
      |              ^~~~
src/main.c:73:14: note: each undeclared identifier is reported only once for each function it appears in
src/main.c:74:3: error: 'lux' undeclared (first use in this function)
   74 |   lux=(float)opto;
      |   ^~~
src/main.c:76:48: error: 'data' undeclared (first use in this function)
   76 |   uart_printf(&huart2, "Lumière (LUX): %f\n", data);
      |                                               ^~~~
src/main.c:76:24: warning: pointer targets in passing argument 2 of 'uart_printf' differ in signedness [-Wpointer-sign]
   76 |   uart_printf(&huart2, "Lumière (LUX): %f\n", data);
      |                        ^~~~~~~~~~~~~~~~~~~~~
      |                        |
      |                        char *
In file included from src/main.c:5:
STM32F4xx_HAL_Driver/inc/stm32f4xx_hal_uart.h:51:60: note: expected 'const uint8_t *' {aka 'const unsigned char *'} but argument is of type 'char *'
   51 | void uart_printf(UART_HandleTypeDef *huart, const uint8_t* fmt, ...);
      |                                             ~~~~~~~~~~~~~~~^~~
make: *** [<builtin>: src/main.o] Error 1
"make -j12 all" terminated with exit code 2. Build might be incomplete.
12:04:28 **** Incremental Build of configuration Debug for project nucleoF411_base ****
make -j12 all 
arm-none-eabi-gcc -std=c99 -ISTM32F4xx_HAL_Driver/inc/ -Iinclude/ -Imbed_shield/inc/ -I. -g -D__DEBUG__ -O0 -Wall -march=armv7e-m -mfloat-abi=hard -mcpu=cortex-m4 -mfpu=fpv4-sp-d16 -mthumb -DSTM32F411xE -Wextra -Warray-bounds -Wno-unused-parameter -fomit-frame-pointer -MD -MP -MF .dep/main.o.d   -c -o src/main.o src/main.c
src/main.c: In function 'main':
src/main.c:67:31: warning: pointer targets in passing argument 2 of 'HAL_UART_Receive_IT' differ in signedness [-Wpointer-sign]
   67 |  HAL_UART_Receive_IT(&huart2, buf, 1);
      |                               ^~~
      |                               |
      |                               char *
In file included from src/main.c:5:
STM32F4xx_HAL_Driver/inc/stm32f4xx_hal_uart.h:47:61: note: expected 'uint8_t *' {aka 'unsigned char *'} but argument is of type 'char *'
   47 | int HAL_UART_Receive_IT(UART_HandleTypeDef *huart, uint8_t *pData, uint16_t Size);
      |                                                    ~~~~~~~~~^~~~~
src/main.c:73:14: error: 'opto' undeclared (first use in this function)
   73 |   opto_read(&opto);
      |              ^~~~
src/main.c:73:14: note: each undeclared identifier is reported only once for each function it appears in
src/main.c:74:3: error: 'lux' undeclared (first use in this function)
   74 |   lux=(float)opto;
      |   ^~~
src/main.c:76:24: warning: pointer targets in passing argument 2 of 'uart_printf' differ in signedness [-Wpointer-sign]
   76 |   uart_printf(&huart2, "Lumière (LUX): %f\n", lux);
      |                        ^~~~~~~~~~~~~~~~~~~~~
      |                        |
      |                        char *
In file included from src/main.c:5:
STM32F4xx_HAL_Driver/inc/stm32f4xx_hal_uart.h:51:60: note: expected 'const uint8_t *' {aka 'const unsigned char *'} but argument is of type 'char *'
   51 | void uart_printf(UART_HandleTypeDef *huart, const uint8_t* fmt, ...);
      |                                             ~~~~~~~~~~~~~~~^~~
make: *** [<builtin>: src/main.o] Error 1
"make -j12 all" terminated with exit code 2. Build might be incomplete.
12:05:02 **** Incremental Build of configuration Debug for project nucleoF411_base ****
make -j12 all 
arm-none-eabi-gcc -std=c99 -ISTM32F4xx_HAL_Driver/inc/ -Iinclude/ -Imbed_shield/inc/ -I. -g -D__DEBUG__ -O0 -Wall -march=armv7e-m -mfloat-abi=hard -mcpu=cortex-m4 -mfpu=fpv4-sp-d16 -mthumb -DSTM32F411xE -Wextra -Warray-bounds -Wno-unused-parameter -fomit-frame-pointer -MD -MP -MF .dep/main.o.d   -c -o src/main.o src/main.c
src/main.c: In function 'main':
src/main.c:67:31: warning: pointer targets in passing argument 2 of 'HAL_UART_Receive_IT' differ in signedness [-Wpointer-sign]
   67 |  HAL_UART_Receive_IT(&huart2, buf, 1);
      |                               ^~~
      |                               |
      |                               char *
In file included from src/main.c:5:
STM32F4xx_HAL_Driver/inc/stm32f4xx_hal_uart.h:47:61: note: expected 'uint8_t *' {aka 'unsigned char *'} but argument is of type 'char *'
   47 | int HAL_UART_Receive_IT(UART_HandleTypeDef *huart, uint8_t *pData, uint16_t Size);
      |                                                    ~~~~~~~~~^~~~~
src/main.c:74:2: error: expected ',' or ';' before 'while'
   74 |  while (1)
      |  ^~~~~
src/main.c:72:8: warning: unused variable 'lux' [-Wunused-variable]
   72 |  float lux=0.0
      |        ^~~
src/main.c:71:6: warning: unused variable 'opto' [-Wunused-variable]
   71 |  int opto = 0;
      |      ^~~~
make: *** [<builtin>: src/main.o] Error 1
"make -j12 all" terminated with exit code 2. Build might be incomplete.
12:05:11 **** Incremental Build of configuration Debug for project nucleoF411_base ****
make -j12 all 
arm-none-eabi-gcc -std=c99 -ISTM32F4xx_HAL_Driver/inc/ -Iinclude/ -Imbed_shield/inc/ -I. -g -D__DEBUG__ -O0 -Wall -march=armv7e-m -mfloat-abi=hard -mcpu=cortex-m4 -mfpu=fpv4-sp-d16 -mthumb -DSTM32F411xE -Wextra -Warray-bounds -Wno-unused-parameter -fomit-frame-pointer -MD -MP -MF .dep/main.o.d   -c -o src/main.o src/main.c
src/main.c: In function 'main':
src/main.c:67:31: warning: pointer targets in passing argument 2 of 'HAL_UART_Receive_IT' differ in signedness [-Wpointer-sign]
   67 |  HAL_UART_Receive_IT(&huart2, buf, 1);
      |                               ^~~
      |                               |
      |                               char *
In file included from src/main.c:5:
STM32F4xx_HAL_Driver/inc/stm32f4xx_hal_uart.h:47:61: note: expected 'uint8_t *' {aka 'unsigned char *'} but argument is of type 'char *'
   47 | int HAL_UART_Receive_IT(UART_HandleTypeDef *huart, uint8_t *pData, uint16_t Size);
      |                                                    ~~~~~~~~~^~~~~
src/main.c:79:24: warning: pointer targets in passing argument 2 of 'uart_printf' differ in signedness [-Wpointer-sign]
   79 |   uart_printf(&huart2, "Lumière (LUX): %f\n", lux);
      |                        ^~~~~~~~~~~~~~~~~~~~~
      |                        |
      |                        char *
In file included from src/main.c:5:
STM32F4xx_HAL_Driver/inc/stm32f4xx_hal_uart.h:51:60: note: expected 'const uint8_t *' {aka 'const unsigned char *'} but argument is of type 'char *'
   51 | void uart_printf(UART_HandleTypeDef *huart, const uint8_t* fmt, ...);
      |                                             ~~~~~~~~~~~~~~~^~~
arm-none-eabi-gcc -o main.elf startup/stm32f411_periph.o startup/sys_handlers.o startup/system_stm32f4xx.o STM32F4xx_HAL_Driver/src/stm32f4xx_ll_rcc.o STM32F4xx_HAL_Driver/src/stm32f4xx_hal_i2c.o STM32F4xx_HAL_Driver/src/util.o STM32F4xx_HAL_Driver/src/stm32f4xx_hal.o STM32F4xx_HAL_Driver/src/stm32f4xx_hal_cortex.o STM32F4xx_HAL_Driver/src/stm32f4xx_hal_uart.o STM32F4xx_HAL_Driver/src/stm32f4xx_hal_gpio.o STM32F4xx_HAL_Driver/src/stm32f4xx_hal_tim.o STM32F4xx_HAL_Driver/src/stm32f4xx_hal_spi.o mbed_shield/src/leds.o mbed_shield/src/sw.o mbed_shield/src/lm75.o mbed_shield/src/lcd_128x32.o TSL2561/src/opto.o src/stm32f4xx_hal_msp.o src/stm32f4xx_it.o src/main.o startup/startup_stm32f411xe.o -march=armv7e-m -mfloat-abi=hard -mcpu=cortex-m4 -mfpu=fpv4-sp-d16 -mthumb -DSTM32F411xE -Tconfig/STM32F411RE_FLASH.lds -lc -lgcc -lgcov -lm -Wl,-Map=main.elf.map,--gc-sections   
arm-none-eabi-objdump -h main.elf

main.elf:     file format elf32-littlearm

Sections:
Idx Name          Size      VMA       LMA       File off  Algn
  0 .isr_vector   00000198  08000000  08000000  00010000  2**0
                  CONTENTS, ALLOC, LOAD, READONLY, DATA
  1 .text         00003140  08000198  08000198  00010198  2**3
                  CONTENTS, ALLOC, LOAD, READONLY, CODE
  2 .rodata       000008a8  080032d8  080032d8  000132d8  2**2
                  CONTENTS, ALLOC, LOAD, READONLY, DATA
  3 .init_array   00000008  08003b80  08003b80  00013b80  2**2
                  CONTENTS, ALLOC, LOAD, DATA
  4 .fini_array   00000004  08003b88  08003b88  00013b88  2**2
                  CONTENTS, ALLOC, LOAD, DATA
  5 .data         000004f4  20000000  08003b8c  00020000  2**3
                  CONTENTS, ALLOC, LOAD, DATA
  6 .bss          00000358  200004f4  08004080  000204f4  2**2
                  ALLOC
  7 ._user_heap_stack 00000600  2000084c  08004080  0002084c  2**0
                  ALLOC
  8 .ARM.attributes 00000030  00000000  00000000  000204f4  2**0
                  CONTENTS, READONLY
  9 .debug_info   000090ae  00000000  00000000  00020524  2**0
                  CONTENTS, READONLY, DEBUGGING, OCTETS
 10 .debug_abbrev 00001cd8  00000000  00000000  000295d2  2**0
                  CONTENTS, READONLY, DEBUGGING, OCTETS
 11 .debug_aranges 00000240  00000000  00000000  0002b2b0  2**3
                  CONTENTS, READONLY, DEBUGGING, OCTETS
 12 .debug_line   00004269  00000000  00000000  0002b4f0  2**0
                  CONTENTS, READONLY, DEBUGGING, OCTETS
 13 .debug_str    000024c3  00000000  00000000  0002f759  2**0
                  CONTENTS, READONLY, DEBUGGING, OCTETS
 14 .comment      00000050  00000000  00000000  00031c1c  2**0
                  CONTENTS, READONLY
 15 .debug_frame  000012d4  00000000  00000000  00031c6c  2**2
                  CONTENTS, READONLY, DEBUGGING, OCTETS
 16 .debug_ranges 00000020  00000000  00000000  00032f40  2**3
                  CONTENTS, READONLY, DEBUGGING, OCTETS
arm-none-eabi-size main.elf
   text	   data	    bss	    dec	    hex	filename
  15232	   1280	   2392	  18904	   49d8	main.elf
arm-none-eabi-objcopy -O ihex main.elf main.hex
arm-none-eabi-objcopy -O binary main.elf main.bin
12:06:25 **** Incremental Build of configuration Debug for project nucleoF411_base ****
make -j12 all 
arm-none-eabi-gcc -std=c99 -ISTM32F4xx_HAL_Driver/inc/ -Iinclude/ -Imbed_shield/inc/ -I. -g -D__DEBUG__ -O0 -Wall -march=armv7e-m -mfloat-abi=hard -mcpu=cortex-m4 -mfpu=fpv4-sp-d16 -mthumb -DSTM32F411xE -Wextra -Warray-bounds -Wno-unused-parameter -fomit-frame-pointer -MD -MP -MF .dep/main.o.d   -c -o src/main.o src/main.c
src/main.c: In function 'main':
src/main.c:67:31: warning: pointer targets in passing argument 2 of 'HAL_UART_Receive_IT' differ in signedness [-Wpointer-sign]
   67 |  HAL_UART_Receive_IT(&huart2, buf, 1);
      |                               ^~~
      |                               |
      |                               char *
In file included from src/main.c:5:
STM32F4xx_HAL_Driver/inc/stm32f4xx_hal_uart.h:47:61: note: expected 'uint8_t *' {aka 'unsigned char *'} but argument is of type 'char *'
   47 | int HAL_UART_Receive_IT(UART_HandleTypeDef *huart, uint8_t *pData, uint16_t Size);
      |                                                    ~~~~~~~~~^~~~~
src/main.c:79:24: warning: pointer targets in passing argument 2 of 'uart_printf' differ in signedness [-Wpointer-sign]
   79 |   uart_printf(&huart2, "Lumière (LUX): %f\n", lux);
      |                        ^~~~~~~~~~~~~~~~~~~~~
      |                        |
      |                        char *
In file included from src/main.c:5:
STM32F4xx_HAL_Driver/inc/stm32f4xx_hal_uart.h:51:60: note: expected 'const uint8_t *' {aka 'const unsigned char *'} but argument is of type 'char *'
   51 | void uart_printf(UART_HandleTypeDef *huart, const uint8_t* fmt, ...);
      |                                             ~~~~~~~~~~~~~~~^~~
arm-none-eabi-gcc -o main.elf startup/stm32f411_periph.o startup/sys_handlers.o startup/system_stm32f4xx.o STM32F4xx_HAL_Driver/src/stm32f4xx_ll_rcc.o STM32F4xx_HAL_Driver/src/stm32f4xx_hal_i2c.o STM32F4xx_HAL_Driver/src/util.o STM32F4xx_HAL_Driver/src/stm32f4xx_hal.o STM32F4xx_HAL_Driver/src/stm32f4xx_hal_cortex.o STM32F4xx_HAL_Driver/src/stm32f4xx_hal_uart.o STM32F4xx_HAL_Driver/src/stm32f4xx_hal_gpio.o STM32F4xx_HAL_Driver/src/stm32f4xx_hal_tim.o STM32F4xx_HAL_Driver/src/stm32f4xx_hal_spi.o mbed_shield/src/leds.o mbed_shield/src/sw.o mbed_shield/src/lm75.o mbed_shield/src/lcd_128x32.o TSL2561/src/opto.o src/stm32f4xx_hal_msp.o src/stm32f4xx_it.o src/main.o startup/startup_stm32f411xe.o -march=armv7e-m -mfloat-abi=hard -mcpu=cortex-m4 -mfpu=fpv4-sp-d16 -mthumb -DSTM32F411xE -Tconfig/STM32F411RE_FLASH.lds -lc -lgcc -lgcov -lm -Wl,-Map=main.elf.map,--gc-sections   
arm-none-eabi-objdump -h main.elf

main.elf:     file format elf32-littlearm

Sections:
Idx Name          Size      VMA       LMA       File off  Algn
  0 .isr_vector   00000198  08000000  08000000  00010000  2**0
                  CONTENTS, ALLOC, LOAD, READONLY, DATA
  1 .text         00003140  08000198  08000198  00010198  2**3
                  CONTENTS, ALLOC, LOAD, READONLY, CODE
  2 .rodata       000008a8  080032d8  080032d8  000132d8  2**2
                  CONTENTS, ALLOC, LOAD, READONLY, DATA
  3 .init_array   00000008  08003b80  08003b80  00013b80  2**2
                  CONTENTS, ALLOC, LOAD, DATA
  4 .fini_array   00000004  08003b88  08003b88  00013b88  2**2
                  CONTENTS, ALLOC, LOAD, DATA
  5 .data         000004f4  20000000  08003b8c  00020000  2**3
                  CONTENTS, ALLOC, LOAD, DATA
  6 .bss          00000358  200004f4  08004080  000204f4  2**2
                  ALLOC
  7 ._user_heap_stack 00000600  2000084c  08004080  0002084c  2**0
                  ALLOC
  8 .ARM.attributes 00000030  00000000  00000000  000204f4  2**0
                  CONTENTS, READONLY
  9 .debug_info   000090ae  00000000  00000000  00020524  2**0
                  CONTENTS, READONLY, DEBUGGING, OCTETS
 10 .debug_abbrev 00001cd8  00000000  00000000  000295d2  2**0
                  CONTENTS, READONLY, DEBUGGING, OCTETS
 11 .debug_aranges 00000240  00000000  00000000  0002b2b0  2**3
                  CONTENTS, READONLY, DEBUGGING, OCTETS
 12 .debug_line   00004269  00000000  00000000  0002b4f0  2**0
                  CONTENTS, READONLY, DEBUGGING, OCTETS
 13 .debug_str    000024c3  00000000  00000000  0002f759  2**0
                  CONTENTS, READONLY, DEBUGGING, OCTETS
 14 .comment      00000050  00000000  00000000  00031c1c  2**0
                  CONTENTS, READONLY
 15 .debug_frame  000012d4  00000000  00000000  00031c6c  2**2
                  CONTENTS, READONLY, DEBUGGING, OCTETS
 16 .debug_ranges 00000020  00000000  00000000  00032f40  2**3
                  CONTENTS, READONLY, DEBUGGING, OCTETS
arm-none-eabi-size main.elf
   text	   data	    bss	    dec	    hex	filename
  15232	   1280	   2392	  18904	   49d8	main.elf
arm-none-eabi-objcopy -O ihex main.elf main.hex
arm-none-eabi-objcopy -O binary main.elf main.bin
12:07:02 **** Incremental Build of configuration Debug for project nucleoF411_base ****
make -j12 all 
make: Nothing to be done for 'all'.
12:15:04 **** Incremental Build of configuration Debug for project nucleoF411_base ****
make -j12 all 
arm-none-eabi-gcc -std=c99 -ISTM32F4xx_HAL_Driver/inc/ -Iinclude/ -Imbed_shield/inc/ -I. -g -D__DEBUG__ -O0 -Wall -march=armv7e-m -mfloat-abi=hard -mcpu=cortex-m4 -mfpu=fpv4-sp-d16 -mthumb -DSTM32F411xE -Wextra -Warray-bounds -Wno-unused-parameter -fomit-frame-pointer -MD -MP -MF .dep/main.o.d   -c -o src/main.o src/main.c
src/main.c: In function 'main':
src/main.c:67:31: warning: pointer targets in passing argument 2 of 'HAL_UART_Receive_IT' differ in signedness [-Wpointer-sign]
   67 |  HAL_UART_Receive_IT(&huart2, buf, 1);
      |                               ^~~
      |                               |
      |                               char *
In file included from src/main.c:5:
STM32F4xx_HAL_Driver/inc/stm32f4xx_hal_uart.h:47:61: note: expected 'uint8_t *' {aka 'unsigned char *'} but argument is of type 'char *'
   47 | int HAL_UART_Receive_IT(UART_HandleTypeDef *huart, uint8_t *pData, uint16_t Size);
      |                                                    ~~~~~~~~~^~~~~
src/main.c:78:24: warning: pointer targets in passing argument 2 of 'uart_printf' differ in signedness [-Wpointer-sign]
   78 |   uart_printf(&huart2, "Lumière (LUX): %f\n", lux);
      |                        ^~~~~~~~~~~~~~~~~~~~~
      |                        |
      |                        char *
In file included from src/main.c:5:
STM32F4xx_HAL_Driver/inc/stm32f4xx_hal_uart.h:51:60: note: expected 'const uint8_t *' {aka 'const unsigned char *'} but argument is of type 'char *'
   51 | void uart_printf(UART_HandleTypeDef *huart, const uint8_t* fmt, ...);
      |                                             ~~~~~~~~~~~~~~~^~~
arm-none-eabi-gcc -o main.elf startup/stm32f411_periph.o startup/sys_handlers.o startup/system_stm32f4xx.o STM32F4xx_HAL_Driver/src/stm32f4xx_ll_rcc.o STM32F4xx_HAL_Driver/src/stm32f4xx_hal_i2c.o STM32F4xx_HAL_Driver/src/util.o STM32F4xx_HAL_Driver/src/stm32f4xx_hal.o STM32F4xx_HAL_Driver/src/stm32f4xx_hal_cortex.o STM32F4xx_HAL_Driver/src/stm32f4xx_hal_uart.o STM32F4xx_HAL_Driver/src/stm32f4xx_hal_gpio.o STM32F4xx_HAL_Driver/src/stm32f4xx_hal_tim.o STM32F4xx_HAL_Driver/src/stm32f4xx_hal_spi.o mbed_shield/src/leds.o mbed_shield/src/sw.o mbed_shield/src/lm75.o mbed_shield/src/lcd_128x32.o TSL2561/src/opto.o src/stm32f4xx_hal_msp.o src/stm32f4xx_it.o src/main.o startup/startup_stm32f411xe.o -march=armv7e-m -mfloat-abi=hard -mcpu=cortex-m4 -mfpu=fpv4-sp-d16 -mthumb -DSTM32F411xE -Tconfig/STM32F411RE_FLASH.lds -lc -lgcc -lgcov -lm -Wl,-Map=main.elf.map,--gc-sections   
arm-none-eabi-objdump -h main.elf

main.elf:     file format elf32-littlearm

Sections:
Idx Name          Size      VMA       LMA       File off  Algn
  0 .isr_vector   00000198  08000000  08000000  00010000  2**0
                  CONTENTS, ALLOC, LOAD, READONLY, DATA
  1 .text         00003148  08000198  08000198  00010198  2**3
                  CONTENTS, ALLOC, LOAD, READONLY, CODE
  2 .rodata       000008a8  080032e0  080032e0  000132e0  2**2
                  CONTENTS, ALLOC, LOAD, READONLY, DATA
  3 .init_array   00000008  08003b88  08003b88  00013b88  2**2
                  CONTENTS, ALLOC, LOAD, DATA
  4 .fini_array   00000004  08003b90  08003b90  00013b90  2**2
                  CONTENTS, ALLOC, LOAD, DATA
  5 .data         000004f4  20000000  08003b94  00020000  2**3
                  CONTENTS, ALLOC, LOAD, DATA
  6 .bss          00000358  200004f4  08004088  000204f4  2**2
                  ALLOC
  7 ._user_heap_stack 00000600  2000084c  08004088  0002084c  2**0
                  ALLOC
  8 .ARM.attributes 00000030  00000000  00000000  000204f4  2**0
                  CONTENTS, READONLY
  9 .debug_info   000090ae  00000000  00000000  00020524  2**0
                  CONTENTS, READONLY, DEBUGGING, OCTETS
 10 .debug_abbrev 00001cd8  00000000  00000000  000295d2  2**0
                  CONTENTS, READONLY, DEBUGGING, OCTETS
 11 .debug_aranges 00000240  00000000  00000000  0002b2b0  2**3
                  CONTENTS, READONLY, DEBUGGING, OCTETS
 12 .debug_line   00004250  00000000  00000000  0002b4f0  2**0
                  CONTENTS, READONLY, DEBUGGING, OCTETS
 13 .debug_str    000024c3  00000000  00000000  0002f740  2**0
                  CONTENTS, READONLY, DEBUGGING, OCTETS
 14 .comment      00000050  00000000  00000000  00031c03  2**0
                  CONTENTS, READONLY
 15 .debug_frame  000012d8  00000000  00000000  00031c54  2**2
                  CONTENTS, READONLY, DEBUGGING, OCTETS
 16 .debug_ranges 00000020  00000000  00000000  00032f30  2**3
                  CONTENTS, READONLY, DEBUGGING, OCTETS
arm-none-eabi-size main.elf
   text	   data	    bss	    dec	    hex	filename
  15240	   1280	   2392	  18912	   49e0	main.elf
arm-none-eabi-objcopy -O ihex main.elf main.hex
arm-none-eabi-objcopy -O binary main.elf main.bin
12:15:18 **** Incremental Build of configuration Debug for project nucleoF411_base ****
make -j12 all 
make: Nothing to be done for 'all'.
12:16:33 **** Incremental Build of configuration Debug for project nucleoF411_base ****
make -j12 all 
make: Nothing to be done for 'all'.
12:18:07 **** Incremental Build of configuration Debug for project nucleoF411_base ****
make -j12 all 
arm-none-eabi-gcc -std=c99 -ISTM32F4xx_HAL_Driver/inc/ -Iinclude/ -Imbed_shield/inc/ -I. -g -D__DEBUG__ -O0 -Wall -march=armv7e-m -mfloat-abi=hard -mcpu=cortex-m4 -mfpu=fpv4-sp-d16 -mthumb -DSTM32F411xE -Wextra -Warray-bounds -Wno-unused-parameter -fomit-frame-pointer -MD -MP -MF .dep/main.o.d   -c -o src/main.o src/main.c
src/main.c: In function 'main':
src/main.c:67:31: warning: pointer targets in passing argument 2 of 'HAL_UART_Receive_IT' differ in signedness [-Wpointer-sign]
   67 |  HAL_UART_Receive_IT(&huart2, buf, 1);
      |                               ^~~
      |                               |
      |                               char *
In file included from src/main.c:5:
STM32F4xx_HAL_Driver/inc/stm32f4xx_hal_uart.h:47:61: note: expected 'uint8_t *' {aka 'unsigned char *'} but argument is of type 'char *'
   47 | int HAL_UART_Receive_IT(UART_HandleTypeDef *huart, uint8_t *pData, uint16_t Size);
      |                                                    ~~~~~~~~~^~~~~
src/main.c:78:24: warning: pointer targets in passing argument 2 of 'uart_printf' differ in signedness [-Wpointer-sign]
   78 |   uart_printf(&huart2, "Lumière (LUX): %f\n", lux);
      |                        ^~~~~~~~~~~~~~~~~~~~~
      |                        |
      |                        char *
In file included from src/main.c:5:
STM32F4xx_HAL_Driver/inc/stm32f4xx_hal_uart.h:51:60: note: expected 'const uint8_t *' {aka 'const unsigned char *'} but argument is of type 'char *'
   51 | void uart_printf(UART_HandleTypeDef *huart, const uint8_t* fmt, ...);
      |                                             ~~~~~~~~~~~~~~~^~~
arm-none-eabi-gcc -o main.elf startup/stm32f411_periph.o startup/sys_handlers.o startup/system_stm32f4xx.o STM32F4xx_HAL_Driver/src/stm32f4xx_ll_rcc.o STM32F4xx_HAL_Driver/src/stm32f4xx_hal_i2c.o STM32F4xx_HAL_Driver/src/util.o STM32F4xx_HAL_Driver/src/stm32f4xx_hal.o STM32F4xx_HAL_Driver/src/stm32f4xx_hal_cortex.o STM32F4xx_HAL_Driver/src/stm32f4xx_hal_uart.o STM32F4xx_HAL_Driver/src/stm32f4xx_hal_gpio.o STM32F4xx_HAL_Driver/src/stm32f4xx_hal_tim.o STM32F4xx_HAL_Driver/src/stm32f4xx_hal_spi.o mbed_shield/src/leds.o mbed_shield/src/sw.o mbed_shield/src/lm75.o mbed_shield/src/lcd_128x32.o TSL2561/src/opto.o src/stm32f4xx_hal_msp.o src/stm32f4xx_it.o src/main.o startup/startup_stm32f411xe.o -march=armv7e-m -mfloat-abi=hard -mcpu=cortex-m4 -mfpu=fpv4-sp-d16 -mthumb -DSTM32F411xE -Tconfig/STM32F411RE_FLASH.lds -lc -lgcc -lgcov -lm -Wl,-Map=main.elf.map,--gc-sections   
arm-none-eabi-objdump -h main.elf

main.elf:     file format elf32-littlearm

Sections:
Idx Name          Size      VMA       LMA       File off  Algn
  0 .isr_vector   00000198  08000000  08000000  00010000  2**0
                  CONTENTS, ALLOC, LOAD, READONLY, DATA
  1 .text         00003130  08000198  08000198  00010198  2**3
                  CONTENTS, ALLOC, LOAD, READONLY, CODE
  2 .rodata       000008a8  080032c8  080032c8  000132c8  2**2
                  CONTENTS, ALLOC, LOAD, READONLY, DATA
  3 .init_array   00000008  08003b70  08003b70  00013b70  2**2
                  CONTENTS, ALLOC, LOAD, DATA
  4 .fini_array   00000004  08003b78  08003b78  00013b78  2**2
                  CONTENTS, ALLOC, LOAD, DATA
  5 .data         000004f4  20000000  08003b7c  00020000  2**3
                  CONTENTS, ALLOC, LOAD, DATA
  6 .bss          00000358  200004f4  08004070  000204f4  2**2
                  ALLOC
  7 ._user_heap_stack 00000600  2000084c  08004070  0002084c  2**0
                  ALLOC
  8 .ARM.attributes 00000030  00000000  00000000  000204f4  2**0
                  CONTENTS, READONLY
  9 .debug_info   000090ae  00000000  00000000  00020524  2**0
                  CONTENTS, READONLY, DEBUGGING, OCTETS
 10 .debug_abbrev 00001cd8  00000000  00000000  000295d2  2**0
                  CONTENTS, READONLY, DEBUGGING, OCTETS
 11 .debug_aranges 00000240  00000000  00000000  0002b2b0  2**3
                  CONTENTS, READONLY, DEBUGGING, OCTETS
 12 .debug_line   00004264  00000000  00000000  0002b4f0  2**0
                  CONTENTS, READONLY, DEBUGGING, OCTETS
 13 .debug_str    000024c3  00000000  00000000  0002f754  2**0
                  CONTENTS, READONLY, DEBUGGING, OCTETS
 14 .comment      00000050  00000000  00000000  00031c17  2**0
                  CONTENTS, READONLY
 15 .debug_frame  000012d4  00000000  00000000  00031c68  2**2
                  CONTENTS, READONLY, DEBUGGING, OCTETS
 16 .debug_ranges 00000020  00000000  00000000  00032f40  2**3
                  CONTENTS, READONLY, DEBUGGING, OCTETS
arm-none-eabi-size main.elf
   text	   data	    bss	    dec	    hex	filename
  15216	   1280	   2392	  18888	   49c8	main.elf
arm-none-eabi-objcopy -O ihex main.elf main.hex
arm-none-eabi-objcopy -O binary main.elf main.bin
12:18:38 **** Incremental Build of configuration Debug for project nucleoF411_base ****
make -j12 all 
make: Nothing to be done for 'all'.
12:18:59 **** Incremental Build of configuration Debug for project nucleoF411_base ****
make -j12 all 
make: Nothing to be done for 'all'.
12:22:12 **** Incremental Build of configuration Debug for project nucleoF411_base ****
make -j12 all 
arm-none-eabi-gcc -std=c99 -ISTM32F4xx_HAL_Driver/inc/ -Iinclude/ -Imbed_shield/inc/ -I. -g -D__DEBUG__ -O0 -Wall -march=armv7e-m -mfloat-abi=hard -mcpu=cortex-m4 -mfpu=fpv4-sp-d16 -mthumb -DSTM32F411xE -Wextra -Warray-bounds -Wno-unused-parameter -fomit-frame-pointer -MD -MP -MF .dep/opto.o.d   -c -o TSL2561/src/opto.o TSL2561/src/opto.c
arm-none-eabi-gcc -o main.elf startup/stm32f411_periph.o startup/sys_handlers.o startup/system_stm32f4xx.o STM32F4xx_HAL_Driver/src/stm32f4xx_ll_rcc.o STM32F4xx_HAL_Driver/src/stm32f4xx_hal_i2c.o STM32F4xx_HAL_Driver/src/util.o STM32F4xx_HAL_Driver/src/stm32f4xx_hal.o STM32F4xx_HAL_Driver/src/stm32f4xx_hal_cortex.o STM32F4xx_HAL_Driver/src/stm32f4xx_hal_uart.o STM32F4xx_HAL_Driver/src/stm32f4xx_hal_gpio.o STM32F4xx_HAL_Driver/src/stm32f4xx_hal_tim.o STM32F4xx_HAL_Driver/src/stm32f4xx_hal_spi.o mbed_shield/src/leds.o mbed_shield/src/sw.o mbed_shield/src/lm75.o mbed_shield/src/lcd_128x32.o TSL2561/src/opto.o src/stm32f4xx_hal_msp.o src/stm32f4xx_it.o src/main.o startup/startup_stm32f411xe.o -march=armv7e-m -mfloat-abi=hard -mcpu=cortex-m4 -mfpu=fpv4-sp-d16 -mthumb -DSTM32F411xE -Tconfig/STM32F411RE_FLASH.lds -lc -lgcc -lgcov -lm -Wl,-Map=main.elf.map,--gc-sections   
arm-none-eabi-objdump -h main.elf

main.elf:     file format elf32-littlearm

Sections:
Idx Name          Size      VMA       LMA       File off  Algn
  0 .isr_vector   00000198  08000000  08000000  00010000  2**0
                  CONTENTS, ALLOC, LOAD, READONLY, DATA
  1 .text         00003130  08000198  08000198  00010198  2**3
                  CONTENTS, ALLOC, LOAD, READONLY, CODE
  2 .rodata       000008a8  080032c8  080032c8  000132c8  2**2
                  CONTENTS, ALLOC, LOAD, READONLY, DATA
  3 .init_array   00000008  08003b70  08003b70  00013b70  2**2
                  CONTENTS, ALLOC, LOAD, DATA
  4 .fini_array   00000004  08003b78  08003b78  00013b78  2**2
                  CONTENTS, ALLOC, LOAD, DATA
  5 .data         000004f4  20000000  08003b7c  00020000  2**3
                  CONTENTS, ALLOC, LOAD, DATA
  6 .bss          00000358  200004f4  08004070  000204f4  2**2
                  ALLOC
  7 ._user_heap_stack 00000600  2000084c  08004070  0002084c  2**0
                  ALLOC
  8 .ARM.attributes 00000030  00000000  00000000  000204f4  2**0
                  CONTENTS, READONLY
  9 .debug_info   000090ae  00000000  00000000  00020524  2**0
                  CONTENTS, READONLY, DEBUGGING, OCTETS
 10 .debug_abbrev 00001cd8  00000000  00000000  000295d2  2**0
                  CONTENTS, READONLY, DEBUGGING, OCTETS
 11 .debug_aranges 00000240  00000000  00000000  0002b2b0  2**3
                  CONTENTS, READONLY, DEBUGGING, OCTETS
 12 .debug_line   00004264  00000000  00000000  0002b4f0  2**0
                  CONTENTS, READONLY, DEBUGGING, OCTETS
 13 .debug_str    000024c3  00000000  00000000  0002f754  2**0
                  CONTENTS, READONLY, DEBUGGING, OCTETS
 14 .comment      00000050  00000000  00000000  00031c17  2**0
                  CONTENTS, READONLY
 15 .debug_frame  000012d4  00000000  00000000  00031c68  2**2
                  CONTENTS, READONLY, DEBUGGING, OCTETS
 16 .debug_ranges 00000020  00000000  00000000  00032f40  2**3
                  CONTENTS, READONLY, DEBUGGING, OCTETS
arm-none-eabi-size main.elf
   text	   data	    bss	    dec	    hex	filename
  15216	   1280	   2392	  18888	   49c8	main.elf
arm-none-eabi-objcopy -O ihex main.elf main.hex
arm-none-eabi-objcopy -O binary main.elf main.bin
12:22:35 **** Incremental Build of configuration Debug for project nucleoF411_base ****
make -j12 all 
make: Nothing to be done for 'all'.
12:23:17 **** Incremental Build of configuration Debug for project nucleoF411_base ****
make -j12 all 
arm-none-eabi-gcc -std=c99 -ISTM32F4xx_HAL_Driver/inc/ -Iinclude/ -Imbed_shield/inc/ -I. -g -D__DEBUG__ -O0 -Wall -march=armv7e-m -mfloat-abi=hard -mcpu=cortex-m4 -mfpu=fpv4-sp-d16 -mthumb -DSTM32F411xE -Wextra -Warray-bounds -Wno-unused-parameter -fomit-frame-pointer -MD -MP -MF .dep/opto.o.d   -c -o TSL2561/src/opto.o TSL2561/src/opto.c
arm-none-eabi-gcc -std=c99 -ISTM32F4xx_HAL_Driver/inc/ -Iinclude/ -Imbed_shield/inc/ -I. -g -D__DEBUG__ -O0 -Wall -march=armv7e-m -mfloat-abi=hard -mcpu=cortex-m4 -mfpu=fpv4-sp-d16 -mthumb -DSTM32F411xE -Wextra -Warray-bounds -Wno-unused-parameter -fomit-frame-pointer -MD -MP -MF .dep/main.o.d   -c -o src/main.o src/main.c
src/main.c: In function 'main':
src/main.c:67:31: warning: pointer targets in passing argument 2 of 'HAL_UART_Receive_IT' differ in signedness [-Wpointer-sign]
   67 |  HAL_UART_Receive_IT(&huart2, buf, 1);
      |                               ^~~
      |                               |
      |                               char *
In file included from src/main.c:5:
STM32F4xx_HAL_Driver/inc/stm32f4xx_hal_uart.h:47:61: note: expected 'uint8_t *' {aka 'unsigned char *'} but argument is of type 'char *'
   47 | int HAL_UART_Receive_IT(UART_HandleTypeDef *huart, uint8_t *pData, uint16_t Size);
      |                                                    ~~~~~~~~~^~~~~
src/main.c:78:24: warning: pointer targets in passing argument 2 of 'uart_printf' differ in signedness [-Wpointer-sign]
   78 |   uart_printf(&huart2, "Lumière (LUX): %f\n", lux);
      |                        ^~~~~~~~~~~~~~~~~~~~~
      |                        |
      |                        char *
In file included from src/main.c:5:
STM32F4xx_HAL_Driver/inc/stm32f4xx_hal_uart.h:51:60: note: expected 'const uint8_t *' {aka 'const unsigned char *'} but argument is of type 'char *'
   51 | void uart_printf(UART_HandleTypeDef *huart, const uint8_t* fmt, ...);
      |                                             ~~~~~~~~~~~~~~~^~~
arm-none-eabi-gcc -o main.elf startup/stm32f411_periph.o startup/sys_handlers.o startup/system_stm32f4xx.o STM32F4xx_HAL_Driver/src/stm32f4xx_ll_rcc.o STM32F4xx_HAL_Driver/src/stm32f4xx_hal_i2c.o STM32F4xx_HAL_Driver/src/util.o STM32F4xx_HAL_Driver/src/stm32f4xx_hal.o STM32F4xx_HAL_Driver/src/stm32f4xx_hal_cortex.o STM32F4xx_HAL_Driver/src/stm32f4xx_hal_uart.o STM32F4xx_HAL_Driver/src/stm32f4xx_hal_gpio.o STM32F4xx_HAL_Driver/src/stm32f4xx_hal_tim.o STM32F4xx_HAL_Driver/src/stm32f4xx_hal_spi.o mbed_shield/src/leds.o mbed_shield/src/sw.o mbed_shield/src/lm75.o mbed_shield/src/lcd_128x32.o TSL2561/src/opto.o src/stm32f4xx_hal_msp.o src/stm32f4xx_it.o src/main.o startup/startup_stm32f411xe.o -march=armv7e-m -mfloat-abi=hard -mcpu=cortex-m4 -mfpu=fpv4-sp-d16 -mthumb -DSTM32F411xE -Tconfig/STM32F411RE_FLASH.lds -lc -lgcc -lgcov -lm -Wl,-Map=main.elf.map,--gc-sections   
arm-none-eabi-objdump -h main.elf

main.elf:     file format elf32-littlearm

Sections:
Idx Name          Size      VMA       LMA       File off  Algn
  0 .isr_vector   00000198  08000000  08000000  00010000  2**0
                  CONTENTS, ALLOC, LOAD, READONLY, DATA
  1 .text         00003130  08000198  08000198  00010198  2**3
                  CONTENTS, ALLOC, LOAD, READONLY, CODE
  2 .rodata       000008a8  080032c8  080032c8  000132c8  2**2
                  CONTENTS, ALLOC, LOAD, READONLY, DATA
  3 .init_array   00000008  08003b70  08003b70  00013b70  2**2
                  CONTENTS, ALLOC, LOAD, DATA
  4 .fini_array   00000004  08003b78  08003b78  00013b78  2**2
                  CONTENTS, ALLOC, LOAD, DATA
  5 .data         000004f4  20000000  08003b7c  00020000  2**3
                  CONTENTS, ALLOC, LOAD, DATA
  6 .bss          00000358  200004f4  08004070  000204f4  2**2
                  ALLOC
  7 ._user_heap_stack 00000600  2000084c  08004070  0002084c  2**0
                  ALLOC
  8 .ARM.attributes 00000030  00000000  00000000  000204f4  2**0
                  CONTENTS, READONLY
  9 .debug_info   000090ae  00000000  00000000  00020524  2**0
                  CONTENTS, READONLY, DEBUGGING, OCTETS
 10 .debug_abbrev 00001cd8  00000000  00000000  000295d2  2**0
                  CONTENTS, READONLY, DEBUGGING, OCTETS
 11 .debug_aranges 00000240  00000000  00000000  0002b2b0  2**3
                  CONTENTS, READONLY, DEBUGGING, OCTETS
 12 .debug_line   00004264  00000000  00000000  0002b4f0  2**0
                  CONTENTS, READONLY, DEBUGGING, OCTETS
 13 .debug_str    000024c3  00000000  00000000  0002f754  2**0
                  CONTENTS, READONLY, DEBUGGING, OCTETS
 14 .comment      00000050  00000000  00000000  00031c17  2**0
                  CONTENTS, READONLY
 15 .debug_frame  000012d4  00000000  00000000  00031c68  2**2
                  CONTENTS, READONLY, DEBUGGING, OCTETS
 16 .debug_ranges 00000020  00000000  00000000  00032f40  2**3
                  CONTENTS, READONLY, DEBUGGING, OCTETS
arm-none-eabi-size main.elf
   text	   data	    bss	    dec	    hex	filename
  15216	   1280	   2392	  18888	   49c8	main.elf
arm-none-eabi-objcopy -O ihex main.elf main.hex
arm-none-eabi-objcopy -O binary main.elf main.bin
12:23:54 **** Incremental Build of configuration Debug for project nucleoF411_base ****
make -j12 all 
make: Nothing to be done for 'all'.
12:24:14 **** Incremental Build of configuration Debug for project nucleoF411_base ****
make -j12 all 
make: Nothing to be done for 'all'.
12:24:20 **** Incremental Build of configuration Debug for project nucleoF411_base ****
make -j12 all 
make: Nothing to be done for 'all'.
12:27:38 **** Incremental Build of configuration Debug for project nucleoF411_base ****
make -j12 all 
arm-none-eabi-gcc -std=c99 -ISTM32F4xx_HAL_Driver/inc/ -Iinclude/ -Imbed_shield/inc/ -I. -g -D__DEBUG__ -O0 -Wall -march=armv7e-m -mfloat-abi=hard -mcpu=cortex-m4 -mfpu=fpv4-sp-d16 -mthumb -DSTM32F411xE -Wextra -Warray-bounds -Wno-unused-parameter -fomit-frame-pointer -MD -MP -MF .dep/main.o.d   -c -o src/main.o src/main.c
src/main.c: In function 'main':
src/main.c:67:31: warning: pointer targets in passing argument 2 of 'HAL_UART_Receive_IT' differ in signedness [-Wpointer-sign]
   67 |  HAL_UART_Receive_IT(&huart2, buf, 1);
      |                               ^~~
      |                               |
      |                               char *
In file included from src/main.c:5:
STM32F4xx_HAL_Driver/inc/stm32f4xx_hal_uart.h:47:61: note: expected 'uint8_t *' {aka 'unsigned char *'} but argument is of type 'char *'
   47 | int HAL_UART_Receive_IT(UART_HandleTypeDef *huart, uint8_t *pData, uint16_t Size);
      |                                                    ~~~~~~~~~^~~~~
src/main.c:77:42: error: expected ';' before 'uart_printf'
   77 |   lux = (float)opto / 1.0 * 0.034 / 100.0
      |                                          ^
      |                                          ;
   78 |   uart_printf(&huart2, "Lumière (LUX): %f\n", lux);
      |   ~~~~~~~~~~~                             
src/main.c:72:8: warning: variable 'lux' set but not used [-Wunused-but-set-variable]
   72 |  float lux=0.0;
      |        ^~~
make: *** [<builtin>: src/main.o] Error 1
"make -j12 all" terminated with exit code 2. Build might be incomplete.
12:27:49 **** Incremental Build of configuration Debug for project nucleoF411_base ****
make -j12 all 
arm-none-eabi-gcc -std=c99 -ISTM32F4xx_HAL_Driver/inc/ -Iinclude/ -Imbed_shield/inc/ -I. -g -D__DEBUG__ -O0 -Wall -march=armv7e-m -mfloat-abi=hard -mcpu=cortex-m4 -mfpu=fpv4-sp-d16 -mthumb -DSTM32F411xE -Wextra -Warray-bounds -Wno-unused-parameter -fomit-frame-pointer -MD -MP -MF .dep/main.o.d   -c -o src/main.o src/main.c
src/main.c: In function 'main':
src/main.c:67:31: warning: pointer targets in passing argument 2 of 'HAL_UART_Receive_IT' differ in signedness [-Wpointer-sign]
   67 |  HAL_UART_Receive_IT(&huart2, buf, 1);
      |                               ^~~
      |                               |
      |                               char *
In file included from src/main.c:5:
STM32F4xx_HAL_Driver/inc/stm32f4xx_hal_uart.h:47:61: note: expected 'uint8_t *' {aka 'unsigned char *'} but argument is of type 'char *'
   47 | int HAL_UART_Receive_IT(UART_HandleTypeDef *huart, uint8_t *pData, uint16_t Size);
      |                                                    ~~~~~~~~~^~~~~
src/main.c:78:24: warning: pointer targets in passing argument 2 of 'uart_printf' differ in signedness [-Wpointer-sign]
   78 |   uart_printf(&huart2, "Lumière (LUX): %f\n", lux);
      |                        ^~~~~~~~~~~~~~~~~~~~~
      |                        |
      |                        char *
In file included from src/main.c:5:
STM32F4xx_HAL_Driver/inc/stm32f4xx_hal_uart.h:51:60: note: expected 'const uint8_t *' {aka 'const unsigned char *'} but argument is of type 'char *'
   51 | void uart_printf(UART_HandleTypeDef *huart, const uint8_t* fmt, ...);
      |                                             ~~~~~~~~~~~~~~~^~~
arm-none-eabi-gcc -o main.elf startup/stm32f411_periph.o startup/sys_handlers.o startup/system_stm32f4xx.o STM32F4xx_HAL_Driver/src/stm32f4xx_ll_rcc.o STM32F4xx_HAL_Driver/src/stm32f4xx_hal_i2c.o STM32F4xx_HAL_Driver/src/util.o STM32F4xx_HAL_Driver/src/stm32f4xx_hal.o STM32F4xx_HAL_Driver/src/stm32f4xx_hal_cortex.o STM32F4xx_HAL_Driver/src/stm32f4xx_hal_uart.o STM32F4xx_HAL_Driver/src/stm32f4xx_hal_gpio.o STM32F4xx_HAL_Driver/src/stm32f4xx_hal_tim.o STM32F4xx_HAL_Driver/src/stm32f4xx_hal_spi.o mbed_shield/src/leds.o mbed_shield/src/sw.o mbed_shield/src/lm75.o mbed_shield/src/lcd_128x32.o TSL2561/src/opto.o src/stm32f4xx_hal_msp.o src/stm32f4xx_it.o src/main.o startup/startup_stm32f411xe.o -march=armv7e-m -mfloat-abi=hard -mcpu=cortex-m4 -mfpu=fpv4-sp-d16 -mthumb -DSTM32F411xE -Tconfig/STM32F411RE_FLASH.lds -lc -lgcc -lgcov -lm -Wl,-Map=main.elf.map,--gc-sections   
arm-none-eabi-objdump -h main.elf

main.elf:     file format elf32-littlearm

Sections:
Idx Name          Size      VMA       LMA       File off  Algn
  0 .isr_vector   00000198  08000000  08000000  00010000  2**0
                  CONTENTS, ALLOC, LOAD, READONLY, DATA
  1 .text         0000316c  08000198  08000198  00010198  2**3
                  CONTENTS, ALLOC, LOAD, READONLY, CODE
  2 .rodata       000008a8  08003304  08003304  00013304  2**2
                  CONTENTS, ALLOC, LOAD, READONLY, DATA
  3 .init_array   00000008  08003bac  08003bac  00013bac  2**2
                  CONTENTS, ALLOC, LOAD, DATA
  4 .fini_array   00000004  08003bb4  08003bb4  00013bb4  2**2
                  CONTENTS, ALLOC, LOAD, DATA
  5 .data         000004f4  20000000  08003bb8  00020000  2**3
                  CONTENTS, ALLOC, LOAD, DATA
  6 .bss          00000358  200004f4  080040ac  000204f4  2**2
                  ALLOC
  7 ._user_heap_stack 00000600  2000084c  080040ac  0002084c  2**0
                  ALLOC
  8 .ARM.attributes 00000030  00000000  00000000  000204f4  2**0
                  CONTENTS, READONLY
  9 .debug_info   000090ae  00000000  00000000  00020524  2**0
                  CONTENTS, READONLY, DEBUGGING, OCTETS
 10 .debug_abbrev 00001cd8  00000000  00000000  000295d2  2**0
                  CONTENTS, READONLY, DEBUGGING, OCTETS
 11 .debug_aranges 00000240  00000000  00000000  0002b2b0  2**3
                  CONTENTS, READONLY, DEBUGGING, OCTETS
 12 .debug_line   00004279  00000000  00000000  0002b4f0  2**0
                  CONTENTS, READONLY, DEBUGGING, OCTETS
 13 .debug_str    000024c3  00000000  00000000  0002f769  2**0
                  CONTENTS, READONLY, DEBUGGING, OCTETS
 14 .comment      00000050  00000000  00000000  00031c2c  2**0
                  CONTENTS, READONLY
 15 .debug_frame  000012d4  00000000  00000000  00031c7c  2**2
                  CONTENTS, READONLY, DEBUGGING, OCTETS
 16 .debug_ranges 00000020  00000000  00000000  00032f50  2**3
                  CONTENTS, READONLY, DEBUGGING, OCTETS
arm-none-eabi-size main.elf
   text	   data	    bss	    dec	    hex	filename
  15276	   1280	   2392	  18948	   4a04	main.elf
arm-none-eabi-objcopy -O ihex main.elf main.hex
arm-none-eabi-objcopy -O binary main.elf main.bin
12:32:13 **** Incremental Build of configuration Debug for project nucleoF411_base ****
make -j12 all 
arm-none-eabi-gcc -std=c99 -ISTM32F4xx_HAL_Driver/inc/ -Iinclude/ -Imbed_shield/inc/ -I. -g -D__DEBUG__ -O0 -Wall -march=armv7e-m -mfloat-abi=hard -mcpu=cortex-m4 -mfpu=fpv4-sp-d16 -mthumb -DSTM32F411xE -Wextra -Warray-bounds -Wno-unused-parameter -fomit-frame-pointer -MD -MP -MF .dep/opto.o.d   -c -o TSL2561/src/opto.o TSL2561/src/opto.c
arm-none-eabi-gcc -o main.elf startup/stm32f411_periph.o startup/sys_handlers.o startup/system_stm32f4xx.o STM32F4xx_HAL_Driver/src/stm32f4xx_ll_rcc.o STM32F4xx_HAL_Driver/src/stm32f4xx_hal_i2c.o STM32F4xx_HAL_Driver/src/util.o STM32F4xx_HAL_Driver/src/stm32f4xx_hal.o STM32F4xx_HAL_Driver/src/stm32f4xx_hal_cortex.o STM32F4xx_HAL_Driver/src/stm32f4xx_hal_uart.o STM32F4xx_HAL_Driver/src/stm32f4xx_hal_gpio.o STM32F4xx_HAL_Driver/src/stm32f4xx_hal_tim.o STM32F4xx_HAL_Driver/src/stm32f4xx_hal_spi.o mbed_shield/src/leds.o mbed_shield/src/sw.o mbed_shield/src/lm75.o mbed_shield/src/lcd_128x32.o TSL2561/src/opto.o src/stm32f4xx_hal_msp.o src/stm32f4xx_it.o src/main.o startup/startup_stm32f411xe.o -march=armv7e-m -mfloat-abi=hard -mcpu=cortex-m4 -mfpu=fpv4-sp-d16 -mthumb -DSTM32F411xE -Tconfig/STM32F411RE_FLASH.lds -lc -lgcc -lgcov -lm -Wl,-Map=main.elf.map,--gc-sections   
arm-none-eabi-objdump -h main.elf

main.elf:     file format elf32-littlearm

Sections:
Idx Name          Size      VMA       LMA       File off  Algn
  0 .isr_vector   00000198  08000000  08000000  00010000  2**0
                  CONTENTS, ALLOC, LOAD, READONLY, DATA
  1 .text         0000316c  08000198  08000198  00010198  2**3
                  CONTENTS, ALLOC, LOAD, READONLY, CODE
  2 .rodata       000008a8  08003304  08003304  00013304  2**2
                  CONTENTS, ALLOC, LOAD, READONLY, DATA
  3 .init_array   00000008  08003bac  08003bac  00013bac  2**2
                  CONTENTS, ALLOC, LOAD, DATA
  4 .fini_array   00000004  08003bb4  08003bb4  00013bb4  2**2
                  CONTENTS, ALLOC, LOAD, DATA
  5 .data         000004f4  20000000  08003bb8  00020000  2**3
                  CONTENTS, ALLOC, LOAD, DATA
  6 .bss          00000358  200004f4  080040ac  000204f4  2**2
                  ALLOC
  7 ._user_heap_stack 00000600  2000084c  080040ac  0002084c  2**0
                  ALLOC
  8 .ARM.attributes 00000030  00000000  00000000  000204f4  2**0
                  CONTENTS, READONLY
  9 .debug_info   000090ae  00000000  00000000  00020524  2**0
                  CONTENTS, READONLY, DEBUGGING, OCTETS
 10 .debug_abbrev 00001cd8  00000000  00000000  000295d2  2**0
                  CONTENTS, READONLY, DEBUGGING, OCTETS
 11 .debug_aranges 00000240  00000000  00000000  0002b2b0  2**3
                  CONTENTS, READONLY, DEBUGGING, OCTETS
 12 .debug_line   00004279  00000000  00000000  0002b4f0  2**0
                  CONTENTS, READONLY, DEBUGGING, OCTETS
 13 .debug_str    000024c3  00000000  00000000  0002f769  2**0
                  CONTENTS, READONLY, DEBUGGING, OCTETS
 14 .comment      00000050  00000000  00000000  00031c2c  2**0
                  CONTENTS, READONLY
 15 .debug_frame  000012d4  00000000  00000000  00031c7c  2**2
                  CONTENTS, READONLY, DEBUGGING, OCTETS
 16 .debug_ranges 00000020  00000000  00000000  00032f50  2**3
                  CONTENTS, READONLY, DEBUGGING, OCTETS
arm-none-eabi-size main.elf
   text	   data	    bss	    dec	    hex	filename
  15276	   1280	   2392	  18948	   4a04	main.elf
arm-none-eabi-objcopy -O ihex main.elf main.hex
arm-none-eabi-objcopy -O binary main.elf main.bin
12:32:54 **** Incremental Build of configuration Debug for project nucleoF411_base ****
make -j12 all 
arm-none-eabi-gcc -std=c99 -ISTM32F4xx_HAL_Driver/inc/ -Iinclude/ -Imbed_shield/inc/ -I. -g -D__DEBUG__ -O0 -Wall -march=armv7e-m -mfloat-abi=hard -mcpu=cortex-m4 -mfpu=fpv4-sp-d16 -mthumb -DSTM32F411xE -Wextra -Warray-bounds -Wno-unused-parameter -fomit-frame-pointer -MD -MP -MF .dep/opto.o.d   -c -o TSL2561/src/opto.o TSL2561/src/opto.c
arm-none-eabi-gcc -o main.elf startup/stm32f411_periph.o startup/sys_handlers.o startup/system_stm32f4xx.o STM32F4xx_HAL_Driver/src/stm32f4xx_ll_rcc.o STM32F4xx_HAL_Driver/src/stm32f4xx_hal_i2c.o STM32F4xx_HAL_Driver/src/util.o STM32F4xx_HAL_Driver/src/stm32f4xx_hal.o STM32F4xx_HAL_Driver/src/stm32f4xx_hal_cortex.o STM32F4xx_HAL_Driver/src/stm32f4xx_hal_uart.o STM32F4xx_HAL_Driver/src/stm32f4xx_hal_gpio.o STM32F4xx_HAL_Driver/src/stm32f4xx_hal_tim.o STM32F4xx_HAL_Driver/src/stm32f4xx_hal_spi.o mbed_shield/src/leds.o mbed_shield/src/sw.o mbed_shield/src/lm75.o mbed_shield/src/lcd_128x32.o TSL2561/src/opto.o src/stm32f4xx_hal_msp.o src/stm32f4xx_it.o src/main.o startup/startup_stm32f411xe.o -march=armv7e-m -mfloat-abi=hard -mcpu=cortex-m4 -mfpu=fpv4-sp-d16 -mthumb -DSTM32F411xE -Tconfig/STM32F411RE_FLASH.lds -lc -lgcc -lgcov -lm -Wl,-Map=main.elf.map,--gc-sections   
arm-none-eabi-objdump -h main.elf

main.elf:     file format elf32-littlearm

Sections:
Idx Name          Size      VMA       LMA       File off  Algn
  0 .isr_vector   00000198  08000000  08000000  00010000  2**0
                  CONTENTS, ALLOC, LOAD, READONLY, DATA
  1 .text         0000316c  08000198  08000198  00010198  2**3
                  CONTENTS, ALLOC, LOAD, READONLY, CODE
  2 .rodata       000008a8  08003304  08003304  00013304  2**2
                  CONTENTS, ALLOC, LOAD, READONLY, DATA
  3 .init_array   00000008  08003bac  08003bac  00013bac  2**2
                  CONTENTS, ALLOC, LOAD, DATA
  4 .fini_array   00000004  08003bb4  08003bb4  00013bb4  2**2
                  CONTENTS, ALLOC, LOAD, DATA
  5 .data         000004f4  20000000  08003bb8  00020000  2**3
                  CONTENTS, ALLOC, LOAD, DATA
  6 .bss          00000358  200004f4  080040ac  000204f4  2**2
                  ALLOC
  7 ._user_heap_stack 00000600  2000084c  080040ac  0002084c  2**0
                  ALLOC
  8 .ARM.attributes 00000030  00000000  00000000  000204f4  2**0
                  CONTENTS, READONLY
  9 .debug_info   000090ae  00000000  00000000  00020524  2**0
                  CONTENTS, READONLY, DEBUGGING, OCTETS
 10 .debug_abbrev 00001cd8  00000000  00000000  000295d2  2**0
                  CONTENTS, READONLY, DEBUGGING, OCTETS
 11 .debug_aranges 00000240  00000000  00000000  0002b2b0  2**3
                  CONTENTS, READONLY, DEBUGGING, OCTETS
 12 .debug_line   00004279  00000000  00000000  0002b4f0  2**0
                  CONTENTS, READONLY, DEBUGGING, OCTETS
 13 .debug_str    000024c3  00000000  00000000  0002f769  2**0
                  CONTENTS, READONLY, DEBUGGING, OCTETS
 14 .comment      00000050  00000000  00000000  00031c2c  2**0
                  CONTENTS, READONLY
 15 .debug_frame  000012d4  00000000  00000000  00031c7c  2**2
                  CONTENTS, READONLY, DEBUGGING, OCTETS
 16 .debug_ranges 00000020  00000000  00000000  00032f50  2**3
                  CONTENTS, READONLY, DEBUGGING, OCTETS
arm-none-eabi-size main.elf
   text	   data	    bss	    dec	    hex	filename
  15276	   1280	   2392	  18948	   4a04	main.elf
arm-none-eabi-objcopy -O ihex main.elf main.hex
arm-none-eabi-objcopy -O binary main.elf main.bin
12:35:49 **** Incremental Build of configuration Debug for project nucleoF411_base ****
make -j12 all 
arm-none-eabi-gcc -std=c99 -ISTM32F4xx_HAL_Driver/inc/ -Iinclude/ -Imbed_shield/inc/ -I. -g -D__DEBUG__ -O0 -Wall -march=armv7e-m -mfloat-abi=hard -mcpu=cortex-m4 -mfpu=fpv4-sp-d16 -mthumb -DSTM32F411xE -Wextra -Warray-bounds -Wno-unused-parameter -fomit-frame-pointer -MD -MP -MF .dep/opto.o.d   -c -o TSL2561/src/opto.o TSL2561/src/opto.c
[...]
   48 | int HAL_I2C_Master_Transmit_IT(I2C_HandleTypeDef *hi2c, uint16_t DevAddress, uint8_t *pData, uint16_t Size);
      |                                                                              ~~~~~~~~~^~~~~
TSL2561/src/opto.c: In function 'ge_read_z2':
TSL2561/src/opto.c:235:51: warning: passing argument 3 of 'HAL_I2C_Master_Transmit_IT' makes pointer from integer without a cast [-Wint-conversion]
  235 |  HAL_I2C_Master_Transmit_IT(&hi2c1, OPTO_ADDRESS, data_send_gez2, 1);
      |                                                   ^~~~~~~~~~~~~~
      |                                                   |
      |                                                   uint8_t {aka unsigned char}
In file included from TSL2561/src/opto.c:2:
STM32F4xx_HAL_Driver/inc/stm32f4xx_hal_i2c.h:48:87: note: expected 'uint8_t *' {aka 'unsigned char *'} but argument is of type 'uint8_t' {aka 'unsigned char'}
   48 | int HAL_I2C_Master_Transmit_IT(I2C_HandleTypeDef *hi2c, uint16_t DevAddress, uint8_t *pData, uint16_t Size);
      |                                                                              ~~~~~~~~~^~~~~
arm-none-eabi-gcc -o main.elf startup/stm32f411_periph.o startup/sys_handlers.o startup/system_stm32f4xx.o STM32F4xx_HAL_Driver/src/stm32f4xx_ll_rcc.o STM32F4xx_HAL_Driver/src/stm32f4xx_hal_i2c.o STM32F4xx_HAL_Driver/src/util.o STM32F4xx_HAL_Driver/src/stm32f4xx_hal.o STM32F4xx_HAL_Driver/src/stm32f4xx_hal_cortex.o STM32F4xx_HAL_Driver/src/stm32f4xx_hal_uart.o STM32F4xx_HAL_Driver/src/stm32f4xx_hal_gpio.o STM32F4xx_HAL_Driver/src/stm32f4xx_hal_tim.o STM32F4xx_HAL_Driver/src/stm32f4xx_hal_spi.o mbed_shield/src/leds.o mbed_shield/src/sw.o mbed_shield/src/lm75.o mbed_shield/src/lcd_128x32.o TSL2561/src/opto.o src/stm32f4xx_hal_msp.o src/stm32f4xx_it.o src/main.o startup/startup_stm32f411xe.o -march=armv7e-m -mfloat-abi=hard -mcpu=cortex-m4 -mfpu=fpv4-sp-d16 -mthumb -DSTM32F411xE -Tconfig/STM32F411RE_FLASH.lds -lc -lgcc -lgcov -lm -Wl,-Map=main.elf.map,--gc-sections   
arm-none-eabi-objdump -h main.elf

main.elf:     file format elf32-littlearm

Sections:
Idx Name          Size      VMA       LMA       File off  Algn
  0 .isr_vector   00000198  08000000  08000000  00010000  2**0
                  CONTENTS, ALLOC, LOAD, READONLY, DATA
  1 .text         000034b0  08000198  08000198  00010198  2**3
                  CONTENTS, ALLOC, LOAD, READONLY, CODE
  2 .rodata       00000934  08003648  08003648  00013648  2**2
                  CONTENTS, ALLOC, LOAD, READONLY, DATA
  3 .init_array   00000008  08003f7c  08003f7c  00013f7c  2**2
                  CONTENTS, ALLOC, LOAD, DATA
  4 .fini_array   00000004  08003f84  08003f84  00013f84  2**2
                  CONTENTS, ALLOC, LOAD, DATA
  5 .data         000004f4  20000000  08003f88  00020000  2**3
                  CONTENTS, ALLOC, LOAD, DATA
  6 .bss          00000358  200004f4  0800447c  000204f4  2**2
                  ALLOC
  7 ._user_heap_stack 00000600  2000084c  0800447c  0002084c  2**0
                  ALLOC
  8 .ARM.attributes 00000030  00000000  00000000  000204f4  2**0
                  CONTENTS, READONLY
  9 .debug_info   0000960a  00000000  00000000  00020524  2**0
                  CONTENTS, READONLY, DEBUGGING, OCTETS
 10 .debug_abbrev 00001d17  00000000  00000000  00029b2e  2**0
                  CONTENTS, READONLY, DEBUGGING, OCTETS
 11 .debug_aranges 00000240  00000000  00000000  0002b848  2**3
                  CONTENTS, READONLY, DEBUGGING, OCTETS
 12 .debug_line   000044f4  00000000  00000000  0002ba88  2**0
                  CONTENTS, READONLY, DEBUGGING, OCTETS
 13 .debug_str    0000282b  00000000  00000000  0002ff7c  2**0
                  CONTENTS, READONLY, DEBUGGING, OCTETS
 14 .comment      00000050  00000000  00000000  000327a7  2**0
                  CONTENTS, READONLY
 15 .debug_frame  00001424  00000000  00000000  000327f8  2**2
                  CONTENTS, READONLY, DEBUGGING, OCTETS
 16 .debug_ranges 00000020  00000000  00000000  00033c20  2**3
                  CONTENTS, READONLY, DEBUGGING, OCTETS
arm-none-eabi-size main.elf
   text	   data	    bss	    dec	    hex	filename
  16252	   1280	   2392	  19924	   4dd4	main.elf
arm-none-eabi-objcopy -O ihex main.elf main.hex
arm-none-eabi-objcopy -O binary main.elf main.bin
01:38:06 **** Incremental Build of configuration Debug for project nucleoF411_base ****
make -j8 all 
make: Nothing to be done for 'all'.
01:45:37 **** Incremental Build of configuration Debug for project nucleoF411_base ****
make -j8 all 
arm-none-eabi-gcc -std=c99 -ISTM32F4xx_HAL_Driver/inc/ -Iinclude/ -Imbed_shield/inc/ -I. -g -D__DEBUG__ -O0 -Wall -march=armv7e-m -mfloat-abi=hard -mcpu=cortex-m4 -mfpu=fpv4-sp-d16 -mthumb -DSTM32F411xE -Wextra -Warray-bounds -Wno-unused-parameter -fomit-frame-pointer -MD -MP -MF .dep/opto.o.d   -c -o TSL2561/src/opto.o TSL2561/src/opto.c
TSL2561/src/opto.c: In function 'Ac_read_id':
TSL2561/src/opto.c:42:51: warning: passing argument 3 of 'HAL_I2C_Master_Transmit_IT' makes pointer from integer without a cast [-Wint-conversion]
   42 |  HAL_I2C_Master_Transmit_IT(&hi2c1, OPTO_ADDRESS, data_send_ac, 1);
      |                                                   ^~~~~~~~~~~~
      |                                                   |
      |                                                   uint8_t {aka unsigned char}
In file included from TSL2561/src/opto.c:2:
STM32F4xx_HAL_Driver/inc/stm32f4xx_hal_i2c.h:48:87: note: expected 'uint8_t *' {aka 'unsigned char *'} but argument is of type 'uint8_t' {aka 'unsigned char'}
   48 | int HAL_I2C_Master_Transmit_IT(I2C_HandleTypeDef *hi2c, uint16_t DevAddress, uint8_t *pData, uint16_t Size);
      |                                                                              ~~~~~~~~~^~~~~
TSL2561/src/opto.c: In function 'ac_read_x1':
TSL2561/src/opto.c:58:51: warning: passing argument 3 of 'HAL_I2C_Master_Transmit_IT' makes pointer from integer without a cast [-Wint-conversion]
   58 |  HAL_I2C_Master_Transmit_IT(&hi2c1, OPTO_ADDRESS, data_send_acx1, 1);
      |                                                   ^~~~~~~~~~~~~~
      |                                                   |
      |                                                   uint8_t {aka unsigned char}
In file included from TSL2561/src/opto.c:2:
STM32F4xx_HAL_Driver/inc/stm32f4xx_hal_i2c.h:48:87: note: expected 'uint8_t *' {aka 'unsigned char *'} but argument is of type 'uint8_t' {aka 'unsigned char'}
   48 | int HAL_I2C_Master_Transmit_IT(I2C_HandleTypeDef *hi2c, uint16_t DevAddress, uint8_t *pData, uint16_t Size);
      |                                                                              ~~~~~~~~~^~~~~
TSL2561/src/opto.c: In function 'ac_read_x2':
TSL2561/src/opto.c:73:51: warning: passing argument 3 of 'HAL_I2C_Master_Transmit_IT' makes pointer from integer without a cast [-Wint-conversion]
   73 |  HAL_I2C_Master_Transmit_IT(&hi2c1, OPTO_ADDRESS, data_send_acx2, 1);
      |                                                   ^~~~~~~~~~~~~~
      |                                                   |
      |                                                   uint8_t {aka unsigned char}
In file included from TSL2561/src/opto.c:2:
STM32F4xx_HAL_Driver/inc/stm32f4xx_hal_i2c.h:48:87: note: expected 'uint8_t *' {aka 'unsigned char *'} but argument is of type 'uint8_t' {aka 'unsigned char'}
   48 | int HAL_I2C_Master_Transmit_IT(I2C_HandleTypeDef *hi2c, uint16_t DevAddress, uint8_t *pData, uint16_t Size);
      |                                                                              ~~~~~~~~~^~~~~
TSL2561/src/opto.c: In function 'ac_read_y1':
TSL2561/src/opto.c:89:51: warning: passing argument 3 of 'HAL_I2C_Master_Transmit_IT' makes pointer from integer without a cast [-Wint-conversion]
   89 |  HAL_I2C_Master_Transmit_IT(&hi2c1, OPTO_ADDRESS, data_send_acy1, 1);
      |                                                   ^~~~~~~~~~~~~~
      |                                                   |
      |                                                   uint8_t {aka unsigned char}
In file included from TSL2561/src/opto.c:2:
STM32F4xx_HAL_Driver/inc/stm32f4xx_hal_i2c.h:48:87: note: expected 'uint8_t *' {aka 'unsigned char *'} but argument is of type 'uint8_t' {aka 'unsigned char'}
   48 | int HAL_I2C_Master_Transmit_IT(I2C_HandleTypeDef *hi2c, uint16_t DevAddress, uint8_t *pData, uint16_t Size);
      |                                                                              ~~~~~~~~~^~~~~
TSL2561/src/opto.c: In function 'ac_read_y2':
TSL2561/src/opto.c:106:51: warning: passing argument 3 of 'HAL_I2C_Master_Transmit_IT' makes pointer from integer without a cast [-Wint-conversion]
  106 |  HAL_I2C_Master_Transmit_IT(&hi2c1, OPTO_ADDRESS, data_send_acy2, 1);
      |                                                   ^~~~~~~~~~~~~~
      |                                                   |
      |                                                   uint8_t {aka unsigned char}
In file included from TSL2561/src/opto.c:2:
STM32F4xx_HAL_Driver/inc/stm32f4xx_hal_i2c.h:48:87: note: expected 'uint8_t *' {aka 'unsigned char *'} but argument is of type 'uint8_t' {aka 'unsigned char'}
   48 | int HAL_I2C_Master_Transmit_IT(I2C_HandleTypeDef *hi2c, uint16_t DevAddress, uint8_t *pData, uint16_t Size);
      |                                                                              ~~~~~~~~~^~~~~
TSL2561/src/opto.c: In function 'ac_read_z1':
TSL2561/src/opto.c:122:51: warning: passing argument 3 of 'HAL_I2C_Master_Transmit_IT' makes pointer from integer without a cast [-Wint-conversion]
  122 |  HAL_I2C_Master_Transmit_IT(&hi2c1, OPTO_ADDRESS, data_send_acz1, 1);
      |                                                   ^~~~~~~~~~~~~~
      |                                                   |
      |                                                   uint8_t {aka unsigned char}
In file included from TSL2561/src/opto.c:2:
STM32F4xx_HAL_Driver/inc/stm32f4xx_hal_i2c.h:48:87: note: expected 'uint8_t *' {aka 'unsigned char *'} but argument is of type 'uint8_t' {aka 'unsigned char'}
   48 | int HAL_I2C_Master_Transmit_IT(I2C_HandleTypeDef *hi2c, uint16_t DevAddress, uint8_t *pData, uint16_t Size);
      |                                                                              ~~~~~~~~~^~~~~
TSL2561/src/opto.c: In function 'ac_read_z2':
TSL2561/src/opto.c:138:51: warning: passing argument 3 of 'HAL_I2C_Master_Transmit_IT' makes pointer from integer without a cast [-Wint-conversion]
  138 |  HAL_I2C_Master_Transmit_IT(&hi2c1, OPTO_ADDRESS, data_send_acz2, 1);
      |                                                   ^~~~~~~~~~~~~~
      |                                                   |
      |                                                   uint8_t {aka unsigned char}
In file included from TSL2561/src/opto.c:2:
STM32F4xx_HAL_Driver/inc/stm32f4xx_hal_i2c.h:48:87: note: expected 'uint8_t *' {aka 'unsigned char *'} but argument is of type 'uint8_t' {aka 'unsigned char'}
   48 | int HAL_I2C_Master_Transmit_IT(I2C_HandleTypeDef *hi2c, uint16_t DevAddress, uint8_t *pData, uint16_t Size);
      |                                                                              ~~~~~~~~~^~~~~
TSL2561/src/opto.c: In function 'ge_read_x1':
TSL2561/src/opto.c:155:51: warning: passing argument 3 of 'HAL_I2C_Master_Transmit_IT' makes pointer from integer without a cast [-Wint-conversion]
  155 |  HAL_I2C_Master_Transmit_IT(&hi2c1, OPTO_ADDRESS, data_send_gex1, 1);
      |                                                   ^~~~~~~~~~~~~~
      |                                                   |
      |                                                   uint8_t {aka unsigned char}
In file included from TSL2561/src/opto.c:2:
STM32F4xx_HAL_Driver/inc/stm32f4xx_hal_i2c.h:48:87: note: expected 'uint8_t *' {aka 'unsigned char *'} but argument is of type 'uint8_t' {aka 'unsigned char'}
   48 | int HAL_I2C_Master_Transmit_IT(I2C_HandleTypeDef *hi2c, uint16_t DevAddress, uint8_t *pData, uint16_t Size);
      |                                                                              ~~~~~~~~~^~~~~
TSL2561/src/opto.c: In function 'ge_read_x2':
TSL2561/src/opto.c:171:51: warning: passing argument 3 of 'HAL_I2C_Master_Transmit_IT' makes pointer from integer without a cast [-Wint-conversion]
  171 |  HAL_I2C_Master_Transmit_IT(&hi2c1, OPTO_ADDRESS, data_send_gex2, 1);
      |                                                   ^~~~~~~~~~~~~~
      |                                                   |
      |                                                   uint8_t {aka unsigned char}
In file included from TSL2561/src/opto.c:2:
STM32F4xx_HAL_Driver/inc/stm32f4xx_hal_i2c.h:48:87: note: expected 'uint8_t *' {aka 'unsigned char *'} but argument is of type 'uint8_t' {aka 'unsigned char'}
   48 | int HAL_I2C_Master_Transmit_IT(I2C_HandleTypeDef *hi2c, uint16_t DevAddress, uint8_t *pData, uint16_t Size);
      |                                                                              ~~~~~~~~~^~~~~
TSL2561/src/opto.c: In function 'ge_read_y1':
TSL2561/src/opto.c:187:51: warning: passing argument 3 of 'HAL_I2C_Master_Transmit_IT' makes pointer from integer without a cast [-Wint-conversion]
  187 |  HAL_I2C_Master_Transmit_IT(&hi2c1, OPTO_ADDRESS, data_send_gey1, 1);
      |                                                   ^~~~~~~~~~~~~~
      |                                                   |
      |                                                   uint8_t {aka unsigned char}
In file included from TSL2561/src/opto.c:2:
STM32F4xx_HAL_Driver/inc/stm32f4xx_hal_i2c.h:48:87: note: expected 'uint8_t *' {aka 'unsigned char *'} but argument is of type 'uint8_t' {aka 'unsigned char'}
   48 | int HAL_I2C_Master_Transmit_IT(I2C_HandleTypeDef *hi2c, uint16_t DevAddress, uint8_t *pData, uint16_t Size);
      |                                                                              ~~~~~~~~~^~~~~
TSL2561/src/opto.c: In function 'ge_read_y2':
TSL2561/src/opto.c:203:51: warning: passing argument 3 of 'HAL_I2C_Master_Transmit_IT' makes pointer from integer without a cast [-Wint-conversion]
  203 |  HAL_I2C_Master_Transmit_IT(&hi2c1, OPTO_ADDRESS, data_send_gey2, 1);
      |                                                   ^~~~~~~~~~~~~~
      |                                                   |
      |                                                   uint8_t {aka unsigned char}
In file included from TSL2561/src/opto.c:2:
STM32F4xx_HAL_Driver/inc/stm32f4xx_hal_i2c.h:48:87: note: expected 'uint8_t *' {aka 'unsigned char *'} but argument is of type 'uint8_t' {aka 'unsigned char'}
   48 | int HAL_I2C_Master_Transmit_IT(I2C_HandleTypeDef *hi2c, uint16_t DevAddress, uint8_t *pData, uint16_t Size);
      |                                                                              ~~~~~~~~~^~~~~
TSL2561/src/opto.c: In function 'ge_read_z1':
TSL2561/src/opto.c:219:51: warning: passing argument 3 of 'HAL_I2C_Master_Transmit_IT' makes pointer from integer without a cast [-Wint-conversion]
  219 |  HAL_I2C_Master_Transmit_IT(&hi2c1, OPTO_ADDRESS, data_send_gez1, 1);
      |                                                   ^~~~~~~~~~~~~~
      |                                                   |
      |                                                   uint8_t {aka unsigned char}
In file included from TSL2561/src/opto.c:2:
STM32F4xx_HAL_Driver/inc/stm32f4xx_hal_i2c.h:48:87: note: expected 'uint8_t *' {aka 'unsigned char *'} but argument is of type 'uint8_t' {aka 'unsigned char'}
   48 | int HAL_I2C_Master_Transmit_IT(I2C_HandleTypeDef *hi2c, uint16_t DevAddress, uint8_t *pData, uint16_t Size);
      |                                                                              ~~~~~~~~~^~~~~
TSL2561/src/opto.c: In function 'ge_read_z2':
TSL2561/src/opto.c:235:51: warning: passing argument 3 of 'HAL_I2C_Master_Transmit_IT' makes pointer from integer without a cast [-Wint-conversion]
  235 |  HAL_I2C_Master_Transmit_IT(&hi2c1, OPTO_ADDRESS, data_send_gez2, 1);
      |                                                   ^~~~~~~~~~~~~~
      |                                                   |
      |                                                   uint8_t {aka unsigned char}
In file included from TSL2561/src/opto.c:2:
STM32F4xx_HAL_Driver/inc/stm32f4xx_hal_i2c.h:48:87: note: expected 'uint8_t *' {aka 'unsigned char *'} but argument is of type 'uint8_t' {aka 'unsigned char'}
   48 | int HAL_I2C_Master_Transmit_IT(I2C_HandleTypeDef *hi2c, uint16_t DevAddress, uint8_t *pData, uint16_t Size);
      |                                                                              ~~~~~~~~~^~~~~
arm-none-eabi-gcc -o main.elf startup/stm32f411_periph.o startup/sys_handlers.o startup/system_stm32f4xx.o STM32F4xx_HAL_Driver/src/stm32f4xx_ll_rcc.o STM32F4xx_HAL_Driver/src/stm32f4xx_hal_i2c.o STM32F4xx_HAL_Driver/src/util.o STM32F4xx_HAL_Driver/src/stm32f4xx_hal.o STM32F4xx_HAL_Driver/src/stm32f4xx_hal_cortex.o STM32F4xx_HAL_Driver/src/stm32f4xx_hal_uart.o STM32F4xx_HAL_Driver/src/stm32f4xx_hal_gpio.o STM32F4xx_HAL_Driver/src/stm32f4xx_hal_tim.o STM32F4xx_HAL_Driver/src/stm32f4xx_hal_spi.o mbed_shield/src/leds.o mbed_shield/src/sw.o mbed_shield/src/lm75.o mbed_shield/src/lcd_128x32.o TSL2561/src/opto.o src/stm32f4xx_hal_msp.o src/stm32f4xx_it.o src/main.o startup/startup_stm32f411xe.o -march=armv7e-m -mfloat-abi=hard -mcpu=cortex-m4 -mfpu=fpv4-sp-d16 -mthumb -DSTM32F411xE -Tconfig/STM32F411RE_FLASH.lds -lc -lgcc -lgcov -lm -Wl,-Map=main.elf.map,--gc-sections   
arm-none-eabi-objdump -h main.elf

main.elf:     file format elf32-littlearm

Sections:
Idx Name          Size      VMA       LMA       File off  Algn
  0 .isr_vector   00000198  08000000  08000000  00010000  2**0
                  CONTENTS, ALLOC, LOAD, READONLY, DATA
  1 .text         000034a8  08000198  08000198  00010198  2**3
                  CONTENTS, ALLOC, LOAD, READONLY, CODE
  2 .rodata       00000934  08003640  08003640  00013640  2**2
                  CONTENTS, ALLOC, LOAD, READONLY, DATA
  3 .init_array   00000008  08003f74  08003f74  00013f74  2**2
                  CONTENTS, ALLOC, LOAD, DATA
  4 .fini_array   00000004  08003f7c  08003f7c  00013f7c  2**2
                  CONTENTS, ALLOC, LOAD, DATA
  5 .data         000004f4  20000000  08003f80  00020000  2**3
                  CONTENTS, ALLOC, LOAD, DATA
  6 .bss          00000358  200004f4  08004474  000204f4  2**2
                  ALLOC
  7 ._user_heap_stack 00000600  2000084c  08004474  0002084c  2**0
                  ALLOC
  8 .ARM.attributes 00000030  00000000  00000000  000204f4  2**0
                  CONTENTS, READONLY
  9 .debug_info   000095e6  00000000  00000000  00020524  2**0
                  CONTENTS, READONLY, DEBUGGING, OCTETS
 10 .debug_abbrev 00001cfd  00000000  00000000  00029b0a  2**0
                  CONTENTS, READONLY, DEBUGGING, OCTETS
 11 .debug_aranges 00000240  00000000  00000000  0002b808  2**3
                  CONTENTS, READONLY, DEBUGGING, OCTETS
 12 .debug_line   000044f3  00000000  00000000  0002ba48  2**0
                  CONTENTS, READONLY, DEBUGGING, OCTETS
 13 .debug_str    0000282b  00000000  00000000  0002ff3b  2**0
                  CONTENTS, READONLY, DEBUGGING, OCTETS
 14 .comment      00000050  00000000  00000000  00032766  2**0
                  CONTENTS, READONLY
 15 .debug_frame  00001424  00000000  00000000  000327b8  2**2
                  CONTENTS, READONLY, DEBUGGING, OCTETS
 16 .debug_ranges 00000020  00000000  00000000  00033be0  2**3
                  CONTENTS, READONLY, DEBUGGING, OCTETS
arm-none-eabi-size main.elf
   text	   data	    bss	    dec	    hex	filename
  16244	   1280	   2392	  19916	   4dcc	main.elf
arm-none-eabi-objcopy -O ihex main.elf main.hex
arm-none-eabi-objcopy -O binary main.elf main.bin
01:46:52 **** Incremental Build of configuration Debug for project nucleoF411_base ****
make -j8 all 
make: Nothing to be done for 'all'.
