Archive member included to satisfy reference by file (symbol)

c:/st/stm32cubeide_1.12.0/stm32cubeide/plugins/com.st.stm32cube.ide.mcu.externaltools.gnu-tools-for-stm32.10.3-2021.10.win32_1.0.200.202301161003/tools/bin/../lib/gcc/arm-none-eabi/10.3.1/../../../../arm-none-eabi/lib/thumb/v7e-m+fp/hard\libc.a(lib_a-exit.o)
                              c:/st/stm32cubeide_1.12.0/stm32cubeide/plugins/com.st.stm32cube.ide.mcu.externaltools.gnu-tools-for-stm32.10.3-2021.10.win32_1.0.200.202301161003/tools/bin/../lib/gcc/arm-none-eabi/10.3.1/../../../../arm-none-eabi/lib/thumb/v7e-m+fp/hard/crt0.o (exit)
c:/st/stm32cubeide_1.12.0/stm32cubeide/plugins/com.st.stm32cube.ide.mcu.externaltools.gnu-tools-for-stm32.10.3-2021.10.win32_1.0.200.202301161003/tools/bin/../lib/gcc/arm-none-eabi/10.3.1/../../../../arm-none-eabi/lib/thumb/v7e-m+fp/hard\libc.a(lib_a-impure.o)
                              c:/st/stm32cubeide_1.12.0/stm32cubeide/plugins/com.st.stm32cube.ide.mcu.externaltools.gnu-tools-for-stm32.10.3-2021.10.win32_1.0.200.202301161003/tools/bin/../lib/gcc/arm-none-eabi/10.3.1/../../../../arm-none-eabi/lib/thumb/v7e-m+fp/hard\libc.a(lib_a-exit.o) (_global_impure_ptr)
c:/st/stm32cubeide_1.12.0/stm32cubeide/plugins/com.st.stm32cube.ide.mcu.externaltools.gnu-tools-for-stm32.10.3-2021.10.win32_1.0.200.202301161003/tools/bin/../lib/gcc/arm-none-eabi/10.3.1/../../../../arm-none-eabi/lib/thumb/v7e-m+fp/hard\libc.a(lib_a-init.o)
                              c:/st/stm32cubeide_1.12.0/stm32cubeide/plugins/com.st.stm32cube.ide.mcu.externaltools.gnu-tools-for-stm32.10.3-2021.10.win32_1.0.200.202301161003/tools/bin/../lib/gcc/arm-none-eabi/10.3.1/../../../../arm-none-eabi/lib/thumb/v7e-m+fp/hard/crt0.o (__libc_init_array)
c:/st/stm32cubeide_1.12.0/stm32cubeide/plugins/com.st.stm32cube.ide.mcu.externaltools.gnu-tools-for-stm32.10.3-2021.10.win32_1.0.200.202301161003/tools/bin/../lib/gcc/arm-none-eabi/10.3.1/../../../../arm-none-eabi/lib/thumb/v7e-m+fp/hard\libc.a(lib_a-memset.o)
                              c:/st/stm32cubeide_1.12.0/stm32cubeide/plugins/com.st.stm32cube.ide.mcu.externaltools.gnu-tools-for-stm32.10.3-2021.10.win32_1.0.200.202301161003/tools/bin/../lib/gcc/arm-none-eabi/10.3.1/../../../../arm-none-eabi/lib/thumb/v7e-m+fp/hard/crt0.o (memset)
c:/st/stm32cubeide_1.12.0/stm32cubeide/plugins/com.st.stm32cube.ide.mcu.externaltools.gnu-tools-for-stm32.10.3-2021.10.win32_1.0.200.202301161003/tools/bin/../lib/gcc/arm-none-eabi/10.3.1/../../../../arm-none-eabi/lib/thumb/v7e-m+fp/hard\libc.a(lib_a-__call_atexit.o)
                              c:/st/stm32cubeide_1.12.0/stm32cubeide/plugins/com.st.stm32cube.ide.mcu.externaltools.gnu-tools-for-stm32.10.3-2021.10.win32_1.0.200.202301161003/tools/bin/../lib/gcc/arm-none-eabi/10.3.1/../../../../arm-none-eabi/lib/thumb/v7e-m+fp/hard\libc.a(lib_a-exit.o) (__call_exitprocs)
c:/st/stm32cubeide_1.12.0/stm32cubeide/plugins/com.st.stm32cube.ide.mcu.externaltools.gnu-tools-for-stm32.10.3-2021.10.win32_1.0.200.202301161003/tools/bin/../lib/gcc/arm-none-eabi/10.3.1/../../../../arm-none-eabi/lib/thumb/v7e-m+fp/hard\libc.a(lib_a-atexit.o)
                              c:/st/stm32cubeide_1.12.0/stm32cubeide/plugins/com.st.stm32cube.ide.mcu.externaltools.gnu-tools-for-stm32.10.3-2021.10.win32_1.0.200.202301161003/tools/bin/../lib/gcc/arm-none-eabi/10.3.1/../../../../arm-none-eabi/lib/thumb/v7e-m+fp/hard\libc.a(lib_a-__call_atexit.o) (atexit)
c:/st/stm32cubeide_1.12.0/stm32cubeide/plugins/com.st.stm32cube.ide.mcu.externaltools.gnu-tools-for-stm32.10.3-2021.10.win32_1.0.200.202301161003/tools/bin/../lib/gcc/arm-none-eabi/10.3.1/../../../../arm-none-eabi/lib/thumb/v7e-m+fp/hard\libc.a(lib_a-fini.o)
                              c:/st/stm32cubeide_1.12.0/stm32cubeide/plugins/com.st.stm32cube.ide.mcu.externaltools.gnu-tools-for-stm32.10.3-2021.10.win32_1.0.200.202301161003/tools/bin/../lib/gcc/arm-none-eabi/10.3.1/../../../../arm-none-eabi/lib/thumb/v7e-m+fp/hard\libc.a(lib_a-__call_atexit.o) (__libc_fini_array)
c:/st/stm32cubeide_1.12.0/stm32cubeide/plugins/com.st.stm32cube.ide.mcu.externaltools.gnu-tools-for-stm32.10.3-2021.10.win32_1.0.200.202301161003/tools/bin/../lib/gcc/arm-none-eabi/10.3.1/../../../../arm-none-eabi/lib/thumb/v7e-m+fp/hard\libc.a(lib_a-lock.o)
                              c:/st/stm32cubeide_1.12.0/stm32cubeide/plugins/com.st.stm32cube.ide.mcu.externaltools.gnu-tools-for-stm32.10.3-2021.10.win32_1.0.200.202301161003/tools/bin/../lib/gcc/arm-none-eabi/10.3.1/../../../../arm-none-eabi/lib/thumb/v7e-m+fp/hard\libc.a(lib_a-__call_atexit.o) (__retarget_lock_acquire_recursive)
c:/st/stm32cubeide_1.12.0/stm32cubeide/plugins/com.st.stm32cube.ide.mcu.externaltools.gnu-tools-for-stm32.10.3-2021.10.win32_1.0.200.202301161003/tools/bin/../lib/gcc/arm-none-eabi/10.3.1/../../../../arm-none-eabi/lib/thumb/v7e-m+fp/hard\libc.a(lib_a-__atexit.o)
                              c:/st/stm32cubeide_1.12.0/stm32cubeide/plugins/com.st.stm32cube.ide.mcu.externaltools.gnu-tools-for-stm32.10.3-2021.10.win32_1.0.200.202301161003/tools/bin/../lib/gcc/arm-none-eabi/10.3.1/../../../../arm-none-eabi/lib/thumb/v7e-m+fp/hard\libc.a(lib_a-atexit.o) (__register_exitproc)
c:/st/stm32cubeide_1.12.0/stm32cubeide/plugins/com.st.stm32cube.ide.mcu.externaltools.gnu-tools-for-stm32.10.3-2021.10.win32_1.0.200.202301161003/tools/bin/../lib/gcc/arm-none-eabi/10.3.1/thumb/v7e-m+fp/hard\libgcc.a(_arm_muldf3.o)
                              STM32F4xx_HAL_Driver/src/util.o (__aeabi_dmul)
c:/st/stm32cubeide_1.12.0/stm32cubeide/plugins/com.st.stm32cube.ide.mcu.externaltools.gnu-tools-for-stm32.10.3-2021.10.win32_1.0.200.202301161003/tools/bin/../lib/gcc/arm-none-eabi/10.3.1/thumb/v7e-m+fp/hard\libgcc.a(_arm_addsubdf3.o)
                              STM32F4xx_HAL_Driver/src/stm32f4xx_hal_uart.o (__aeabi_dadd)
c:/st/stm32cubeide_1.12.0/stm32cubeide/plugins/com.st.stm32cube.ide.mcu.externaltools.gnu-tools-for-stm32.10.3-2021.10.win32_1.0.200.202301161003/tools/bin/../lib/gcc/arm-none-eabi/10.3.1/thumb/v7e-m+fp/hard\libgcc.a(_arm_muldivdf3.o)
                              STM32F4xx_HAL_Driver/src/util.o (__aeabi_ddiv)
c:/st/stm32cubeide_1.12.0/stm32cubeide/plugins/com.st.stm32cube.ide.mcu.externaltools.gnu-tools-for-stm32.10.3-2021.10.win32_1.0.200.202301161003/tools/bin/../lib/gcc/arm-none-eabi/10.3.1/thumb/v7e-m+fp/hard\libgcc.a(_arm_truncdfsf2.o)
                              STM32F4xx_HAL_Driver/src/util.o (__aeabi_d2f)

Discarded input sections

 .text          0x0000000000000000        0x0 c:/st/stm32cubeide_1.12.0/stm32cubeide/plugins/com.st.stm32cube.ide.mcu.externaltools.gnu-tools-for-stm32.10.3-2021.10.win32_1.0.200.202301161003/tools/bin/../lib/gcc/arm-none-eabi/10.3.1/thumb/v7e-m+fp/hard/crti.o
 .data          0x0000000000000000        0x0 c:/st/stm32cubeide_1.12.0/stm32cubeide/plugins/com.st.stm32cube.ide.mcu.externaltools.gnu-tools-for-stm32.10.3-2021.10.win32_1.0.200.202301161003/tools/bin/../lib/gcc/arm-none-eabi/10.3.1/thumb/v7e-m+fp/hard/crti.o
 .bss           0x0000000000000000        0x0 c:/st/stm32cubeide_1.12.0/stm32cubeide/plugins/com.st.stm32cube.ide.mcu.externaltools.gnu-tools-for-stm32.10.3-2021.10.win32_1.0.200.202301161003/tools/bin/../lib/gcc/arm-none-eabi/10.3.1/thumb/v7e-m+fp/hard/crti.o
 .data          0x0000000000000000        0x4 c:/st/stm32cubeide_1.12.0/stm32cubeide/plugins/com.st.stm32cube.ide.mcu.externaltools.gnu-tools-for-stm32.10.3-2021.10.win32_1.0.200.202301161003/tools/bin/../lib/gcc/arm-none-eabi/10.3.1/thumb/v7e-m+fp/hard/crtbegin.o
 .text          0x0000000000000000       0x7c c:/st/stm32cubeide_1.12.0/stm32cubeide/plugins/com.st.stm32cube.ide.mcu.externaltools.gnu-tools-for-stm32.10.3-2021.10.win32_1.0.200.202301161003/tools/bin/../lib/gcc/arm-none-eabi/10.3.1/../../../../arm-none-eabi/lib/thumb/v7e-m+fp/hard/crt0.o
 .data          0x0000000000000000        0x0 c:/st/stm32cubeide_1.12.0/stm32cubeide/plugins/com.st.stm32cube.ide.mcu.externaltools.gnu-tools-for-stm32.10.3-2021.10.win32_1.0.200.202301161003/tools/bin/../lib/gcc/arm-none-eabi/10.3.1/../../../../arm-none-eabi/lib/thumb/v7e-m+fp/hard/crt0.o
 .bss           0x0000000000000000        0x0 c:/st/stm32cubeide_1.12.0/stm32cubeide/plugins/com.st.stm32cube.ide.mcu.externaltools.gnu-tools-for-stm32.10.3-2021.10.win32_1.0.200.202301161003/tools/bin/../lib/gcc/arm-none-eabi/10.3.1/../../../../arm-none-eabi/lib/thumb/v7e-m+fp/hard/crt0.o
 .ARM.extab     0x0000000000000000        0x0 c:/st/stm32cubeide_1.12.0/stm32cubeide/plugins/com.st.stm32cube.ide.mcu.externaltools.gnu-tools-for-stm32.10.3-2021.10.win32_1.0.200.202301161003/tools/bin/../lib/gcc/arm-none-eabi/10.3.1/../../../../arm-none-eabi/lib/thumb/v7e-m+fp/hard/crt0.o
 .ARM.exidx     0x0000000000000000       0x10 c:/st/stm32cubeide_1.12.0/stm32cubeide/plugins/com.st.stm32cube.ide.mcu.externaltools.gnu-tools-for-stm32.10.3-2021.10.win32_1.0.200.202301161003/tools/bin/../lib/gcc/arm-none-eabi/10.3.1/../../../../arm-none-eabi/lib/thumb/v7e-m+fp/hard/crt0.o
 .ARM.attributes
                0x0000000000000000       0x1c c:/st/stm32cubeide_1.12.0/stm32cubeide/plugins/com.st.stm32cube.ide.mcu.externaltools.gnu-tools-for-stm32.10.3-2021.10.win32_1.0.200.202301161003/tools/bin/../lib/gcc/arm-none-eabi/10.3.1/../../../../arm-none-eabi/lib/thumb/v7e-m+fp/hard/crt0.o
 .text          0x0000000000000000        0x0 startup/stm32f411_periph.o
 .data          0x0000000000000000        0x0 startup/stm32f411_periph.o
 .bss           0x0000000000000000        0x0 startup/stm32f411_periph.o
 .data          0x0000000000000000        0x0 startup/sys_handlers.o
 .bss           0x0000000000000000        0x0 startup/sys_handlers.o
 .bss           0x0000000000000000        0x0 STM32F4xx_HAL_Driver/src/stm32f4xx_ll_rcc.o
 .data          0x0000000000000000        0x0 STM32F4xx_HAL_Driver/src/stm32f4xx_hal_i2c.o
 .bss           0x0000000000000000        0x0 STM32F4xx_HAL_Driver/src/util.o
 .data          0x0000000000000000        0x0 STM32F4xx_HAL_Driver/src/stm32f4xx_hal_cortex.o
 .bss           0x0000000000000000        0x0 STM32F4xx_HAL_Driver/src/stm32f4xx_hal_cortex.o
 .data          0x0000000000000000        0x0 STM32F4xx_HAL_Driver/src/stm32f4xx_hal_uart.o
 .bss           0x0000000000000000        0x0 STM32F4xx_HAL_Driver/src/stm32f4xx_hal_uart.o
 .data          0x0000000000000000        0x0 STM32F4xx_HAL_Driver/src/stm32f4xx_hal_gpio.o
 .bss           0x0000000000000000        0x0 STM32F4xx_HAL_Driver/src/stm32f4xx_hal_gpio.o
 .data          0x0000000000000000        0x0 STM32F4xx_HAL_Driver/src/stm32f4xx_hal_tim.o
 .bss           0x0000000000000000        0x0 STM32F4xx_HAL_Driver/src/stm32f4xx_hal_tim.o
 .data          0x0000000000000000        0x0 STM32F4xx_HAL_Driver/src/stm32f4xx_hal_spi.o
 .text          0x0000000000000000       0x28 mbed_shield/src/leds.o
 .data          0x0000000000000000        0x0 mbed_shield/src/leds.o
 .bss           0x0000000000000000        0x0 mbed_shield/src/leds.o
 .debug_info    0x0000000000000000      0x11b mbed_shield/src/leds.o
 .debug_abbrev  0x0000000000000000       0x80 mbed_shield/src/leds.o
 .debug_aranges
                0x0000000000000000       0x20 mbed_shield/src/leds.o
 .debug_line    0x0000000000000000      0x1d8 mbed_shield/src/leds.o
 .debug_str     0x0000000000000000      0x1df mbed_shield/src/leds.o
 .comment       0x0000000000000000       0x51 mbed_shield/src/leds.o
 .debug_frame   0x0000000000000000       0x70 mbed_shield/src/leds.o
 .ARM.attributes
                0x0000000000000000       0x34 mbed_shield/src/leds.o
 .text          0x0000000000000000       0x42 mbed_shield/src/sw.o
 .data          0x0000000000000000        0x0 mbed_shield/src/sw.o
 .bss           0x0000000000000000        0x0 mbed_shield/src/sw.o
 .debug_info    0x0000000000000000      0x17d mbed_shield/src/sw.o
 .debug_abbrev  0x0000000000000000       0x55 mbed_shield/src/sw.o
 .debug_aranges
                0x0000000000000000       0x20 mbed_shield/src/sw.o
 .debug_line    0x0000000000000000      0x202 mbed_shield/src/sw.o
 .debug_str     0x0000000000000000      0x257 mbed_shield/src/sw.o
 .comment       0x0000000000000000       0x51 mbed_shield/src/sw.o
 .debug_frame   0x0000000000000000       0xc0 mbed_shield/src/sw.o
 .ARM.attributes
                0x0000000000000000       0x34 mbed_shield/src/sw.o
 .text          0x0000000000000000        0xc mbed_shield/src/lm75.o
 .data          0x0000000000000000        0x1 mbed_shield/src/lm75.o
 .bss           0x0000000000000000        0x0 mbed_shield/src/lm75.o
 .debug_info    0x0000000000000000       0xcd mbed_shield/src/lm75.o
 .debug_abbrev  0x0000000000000000       0x82 mbed_shield/src/lm75.o
 .debug_aranges
                0x0000000000000000       0x20 mbed_shield/src/lm75.o
 .debug_line    0x0000000000000000      0x1d7 mbed_shield/src/lm75.o
 .debug_str     0x0000000000000000      0x1d4 mbed_shield/src/lm75.o
 .comment       0x0000000000000000       0x51 mbed_shield/src/lm75.o
 .debug_frame   0x0000000000000000       0x28 mbed_shield/src/lm75.o
 .ARM.attributes
                0x0000000000000000       0x34 mbed_shield/src/lm75.o
 .text          0x0000000000000000      0xd0c mbed_shield/src/lcd_128x32.o
 .data          0x0000000000000000        0x8 mbed_shield/src/lcd_128x32.o
 .data          0x0000000000000000        0x0 TSL2561/src/opto.o
 .bss           0x0000000000000000        0x0 TSL2561/src/opto.o
 .data          0x0000000000000000        0x0 src/stm32f4xx_hal_msp.o
 .bss           0x0000000000000000        0x0 src/stm32f4xx_hal_msp.o
 .data          0x0000000000000000        0x0 src/stm32f4xx_it.o
 .bss           0x0000000000000000        0x0 src/stm32f4xx_it.o
 .data          0x0000000000000000        0x0 src/main.o
 .text          0x0000000000000000        0x0 startup/startup_stm32f411xe.o
 .data          0x0000000000000000        0x0 startup/startup_stm32f411xe.o
 .bss           0x0000000000000000        0x0 startup/startup_stm32f411xe.o
 .text          0x0000000000000000        0x0 c:/st/stm32cubeide_1.12.0/stm32cubeide/plugins/com.st.stm32cube.ide.mcu.externaltools.gnu-tools-for-stm32.10.3-2021.10.win32_1.0.200.202301161003/tools/bin/../lib/gcc/arm-none-eabi/10.3.1/../../../../arm-none-eabi/lib/thumb/v7e-m+fp/hard\libc.a(lib_a-exit.o)
 .data          0x0000000000000000        0x0 c:/st/stm32cubeide_1.12.0/stm32cubeide/plugins/com.st.stm32cube.ide.mcu.externaltools.gnu-tools-for-stm32.10.3-2021.10.win32_1.0.200.202301161003/tools/bin/../lib/gcc/arm-none-eabi/10.3.1/../../../../arm-none-eabi/lib/thumb/v7e-m+fp/hard\libc.a(lib_a-exit.o)
 .bss           0x0000000000000000        0x0 c:/st/stm32cubeide_1.12.0/stm32cubeide/plugins/com.st.stm32cube.ide.mcu.externaltools.gnu-tools-for-stm32.10.3-2021.10.win32_1.0.200.202301161003/tools/bin/../lib/gcc/arm-none-eabi/10.3.1/../../../../arm-none-eabi/lib/thumb/v7e-m+fp/hard\libc.a(lib_a-exit.o)
 .text.exit     0x0000000000000000       0x20 c:/st/stm32cubeide_1.12.0/stm32cubeide/plugins/com.st.stm32cube.ide.mcu.externaltools.gnu-tools-for-stm32.10.3-2021.10.win32_1.0.200.202301161003/tools/bin/../lib/gcc/arm-none-eabi/10.3.1/../../../../arm-none-eabi/lib/thumb/v7e-m+fp/hard\libc.a(lib_a-exit.o)
 .debug_frame   0x0000000000000000       0x28 c:/st/stm32cubeide_1.12.0/stm32cubeide/plugins/com.st.stm32cube.ide.mcu.externaltools.gnu-tools-for-stm32.10.3-2021.10.win32_1.0.200.202301161003/tools/bin/../lib/gcc/arm-none-eabi/10.3.1/../../../../arm-none-eabi/lib/thumb/v7e-m+fp/hard\libc.a(lib_a-exit.o)
 .ARM.attributes
                0x0000000000000000       0x34 c:/st/stm32cubeide_1.12.0/stm32cubeide/plugins/com.st.stm32cube.ide.mcu.externaltools.gnu-tools-for-stm32.10.3-2021.10.win32_1.0.200.202301161003/tools/bin/../lib/gcc/arm-none-eabi/10.3.1/../../../../arm-none-eabi/lib/thumb/v7e-m+fp/hard\libc.a(lib_a-exit.o)
 .text          0x0000000000000000        0x0 c:/st/stm32cubeide_1.12.0/stm32cubeide/plugins/com.st.stm32cube.ide.mcu.externaltools.gnu-tools-for-stm32.10.3-2021.10.win32_1.0.200.202301161003/tools/bin/../lib/gcc/arm-none-eabi/10.3.1/../../../../arm-none-eabi/lib/thumb/v7e-m+fp/hard\libc.a(lib_a-impure.o)
 .data          0x0000000000000000        0x0 c:/st/stm32cubeide_1.12.0/stm32cubeide/plugins/com.st.stm32cube.ide.mcu.externaltools.gnu-tools-for-stm32.10.3-2021.10.win32_1.0.200.202301161003/tools/bin/../lib/gcc/arm-none-eabi/10.3.1/../../../../arm-none-eabi/lib/thumb/v7e-m+fp/hard\libc.a(lib_a-impure.o)
 .bss           0x0000000000000000        0x0 c:/st/stm32cubeide_1.12.0/stm32cubeide/plugins/com.st.stm32cube.ide.mcu.externaltools.gnu-tools-for-stm32.10.3-2021.10.win32_1.0.200.202301161003/tools/bin/../lib/gcc/arm-none-eabi/10.3.1/../../../../arm-none-eabi/lib/thumb/v7e-m+fp/hard\libc.a(lib_a-impure.o)
 .data._impure_ptr
                0x0000000000000000        0x4 c:/st/stm32cubeide_1.12.0/stm32cubeide/plugins/com.st.stm32cube.ide.mcu.externaltools.gnu-tools-for-stm32.10.3-2021.10.win32_1.0.200.202301161003/tools/bin/../lib/gcc/arm-none-eabi/10.3.1/../../../../arm-none-eabi/lib/thumb/v7e-m+fp/hard\libc.a(lib_a-impure.o)
 .text          0x0000000000000000        0x0 c:/st/stm32cubeide_1.12.0/stm32cubeide/plugins/com.st.stm32cube.ide.mcu.externaltools.gnu-tools-for-stm32.10.3-2021.10.win32_1.0.200.202301161003/tools/bin/../lib/gcc/arm-none-eabi/10.3.1/../../../../arm-none-eabi/lib/thumb/v7e-m+fp/hard\libc.a(lib_a-init.o)
 .data          0x0000000000000000        0x0 c:/st/stm32cubeide_1.12.0/stm32cubeide/plugins/com.st.stm32cube.ide.mcu.externaltools.gnu-tools-for-stm32.10.3-2021.10.win32_1.0.200.202301161003/tools/bin/../lib/gcc/arm-none-eabi/10.3.1/../../../../arm-none-eabi/lib/thumb/v7e-m+fp/hard\libc.a(lib_a-init.o)
 .bss           0x0000000000000000        0x0 c:/st/stm32cubeide_1.12.0/stm32cubeide/plugins/com.st.stm32cube.ide.mcu.externaltools.gnu-tools-for-stm32.10.3-2021.10.win32_1.0.200.202301161003/tools/bin/../lib/gcc/arm-none-eabi/10.3.1/../../../../arm-none-eabi/lib/thumb/v7e-m+fp/hard\libc.a(lib_a-init.o)
 .text          0x0000000000000000        0x0 c:/st/stm32cubeide_1.12.0/stm32cubeide/plugins/com.st.stm32cube.ide.mcu.externaltools.gnu-tools-for-stm32.10.3-2021.10.win32_1.0.200.202301161003/tools/bin/../lib/gcc/arm-none-eabi/10.3.1/../../../../arm-none-eabi/lib/thumb/v7e-m+fp/hard\libc.a(lib_a-memset.o)
 .data          0x0000000000000000        0x0 c:/st/stm32cubeide_1.12.0/stm32cubeide/plugins/com.st.stm32cube.ide.mcu.externaltools.gnu-tools-for-stm32.10.3-2021.10.win32_1.0.200.202301161003/tools/bin/../lib/gcc/arm-none-eabi/10.3.1/../../../../arm-none-eabi/lib/thumb/v7e-m+fp/hard\libc.a(lib_a-memset.o)
 .bss           0x0000000000000000        0x0 c:/st/stm32cubeide_1.12.0/stm32cubeide/plugins/com.st.stm32cube.ide.mcu.externaltools.gnu-tools-for-stm32.10.3-2021.10.win32_1.0.200.202301161003/tools/bin/../lib/gcc/arm-none-eabi/10.3.1/../../../../arm-none-eabi/lib/thumb/v7e-m+fp/hard\libc.a(lib_a-memset.o)
 .text.memset   0x0000000000000000       0x10 c:/st/stm32cubeide_1.12.0/stm32cubeide/plugins/com.st.stm32cube.ide.mcu.externaltools.gnu-tools-for-stm32.10.3-2021.10.win32_1.0.200.202301161003/tools/bin/../lib/gcc/arm-none-eabi/10.3.1/../../../../arm-none-eabi/lib/thumb/v7e-m+fp/hard\libc.a(lib_a-memset.o)
 .debug_frame   0x0000000000000000       0x20 c:/st/stm32cubeide_1.12.0/stm32cubeide/plugins/com.st.stm32cube.ide.mcu.externaltools.gnu-tools-for-stm32.10.3-2021.10.win32_1.0.200.202301161003/tools/bin/../lib/gcc/arm-none-eabi/10.3.1/../../../../arm-none-eabi/lib/thumb/v7e-m+fp/hard\libc.a(lib_a-memset.o)
 .ARM.attributes
                0x0000000000000000       0x34 c:/st/stm32cubeide_1.12.0/stm32cubeide/plugins/com.st.stm32cube.ide.mcu.externaltools.gnu-tools-for-stm32.10.3-2021.10.win32_1.0.200.202301161003/tools/bin/../lib/gcc/arm-none-eabi/10.3.1/../../../../arm-none-eabi/lib/thumb/v7e-m+fp/hard\libc.a(lib_a-memset.o)
 .text          0x0000000000000000        0x0 c:/st/stm32cubeide_1.12.0/stm32cubeide/plugins/com.st.stm32cube.ide.mcu.externaltools.gnu-tools-for-stm32.10.3-2021.10.win32_1.0.200.202301161003/tools/bin/../lib/gcc/arm-none-eabi/10.3.1/../../../../arm-none-eabi/lib/thumb/v7e-m+fp/hard\libc.a(lib_a-__call_atexit.o)
 .data          0x0000000000000000        0x0 c:/st/stm32cubeide_1.12.0/stm32cubeide/plugins/com.st.stm32cube.ide.mcu.externaltools.gnu-tools-for-stm32.10.3-2021.10.win32_1.0.200.202301161003/tools/bin/../lib/gcc/arm-none-eabi/10.3.1/../../../../arm-none-eabi/lib/thumb/v7e-m+fp/hard\libc.a(lib_a-__call_atexit.o)
 .bss           0x0000000000000000        0x0 c:/st/stm32cubeide_1.12.0/stm32cubeide/plugins/com.st.stm32cube.ide.mcu.externaltools.gnu-tools-for-stm32.10.3-2021.10.win32_1.0.200.202301161003/tools/bin/../lib/gcc/arm-none-eabi/10.3.1/../../../../arm-none-eabi/lib/thumb/v7e-m+fp/hard\libc.a(lib_a-__call_atexit.o)
 .text.__call_exitprocs
                0x0000000000000000       0xb8 c:/st/stm32cubeide_1.12.0/stm32cubeide/plugins/com.st.stm32cube.ide.mcu.externaltools.gnu-tools-for-stm32.10.3-2021.10.win32_1.0.200.202301161003/tools/bin/../lib/gcc/arm-none-eabi/10.3.1/../../../../arm-none-eabi/lib/thumb/v7e-m+fp/hard\libc.a(lib_a-__call_atexit.o)
 .text          0x0000000000000000        0x0 c:/st/stm32cubeide_1.12.0/stm32cubeide/plugins/com.st.stm32cube.ide.mcu.externaltools.gnu-tools-for-stm32.10.3-2021.10.win32_1.0.200.202301161003/tools/bin/../lib/gcc/arm-none-eabi/10.3.1/../../../../arm-none-eabi/lib/thumb/v7e-m+fp/hard\libc.a(lib_a-atexit.o)
 .data          0x0000000000000000        0x0 c:/st/stm32cubeide_1.12.0/stm32cubeide/plugins/com.st.stm32cube.ide.mcu.externaltools.gnu-tools-for-stm32.10.3-2021.10.win32_1.0.200.202301161003/tools/bin/../lib/gcc/arm-none-eabi/10.3.1/../../../../arm-none-eabi/lib/thumb/v7e-m+fp/hard\libc.a(lib_a-atexit.o)
 .bss           0x0000000000000000        0x0 c:/st/stm32cubeide_1.12.0/stm32cubeide/plugins/com.st.stm32cube.ide.mcu.externaltools.gnu-tools-for-stm32.10.3-2021.10.win32_1.0.200.202301161003/tools/bin/../lib/gcc/arm-none-eabi/10.3.1/../../../../arm-none-eabi/lib/thumb/v7e-m+fp/hard\libc.a(lib_a-atexit.o)
 .text          0x0000000000000000        0x0 c:/st/stm32cubeide_1.12.0/stm32cubeide/plugins/com.st.stm32cube.ide.mcu.externaltools.gnu-tools-for-stm32.10.3-2021.10.win32_1.0.200.202301161003/tools/bin/../lib/gcc/arm-none-eabi/10.3.1/../../../../arm-none-eabi/lib/thumb/v7e-m+fp/hard\libc.a(lib_a-fini.o)
 .data          0x0000000000000000        0x0 c:/st/stm32cubeide_1.12.0/stm32cubeide/plugins/com.st.stm32cube.ide.mcu.externaltools.gnu-tools-for-stm32.10.3-2021.10.win32_1.0.200.202301161003/tools/bin/../lib/gcc/arm-none-eabi/10.3.1/../../../../arm-none-eabi/lib/thumb/v7e-m+fp/hard\libc.a(lib_a-fini.o)
 .bss           0x0000000000000000        0x0 c:/st/stm32cubeide_1.12.0/stm32cubeide/plugins/com.st.stm32cube.ide.mcu.externaltools.gnu-tools-for-stm32.10.3-2021.10.win32_1.0.200.202301161003/tools/bin/../lib/gcc/arm-none-eabi/10.3.1/../../../../arm-none-eabi/lib/thumb/v7e-m+fp/hard\libc.a(lib_a-fini.o)
 .text          0x0000000000000000        0x0 c:/st/stm32cubeide_1.12.0/stm32cubeide/plugins/com.st.stm32cube.ide.mcu.externaltools.gnu-tools-for-stm32.10.3-2021.10.win32_1.0.200.202301161003/tools/bin/../lib/gcc/arm-none-eabi/10.3.1/../../../../arm-none-eabi/lib/thumb/v7e-m+fp/hard\libc.a(lib_a-lock.o)
 .data          0x0000000000000000        0x0 c:/st/stm32cubeide_1.12.0/stm32cubeide/plugins/com.st.stm32cube.ide.mcu.externaltools.gnu-tools-for-stm32.10.3-2021.10.win32_1.0.200.202301161003/tools/bin/../lib/gcc/arm-none-eabi/10.3.1/../../../../arm-none-eabi/lib/thumb/v7e-m+fp/hard\libc.a(lib_a-lock.o)
 .bss           0x0000000000000000        0x0 c:/st/stm32cubeide_1.12.0/stm32cubeide/plugins/com.st.stm32cube.ide.mcu.externaltools.gnu-tools-for-stm32.10.3-2021.10.win32_1.0.200.202301161003/tools/bin/../lib/gcc/arm-none-eabi/10.3.1/../../../../arm-none-eabi/lib/thumb/v7e-m+fp/hard\libc.a(lib_a-lock.o)
 .text.__retarget_lock_init
                0x0000000000000000        0x2 c:/st/stm32cubeide_1.12.0/stm32cubeide/plugins/com.st.stm32cube.ide.mcu.externaltools.gnu-tools-for-stm32.10.3-2021.10.win32_1.0.200.202301161003/tools/bin/../lib/gcc/arm-none-eabi/10.3.1/../../../../arm-none-eabi/lib/thumb/v7e-m+fp/hard\libc.a(lib_a-lock.o)
 .text.__retarget_lock_init_recursive
                0x0000000000000000        0x2 c:/st/stm32cubeide_1.12.0/stm32cubeide/plugins/com.st.stm32cube.ide.mcu.externaltools.gnu-tools-for-stm32.10.3-2021.10.win32_1.0.200.202301161003/tools/bin/../lib/gcc/arm-none-eabi/10.3.1/../../../../arm-none-eabi/lib/thumb/v7e-m+fp/hard\libc.a(lib_a-lock.o)
 .text.__retarget_lock_close
                0x0000000000000000        0x2 c:/st/stm32cubeide_1.12.0/stm32cubeide/plugins/com.st.stm32cube.ide.mcu.externaltools.gnu-tools-for-stm32.10.3-2021.10.win32_1.0.200.202301161003/tools/bin/../lib/gcc/arm-none-eabi/10.3.1/../../../../arm-none-eabi/lib/thumb/v7e-m+fp/hard\libc.a(lib_a-lock.o)
 .text.__retarget_lock_close_recursive
                0x0000000000000000        0x2 c:/st/stm32cubeide_1.12.0/stm32cubeide/plugins/com.st.stm32cube.ide.mcu.externaltools.gnu-tools-for-stm32.10.3-2021.10.win32_1.0.200.202301161003/tools/bin/../lib/gcc/arm-none-eabi/10.3.1/../../../../arm-none-eabi/lib/thumb/v7e-m+fp/hard\libc.a(lib_a-lock.o)
 .text.__retarget_lock_acquire
                0x0000000000000000        0x2 c:/st/stm32cubeide_1.12.0/stm32cubeide/plugins/com.st.stm32cube.ide.mcu.externaltools.gnu-tools-for-stm32.10.3-2021.10.win32_1.0.200.202301161003/tools/bin/../lib/gcc/arm-none-eabi/10.3.1/../../../../arm-none-eabi/lib/thumb/v7e-m+fp/hard\libc.a(lib_a-lock.o)
 .text.__retarget_lock_try_acquire
                0x0000000000000000        0x4 c:/st/stm32cubeide_1.12.0/stm32cubeide/plugins/com.st.stm32cube.ide.mcu.externaltools.gnu-tools-for-stm32.10.3-2021.10.win32_1.0.200.202301161003/tools/bin/../lib/gcc/arm-none-eabi/10.3.1/../../../../arm-none-eabi/lib/thumb/v7e-m+fp/hard\libc.a(lib_a-lock.o)
 .text.__retarget_lock_try_acquire_recursive
                0x0000000000000000        0x4 c:/st/stm32cubeide_1.12.0/stm32cubeide/plugins/com.st.stm32cube.ide.mcu.externaltools.gnu-tools-for-stm32.10.3-2021.10.win32_1.0.200.202301161003/tools/bin/../lib/gcc/arm-none-eabi/10.3.1/../../../../arm-none-eabi/lib/thumb/v7e-m+fp/hard\libc.a(lib_a-lock.o)
 .text.__retarget_lock_release
                0x0000000000000000        0x2 c:/st/stm32cubeide_1.12.0/stm32cubeide/plugins/com.st.stm32cube.ide.mcu.externaltools.gnu-tools-for-stm32.10.3-2021.10.win32_1.0.200.202301161003/tools/bin/../lib/gcc/arm-none-eabi/10.3.1/../../../../arm-none-eabi/lib/thumb/v7e-m+fp/hard\libc.a(lib_a-lock.o)
 .bss.__lock___arc4random_mutex
                0x0000000000000000        0x1 c:/st/stm32cubeide_1.12.0/stm32cubeide/plugins/com.st.stm32cube.ide.mcu.externaltools.gnu-tools-for-stm32.10.3-2021.10.win32_1.0.200.202301161003/tools/bin/../lib/gcc/arm-none-eabi/10.3.1/../../../../arm-none-eabi/lib/thumb/v7e-m+fp/hard\libc.a(lib_a-lock.o)
 .bss.__lock___at_quick_exit_mutex
                0x0000000000000000        0x1 c:/st/stm32cubeide_1.12.0/stm32cubeide/plugins/com.st.stm32cube.ide.mcu.externaltools.gnu-tools-for-stm32.10.3-2021.10.win32_1.0.200.202301161003/tools/bin/../lib/gcc/arm-none-eabi/10.3.1/../../../../arm-none-eabi/lib/thumb/v7e-m+fp/hard\libc.a(lib_a-lock.o)
 .bss.__lock___dd_hash_mutex
                0x0000000000000000        0x1 c:/st/stm32cubeide_1.12.0/stm32cubeide/plugins/com.st.stm32cube.ide.mcu.externaltools.gnu-tools-for-stm32.10.3-2021.10.win32_1.0.200.202301161003/tools/bin/../lib/gcc/arm-none-eabi/10.3.1/../../../../arm-none-eabi/lib/thumb/v7e-m+fp/hard\libc.a(lib_a-lock.o)
 .bss.__lock___env_recursive_mutex
                0x0000000000000000        0x1 c:/st/stm32cubeide_1.12.0/stm32cubeide/plugins/com.st.stm32cube.ide.mcu.externaltools.gnu-tools-for-stm32.10.3-2021.10.win32_1.0.200.202301161003/tools/bin/../lib/gcc/arm-none-eabi/10.3.1/../../../../arm-none-eabi/lib/thumb/v7e-m+fp/hard\libc.a(lib_a-lock.o)
 .bss.__lock___malloc_recursive_mutex
                0x0000000000000000        0x1 c:/st/stm32cubeide_1.12.0/stm32cubeide/plugins/com.st.stm32cube.ide.mcu.externaltools.gnu-tools-for-stm32.10.3-2021.10.win32_1.0.200.202301161003/tools/bin/../lib/gcc/arm-none-eabi/10.3.1/../../../../arm-none-eabi/lib/thumb/v7e-m+fp/hard\libc.a(lib_a-lock.o)
 .bss.__lock___sfp_recursive_mutex
                0x0000000000000000        0x1 c:/st/stm32cubeide_1.12.0/stm32cubeide/plugins/com.st.stm32cube.ide.mcu.externaltools.gnu-tools-for-stm32.10.3-2021.10.win32_1.0.200.202301161003/tools/bin/../lib/gcc/arm-none-eabi/10.3.1/../../../../arm-none-eabi/lib/thumb/v7e-m+fp/hard\libc.a(lib_a-lock.o)
 .bss.__lock___sinit_recursive_mutex
                0x0000000000000000        0x1 c:/st/stm32cubeide_1.12.0/stm32cubeide/plugins/com.st.stm32cube.ide.mcu.externaltools.gnu-tools-for-stm32.10.3-2021.10.win32_1.0.200.202301161003/tools/bin/../lib/gcc/arm-none-eabi/10.3.1/../../../../arm-none-eabi/lib/thumb/v7e-m+fp/hard\libc.a(lib_a-lock.o)
 .bss.__lock___tz_mutex
                0x0000000000000000        0x1 c:/st/stm32cubeide_1.12.0/stm32cubeide/plugins/com.st.stm32cube.ide.mcu.externaltools.gnu-tools-for-stm32.10.3-2021.10.win32_1.0.200.202301161003/tools/bin/../lib/gcc/arm-none-eabi/10.3.1/../../../../arm-none-eabi/lib/thumb/v7e-m+fp/hard\libc.a(lib_a-lock.o)
 .text          0x0000000000000000        0x0 c:/st/stm32cubeide_1.12.0/stm32cubeide/plugins/com.st.stm32cube.ide.mcu.externaltools.gnu-tools-for-stm32.10.3-2021.10.win32_1.0.200.202301161003/tools/bin/../lib/gcc/arm-none-eabi/10.3.1/../../../../arm-none-eabi/lib/thumb/v7e-m+fp/hard\libc.a(lib_a-__atexit.o)
 .data          0x0000000000000000        0x0 c:/st/stm32cubeide_1.12.0/stm32cubeide/plugins/com.st.stm32cube.ide.mcu.externaltools.gnu-tools-for-stm32.10.3-2021.10.win32_1.0.200.202301161003/tools/bin/../lib/gcc/arm-none-eabi/10.3.1/../../../../arm-none-eabi/lib/thumb/v7e-m+fp/hard\libc.a(lib_a-__atexit.o)
 .bss           0x0000000000000000        0x0 c:/st/stm32cubeide_1.12.0/stm32cubeide/plugins/com.st.stm32cube.ide.mcu.externaltools.gnu-tools-for-stm32.10.3-2021.10.win32_1.0.200.202301161003/tools/bin/../lib/gcc/arm-none-eabi/10.3.1/../../../../arm-none-eabi/lib/thumb/v7e-m+fp/hard\libc.a(lib_a-__atexit.o)
 .text          0x0000000000000000      0x254 c:/st/stm32cubeide_1.12.0/stm32cubeide/plugins/com.st.stm32cube.ide.mcu.externaltools.gnu-tools-for-stm32.10.3-2021.10.win32_1.0.200.202301161003/tools/bin/../lib/gcc/arm-none-eabi/10.3.1/thumb/v7e-m+fp/hard\libgcc.a(_arm_muldf3.o)
 .data          0x0000000000000000        0x0 c:/st/stm32cubeide_1.12.0/stm32cubeide/plugins/com.st.stm32cube.ide.mcu.externaltools.gnu-tools-for-stm32.10.3-2021.10.win32_1.0.200.202301161003/tools/bin/../lib/gcc/arm-none-eabi/10.3.1/thumb/v7e-m+fp/hard\libgcc.a(_arm_muldf3.o)
 .bss           0x0000000000000000        0x0 c:/st/stm32cubeide_1.12.0/stm32cubeide/plugins/com.st.stm32cube.ide.mcu.externaltools.gnu-tools-for-stm32.10.3-2021.10.win32_1.0.200.202301161003/tools/bin/../lib/gcc/arm-none-eabi/10.3.1/thumb/v7e-m+fp/hard\libgcc.a(_arm_muldf3.o)
 .debug_frame   0x0000000000000000       0x30 c:/st/stm32cubeide_1.12.0/stm32cubeide/plugins/com.st.stm32cube.ide.mcu.externaltools.gnu-tools-for-stm32.10.3-2021.10.win32_1.0.200.202301161003/tools/bin/../lib/gcc/arm-none-eabi/10.3.1/thumb/v7e-m+fp/hard\libgcc.a(_arm_muldf3.o)
 .ARM.attributes
                0x0000000000000000       0x1e c:/st/stm32cubeide_1.12.0/stm32cubeide/plugins/com.st.stm32cube.ide.mcu.externaltools.gnu-tools-for-stm32.10.3-2021.10.win32_1.0.200.202301161003/tools/bin/../lib/gcc/arm-none-eabi/10.3.1/thumb/v7e-m+fp/hard\libgcc.a(_arm_muldf3.o)
 .data          0x0000000000000000        0x0 c:/st/stm32cubeide_1.12.0/stm32cubeide/plugins/com.st.stm32cube.ide.mcu.externaltools.gnu-tools-for-stm32.10.3-2021.10.win32_1.0.200.202301161003/tools/bin/../lib/gcc/arm-none-eabi/10.3.1/thumb/v7e-m+fp/hard\libgcc.a(_arm_addsubdf3.o)
 .bss           0x0000000000000000        0x0 c:/st/stm32cubeide_1.12.0/stm32cubeide/plugins/com.st.stm32cube.ide.mcu.externaltools.gnu-tools-for-stm32.10.3-2021.10.win32_1.0.200.202301161003/tools/bin/../lib/gcc/arm-none-eabi/10.3.1/thumb/v7e-m+fp/hard\libgcc.a(_arm_addsubdf3.o)
 .data          0x0000000000000000        0x0 c:/st/stm32cubeide_1.12.0/stm32cubeide/plugins/com.st.stm32cube.ide.mcu.externaltools.gnu-tools-for-stm32.10.3-2021.10.win32_1.0.200.202301161003/tools/bin/../lib/gcc/arm-none-eabi/10.3.1/thumb/v7e-m+fp/hard\libgcc.a(_arm_muldivdf3.o)
 .bss           0x0000000000000000        0x0 c:/st/stm32cubeide_1.12.0/stm32cubeide/plugins/com.st.stm32cube.ide.mcu.externaltools.gnu-tools-for-stm32.10.3-2021.10.win32_1.0.200.202301161003/tools/bin/../lib/gcc/arm-none-eabi/10.3.1/thumb/v7e-m+fp/hard\libgcc.a(_arm_muldivdf3.o)
 .data          0x0000000000000000        0x0 c:/st/stm32cubeide_1.12.0/stm32cubeide/plugins/com.st.stm32cube.ide.mcu.externaltools.gnu-tools-for-stm32.10.3-2021.10.win32_1.0.200.202301161003/tools/bin/../lib/gcc/arm-none-eabi/10.3.1/thumb/v7e-m+fp/hard\libgcc.a(_arm_truncdfsf2.o)
 .bss           0x0000000000000000        0x0 c:/st/stm32cubeide_1.12.0/stm32cubeide/plugins/com.st.stm32cube.ide.mcu.externaltools.gnu-tools-for-stm32.10.3-2021.10.win32_1.0.200.202301161003/tools/bin/../lib/gcc/arm-none-eabi/10.3.1/thumb/v7e-m+fp/hard\libgcc.a(_arm_truncdfsf2.o)
 .text          0x0000000000000000        0x0 c:/st/stm32cubeide_1.12.0/stm32cubeide/plugins/com.st.stm32cube.ide.mcu.externaltools.gnu-tools-for-stm32.10.3-2021.10.win32_1.0.200.202301161003/tools/bin/../lib/gcc/arm-none-eabi/10.3.1/thumb/v7e-m+fp/hard/crtend.o
 .data          0x0000000000000000        0x0 c:/st/stm32cubeide_1.12.0/stm32cubeide/plugins/com.st.stm32cube.ide.mcu.externaltools.gnu-tools-for-stm32.10.3-2021.10.win32_1.0.200.202301161003/tools/bin/../lib/gcc/arm-none-eabi/10.3.1/thumb/v7e-m+fp/hard/crtend.o
 .bss           0x0000000000000000        0x0 c:/st/stm32cubeide_1.12.0/stm32cubeide/plugins/com.st.stm32cube.ide.mcu.externaltools.gnu-tools-for-stm32.10.3-2021.10.win32_1.0.200.202301161003/tools/bin/../lib/gcc/arm-none-eabi/10.3.1/thumb/v7e-m+fp/hard/crtend.o
 .eh_frame      0x0000000000000000        0x4 c:/st/stm32cubeide_1.12.0/stm32cubeide/plugins/com.st.stm32cube.ide.mcu.externaltools.gnu-tools-for-stm32.10.3-2021.10.win32_1.0.200.202301161003/tools/bin/../lib/gcc/arm-none-eabi/10.3.1/thumb/v7e-m+fp/hard/crtend.o
 .text          0x0000000000000000        0x0 c:/st/stm32cubeide_1.12.0/stm32cubeide/plugins/com.st.stm32cube.ide.mcu.externaltools.gnu-tools-for-stm32.10.3-2021.10.win32_1.0.200.202301161003/tools/bin/../lib/gcc/arm-none-eabi/10.3.1/thumb/v7e-m+fp/hard/crtn.o
 .data          0x0000000000000000        0x0 c:/st/stm32cubeide_1.12.0/stm32cubeide/plugins/com.st.stm32cube.ide.mcu.externaltools.gnu-tools-for-stm32.10.3-2021.10.win32_1.0.200.202301161003/tools/bin/../lib/gcc/arm-none-eabi/10.3.1/thumb/v7e-m+fp/hard/crtn.o
 .bss           0x0000000000000000        0x0 c:/st/stm32cubeide_1.12.0/stm32cubeide/plugins/com.st.stm32cube.ide.mcu.externaltools.gnu-tools-for-stm32.10.3-2021.10.win32_1.0.200.202301161003/tools/bin/../lib/gcc/arm-none-eabi/10.3.1/thumb/v7e-m+fp/hard/crtn.o

Memory Configuration

Name             Origin             Length             Attributes
FLASH            0x0000000008000000 0x0000000000080000 xr
RAM              0x0000000020000000 0x0000000000020000 xrw
*default*        0x0000000000000000 0xffffffffffffffff

Linker script and memory map

LOAD c:/st/stm32cubeide_1.12.0/stm32cubeide/plugins/com.st.stm32cube.ide.mcu.externaltools.gnu-tools-for-stm32.10.3-2021.10.win32_1.0.200.202301161003/tools/bin/../lib/gcc/arm-none-eabi/10.3.1/thumb/v7e-m+fp/hard/crti.o
LOAD c:/st/stm32cubeide_1.12.0/stm32cubeide/plugins/com.st.stm32cube.ide.mcu.externaltools.gnu-tools-for-stm32.10.3-2021.10.win32_1.0.200.202301161003/tools/bin/../lib/gcc/arm-none-eabi/10.3.1/thumb/v7e-m+fp/hard/crtbegin.o
LOAD c:/st/stm32cubeide_1.12.0/stm32cubeide/plugins/com.st.stm32cube.ide.mcu.externaltools.gnu-tools-for-stm32.10.3-2021.10.win32_1.0.200.202301161003/tools/bin/../lib/gcc/arm-none-eabi/10.3.1/../../../../arm-none-eabi/lib/thumb/v7e-m+fp/hard/crt0.o
LOAD startup/stm32f411_periph.o
LOAD startup/sys_handlers.o
LOAD startup/system_stm32f4xx.o
LOAD STM32F4xx_HAL_Driver/src/stm32f4xx_ll_rcc.o
LOAD STM32F4xx_HAL_Driver/src/stm32f4xx_hal_i2c.o
LOAD STM32F4xx_HAL_Driver/src/util.o
LOAD STM32F4xx_HAL_Driver/src/stm32f4xx_hal.o
LOAD STM32F4xx_HAL_Driver/src/stm32f4xx_hal_cortex.o
LOAD STM32F4xx_HAL_Driver/src/stm32f4xx_hal_uart.o
LOAD STM32F4xx_HAL_Driver/src/stm32f4xx_hal_gpio.o
LOAD STM32F4xx_HAL_Driver/src/stm32f4xx_hal_tim.o
LOAD STM32F4xx_HAL_Driver/src/stm32f4xx_hal_spi.o
LOAD mbed_shield/src/leds.o
LOAD mbed_shield/src/sw.o
LOAD mbed_shield/src/lm75.o
LOAD mbed_shield/src/lcd_128x32.o
LOAD TSL2561/src/opto.o
LOAD src/stm32f4xx_hal_msp.o
LOAD src/stm32f4xx_it.o
LOAD src/main.o
LOAD startup/startup_stm32f411xe.o
LOAD c:/st/stm32cubeide_1.12.0/stm32cubeide/plugins/com.st.stm32cube.ide.mcu.externaltools.gnu-tools-for-stm32.10.3-2021.10.win32_1.0.200.202301161003/tools/bin/../lib/gcc/arm-none-eabi/10.3.1/../../../../arm-none-eabi/lib/thumb/v7e-m+fp/hard\libc.a
LOAD c:/st/stm32cubeide_1.12.0/stm32cubeide/plugins/com.st.stm32cube.ide.mcu.externaltools.gnu-tools-for-stm32.10.3-2021.10.win32_1.0.200.202301161003/tools/bin/../lib/gcc/arm-none-eabi/10.3.1/thumb/v7e-m+fp/hard\libgcc.a
LOAD c:/st/stm32cubeide_1.12.0/stm32cubeide/plugins/com.st.stm32cube.ide.mcu.externaltools.gnu-tools-for-stm32.10.3-2021.10.win32_1.0.200.202301161003/tools/bin/../lib/gcc/arm-none-eabi/10.3.1/thumb/v7e-m+fp/hard\libgcov.a
LOAD c:/st/stm32cubeide_1.12.0/stm32cubeide/plugins/com.st.stm32cube.ide.mcu.externaltools.gnu-tools-for-stm32.10.3-2021.10.win32_1.0.200.202301161003/tools/bin/../lib/gcc/arm-none-eabi/10.3.1/../../../../arm-none-eabi/lib/thumb/v7e-m+fp/hard\libm.a
START GROUP
LOAD c:/st/stm32cubeide_1.12.0/stm32cubeide/plugins/com.st.stm32cube.ide.mcu.externaltools.gnu-tools-for-stm32.10.3-2021.10.win32_1.0.200.202301161003/tools/bin/../lib/gcc/arm-none-eabi/10.3.1/thumb/v7e-m+fp/hard\libgcc.a
LOAD c:/st/stm32cubeide_1.12.0/stm32cubeide/plugins/com.st.stm32cube.ide.mcu.externaltools.gnu-tools-for-stm32.10.3-2021.10.win32_1.0.200.202301161003/tools/bin/../lib/gcc/arm-none-eabi/10.3.1/../../../../arm-none-eabi/lib/thumb/v7e-m+fp/hard\libc.a
END GROUP
LOAD c:/st/stm32cubeide_1.12.0/stm32cubeide/plugins/com.st.stm32cube.ide.mcu.externaltools.gnu-tools-for-stm32.10.3-2021.10.win32_1.0.200.202301161003/tools/bin/../lib/gcc/arm-none-eabi/10.3.1/thumb/v7e-m+fp/hard/crtend.o
LOAD c:/st/stm32cubeide_1.12.0/stm32cubeide/plugins/com.st.stm32cube.ide.mcu.externaltools.gnu-tools-for-stm32.10.3-2021.10.win32_1.0.200.202301161003/tools/bin/../lib/gcc/arm-none-eabi/10.3.1/thumb/v7e-m+fp/hard/crtn.o
                0x0000000020020000                _estack = 0x20020000
                0x0000000000000200                _Min_Heap_Size = 0x200
                0x0000000000000400                _Min_Stack_Size = 0x400

.isr_vector     0x0000000008000000      0x198
                0x0000000008000000                . = ALIGN (0x4)
 *(.isr_vector)
 .isr_vector    0x0000000008000000      0x198 startup/startup_stm32f411xe.o
                0x0000000008000000                g_pfnVectors
                0x0000000008000198                . = ALIGN (0x4)

.text           0x0000000008000198     0x34a8
                0x0000000008000198                . = ALIGN (0x4)
 *(.text)
 .text          0x0000000008000198       0x40 c:/st/stm32cubeide_1.12.0/stm32cubeide/plugins/com.st.stm32cube.ide.mcu.externaltools.gnu-tools-for-stm32.10.3-2021.10.win32_1.0.200.202301161003/tools/bin/../lib/gcc/arm-none-eabi/10.3.1/thumb/v7e-m+fp/hard/crtbegin.o
 .text          0x00000000080001d8       0x18 startup/sys_handlers.o
                0x00000000080001d8                NMI_Handler
                0x00000000080001dc                HardFault_Handler
                0x00000000080001de                MemManage_Handler
                0x00000000080001e0                BusFault_Handler
                0x00000000080001e2                UsageFault_Handler
                0x00000000080001e4                SVC_Handler
                0x00000000080001e8                DebugMon_Handler
                0x00000000080001ec                PendSV_Handler
 .text          0x00000000080001f0      0x16c startup/system_stm32f4xx.o
                0x00000000080001f0                SystemInit
                0x0000000008000264                SystemCoreClockUpdate
 .text          0x000000000800035c      0x3f0 STM32F4xx_HAL_Driver/src/stm32f4xx_ll_rcc.o
                0x000000000800056c                rcc_config_clock
 .text          0x000000000800074c      0x4d8 STM32F4xx_HAL_Driver/src/stm32f4xx_hal_i2c.o
                0x000000000800074c                HAL_I2C_EV_IRQHandler
                0x0000000008000928                HAL_I2C_ER_IRQHandler
                0x00000000080009be                HAL_I2C_Init
                0x0000000008000a74                HAL_I2C_Master_Transmit_IT
                0x0000000008000b06                HAL_I2C_Master_Receive_IT
                0x0000000008000b98                HAL_I2C_Master_Transmit_Receive_IT
 *fill*         0x0000000008000c24        0x4 
 .text          0x0000000008000c28      0x34c STM32F4xx_HAL_Driver/src/util.o
                0x0000000008000c28                num2str
                0x0000000008000cc4                str2num
                0x0000000008000d5e                reverse
                0x0000000008000db2                intToStr
                0x0000000008000e40                float2str
                0x0000000008000ee0                myPow
 .text          0x0000000008000f74      0x268 STM32F4xx_HAL_Driver/src/stm32f4xx_hal.o
                0x0000000008000f74                HAL_Init
                0x0000000008000f8c                HAL_DeInit
                0x0000000008000f9c                HAL_MspDeInit
                0x0000000008000fa0                HAL_InitTick
                0x0000000008001000                HAL_IncTick
                0x000000000800101c                HAL_GetTick
                0x0000000008001028                HAL_GetTickPrio
                0x0000000008001034                HAL_SetTickFreq
                0x000000000800107c                HAL_GetTickFreq
                0x0000000008001088                HAL_Delay
                0x00000000080010cc                HAL_SuspendTick
                0x00000000080010e0                HAL_ResumeTick
                0x00000000080010f4                HAL_GetHalVersion
                0x0000000008001100                HAL_GetREVID
                0x0000000008001110                HAL_GetDEVID
                0x0000000008001120                HAL_DBGMCU_EnableDBGSleepMode
                0x0000000008001134                HAL_DBGMCU_DisableDBGSleepMode
                0x0000000008001148                HAL_DBGMCU_EnableDBGStopMode
                0x000000000800115c                HAL_DBGMCU_DisableDBGStopMode
                0x0000000008001170                HAL_DBGMCU_EnableDBGStandbyMode
                0x0000000008001184                HAL_DBGMCU_DisableDBGStandbyMode
                0x0000000008001198                HAL_EnableCompensationCell
                0x00000000080011a8                HAL_DisableCompensationCell
                0x00000000080011b8                HAL_GetUIDw0
                0x00000000080011c4                HAL_GetUIDw1
                0x00000000080011d0                HAL_GetUIDw2
 .text          0x00000000080011dc      0x59c STM32F4xx_HAL_Driver/src/stm32f4xx_hal_cortex.o
                0x0000000008001510                HAL_NVIC_SetPriorityGrouping
                0x0000000008001524                HAL_NVIC_SetPriority
                0x000000000800155c                HAL_NVIC_EnableIRQ
                0x0000000008001578                HAL_NVIC_DisableIRQ
                0x0000000008001594                HAL_NVIC_SystemReset
                0x000000000800159e                HAL_SYSTICK_Config
                0x00000000080015b4                HAL_MPU_Disable
                0x00000000080015d8                HAL_MPU_Enable
                0x000000000800160c                HAL_MPU_ConfigRegion
                0x000000000800168c                HAL_NVIC_GetPriorityGrouping
                0x0000000008001698                HAL_NVIC_GetPriority
                0x00000000080016c4                HAL_NVIC_SetPendingIRQ
                0x00000000080016e0                HAL_NVIC_GetPendingIRQ
                0x00000000080016fe                HAL_NVIC_ClearPendingIRQ
                0x000000000800171a                HAL_NVIC_GetActive
                0x0000000008001738                HAL_SYSTICK_CLKSourceConfig
                0x0000000008001768                HAL_SYSTICK_IRQHandler
                0x0000000008001772                HAL_SYSTICK_Callback
 .text          0x0000000008001778      0x424 STM32F4xx_HAL_Driver/src/stm32f4xx_hal_uart.o
                0x0000000008001778                HAL_USART_IRQHandler
                0x00000000080017d4                HAL_UART_Init
                0x0000000008001858                HAL_UART_Transmit
                0x000000000800186c                HAL_UART_Receive
                0x00000000080018b4                HAL_UART_Receive_IT
                0x00000000080018ec                uart_putc
                0x00000000080018fc                uart_puts
                0x0000000008001908                uart_printf
 .text          0x0000000008001b9c      0x388 STM32F4xx_HAL_Driver/src/stm32f4xx_hal_gpio.o
                0x0000000008001b9c                HAL_GPIO_EXTI_IRQHandler
                0x0000000008001bd8                HAL_GPIO_Init
                0x0000000008001ed4                HAL_GPIO_ReadPort
                0x0000000008001ee6                HAL_GPIO_ReadPin
                0x0000000008001ef8                HAL_GPIO_WritePort
                0x0000000008001f0e                HAL_GPIO_WritePin
 .text          0x0000000008001f24      0x3cc STM32F4xx_HAL_Driver/src/stm32f4xx_hal_tim.o
                0x0000000008001f24                HAL_TIM_IRQHandler
                0x0000000008001f48                HAL_TIM_wait_ms
                0x0000000008001f56                HAL_TIM_wait_us
                0x0000000008001f64                HAL_TIM_Base_Init
                0x0000000008001fb0                HAL_TIM_Base_Start
                0x0000000008001fba                HAL_TIM_Base_Start_IT
                0x0000000008001fc4                HAL_TIM_Base_Stop
                0x0000000008001fce                HAL_TIM_Base_Stop_IT
                0x0000000008001fd8                HAL_TIM_PWM_Init
                0x0000000008002038                HAL_TIM_PWM_ConfigChannel
                0x0000000008002230                HAL_TIM_PWM_Channel_Set
 .text          0x00000000080022f0      0x1dc STM32F4xx_HAL_Driver/src/stm32f4xx_hal_spi.o
                0x00000000080022f0                HAL_SPI_IRQHandler
                0x0000000008002394                HAL_SPI_Init
                0x0000000008002418                HAL_SPI_Transmit_IT
                0x000000000800248a                HAL_SPI_Write_Byte
 .text          0x00000000080024cc      0x37c TSL2561/src/opto.o
                0x00000000080024cc                opto_init
                0x000000000800253c                Ac_read_id
                0x0000000008002578                ac_read_x1
                0x00000000080025b4                ac_read_x2
                0x00000000080025f0                ac_read_y1
                0x000000000800262c                ac_read_y2
                0x0000000008002668                ac_read_z1
                0x00000000080026a4                ac_read_z2
                0x00000000080026e0                ge_read_x1
                0x000000000800271c                ge_read_x2
                0x0000000008002758                ge_read_y1
                0x0000000008002794                ge_read_y2
                0x00000000080027d0                ge_read_z1
                0x000000000800280c                ge_read_z2
 .text          0x0000000008002848      0x238 src/stm32f4xx_hal_msp.o
                0x00000000080028c4                HAL_MspInit
                0x00000000080028d6                HAL_GPIO_LEDS_MspInit
                0x0000000008002998                HAL_GPIO_SWITCHS_MspInit
                0x000000000800299c                HAL_UART2_MspInit
                0x0000000008002a14                HAL_I2C1_MspInit
 .text          0x0000000008002a80       0x88 src/stm32f4xx_it.o
                0x0000000008002a80                SysTick_Handler
                0x0000000008002a8e                TIM5_IRQHandler
                0x0000000008002aa0                USART2_IRQHandler
                0x0000000008002ab0                I2C1_EV_IRQHandler
                0x0000000008002ac0                I2C1_ER_IRQHandler
                0x0000000008002ad0                EXTI15_10_IRQHandler
                0x0000000008002ade                EXTI4_IRQHandler
                0x0000000008002aea                EXTI0_IRQHandler
                0x0000000008002af6                SPI1_IRQHandler
 .text          0x0000000008002b08      0x17c src/main.o
                0x0000000008002b08                HAL_GPIO_EXTI_Callback
                0x0000000008002b16                HAL_UART_RxCpltCallback
                0x0000000008002b68                HAL_TIM_PeriodElapsedCallback
                0x0000000008002b72                main
 .text          0x0000000008002c84      0x378 c:/st/stm32cubeide_1.12.0/stm32cubeide/plugins/com.st.stm32cube.ide.mcu.externaltools.gnu-tools-for-stm32.10.3-2021.10.win32_1.0.200.202301161003/tools/bin/../lib/gcc/arm-none-eabi/10.3.1/thumb/v7e-m+fp/hard\libgcc.a(_arm_addsubdf3.o)
                0x0000000008002c84                __aeabi_drsub
                0x0000000008002c8c                __aeabi_dsub
                0x0000000008002c8c                __subdf3
                0x0000000008002c90                __aeabi_dadd
                0x0000000008002c90                __adddf3
                0x0000000008002f08                __floatunsidf
                0x0000000008002f08                __aeabi_ui2d
                0x0000000008002f28                __floatsidf
                0x0000000008002f28                __aeabi_i2d
                0x0000000008002f4c                __aeabi_f2d
                0x0000000008002f4c                __extendsfdf2
                0x0000000008002f90                __floatundidf
                0x0000000008002f90                __aeabi_ul2d
                0x0000000008002fa0                __floatdidf
                0x0000000008002fa0                __aeabi_l2d
 .text          0x0000000008002ffc      0x424 c:/st/stm32cubeide_1.12.0/stm32cubeide/plugins/com.st.stm32cube.ide.mcu.externaltools.gnu-tools-for-stm32.10.3-2021.10.win32_1.0.200.202301161003/tools/bin/../lib/gcc/arm-none-eabi/10.3.1/thumb/v7e-m+fp/hard\libgcc.a(_arm_muldivdf3.o)
                0x0000000008002ffc                __aeabi_dmul
                0x0000000008002ffc                __muldf3
                0x0000000008003250                __divdf3
                0x0000000008003250                __aeabi_ddiv
 .text          0x0000000008003420       0xa0 c:/st/stm32cubeide_1.12.0/stm32cubeide/plugins/com.st.stm32cube.ide.mcu.externaltools.gnu-tools-for-stm32.10.3-2021.10.win32_1.0.200.202301161003/tools/bin/../lib/gcc/arm-none-eabi/10.3.1/thumb/v7e-m+fp/hard\libgcc.a(_arm_truncdfsf2.o)
                0x0000000008003420                __truncdfsf2
                0x0000000008003420                __aeabi_d2f
 *(.text*)
 .text.Reset_Handler
                0x00000000080034c0       0x4c startup/startup_stm32f411xe.o
                0x00000000080034c0                Reset_Handler
                0x00000000080034f2                _exit
 .text.Default_Handler
                0x000000000800350c        0x2 startup/startup_stm32f411xe.o
                0x000000000800350c                RTC_Alarm_IRQHandler
                0x000000000800350c                EXTI2_IRQHandler
                0x000000000800350c                SPI4_IRQHandler
                0x000000000800350c                TIM1_CC_IRQHandler
                0x000000000800350c                DMA2_Stream5_IRQHandler
                0x000000000800350c                DMA1_Stream5_IRQHandler
                0x000000000800350c                PVD_IRQHandler
                0x000000000800350c                SDIO_IRQHandler
                0x000000000800350c                TAMP_STAMP_IRQHandler
                0x000000000800350c                EXTI3_IRQHandler
                0x000000000800350c                TIM1_UP_TIM10_IRQHandler
                0x000000000800350c                I2C3_ER_IRQHandler
                0x000000000800350c                I2C2_EV_IRQHandler
                0x000000000800350c                DMA1_Stream2_IRQHandler
                0x000000000800350c                FPU_IRQHandler
                0x000000000800350c                DMA2_Stream2_IRQHandler
                0x000000000800350c                TIM1_BRK_TIM9_IRQHandler
                0x000000000800350c                DMA2_Stream3_IRQHandler
                0x000000000800350c                USART6_IRQHandler
                0x000000000800350c                DMA2_Stream0_IRQHandler
                0x000000000800350c                TIM4_IRQHandler
                0x000000000800350c                DMA1_Stream6_IRQHandler
                0x000000000800350c                DMA1_Stream1_IRQHandler
                0x000000000800350c                TIM3_IRQHandler
                0x000000000800350c                RCC_IRQHandler
                0x000000000800350c                Default_Handler
                0x000000000800350c                ADC_IRQHandler
                0x000000000800350c                DMA1_Stream7_IRQHandler
                0x000000000800350c                SPI5_IRQHandler
                0x000000000800350c                DMA2_Stream7_IRQHandler
                0x000000000800350c                I2C3_EV_IRQHandler
                0x000000000800350c                EXTI9_5_IRQHandler
                0x000000000800350c                RTC_WKUP_IRQHandler
                0x000000000800350c                SPI2_IRQHandler
                0x000000000800350c                DMA1_Stream0_IRQHandler
                0x000000000800350c                WWDG_IRQHandler
                0x000000000800350c                TIM2_IRQHandler
                0x000000000800350c                OTG_FS_WKUP_IRQHandler
                0x000000000800350c                TIM1_TRG_COM_TIM11_IRQHandler
                0x000000000800350c                EXTI1_IRQHandler
                0x000000000800350c                I2C2_ER_IRQHandler
                0x000000000800350c                DMA2_Stream1_IRQHandler
                0x000000000800350c                FLASH_IRQHandler
                0x000000000800350c                DMA2_Stream4_IRQHandler
                0x000000000800350c                USART1_IRQHandler
                0x000000000800350c                OTG_FS_IRQHandler
                0x000000000800350c                SPI3_IRQHandler
                0x000000000800350c                DMA1_Stream4_IRQHandler
                0x000000000800350c                DMA2_Stream6_IRQHandler
                0x000000000800350c                DMA1_Stream3_IRQHandler
 *fill*         0x000000000800350e        0x2 
 .text.__libc_init_array
                0x0000000008003510       0x48 c:/st/stm32cubeide_1.12.0/stm32cubeide/plugins/com.st.stm32cube.ide.mcu.externaltools.gnu-tools-for-stm32.10.3-2021.10.win32_1.0.200.202301161003/tools/bin/../lib/gcc/arm-none-eabi/10.3.1/../../../../arm-none-eabi/lib/thumb/v7e-m+fp/hard\libc.a(lib_a-init.o)
                0x0000000008003510                __libc_init_array
 .text.startup.register_fini
                0x0000000008003558       0x14 c:/st/stm32cubeide_1.12.0/stm32cubeide/plugins/com.st.stm32cube.ide.mcu.externaltools.gnu-tools-for-stm32.10.3-2021.10.win32_1.0.200.202301161003/tools/bin/../lib/gcc/arm-none-eabi/10.3.1/../../../../arm-none-eabi/lib/thumb/v7e-m+fp/hard\libc.a(lib_a-__call_atexit.o)
 .text.atexit   0x000000000800356c        0xc c:/st/stm32cubeide_1.12.0/stm32cubeide/plugins/com.st.stm32cube.ide.mcu.externaltools.gnu-tools-for-stm32.10.3-2021.10.win32_1.0.200.202301161003/tools/bin/../lib/gcc/arm-none-eabi/10.3.1/../../../../arm-none-eabi/lib/thumb/v7e-m+fp/hard\libc.a(lib_a-atexit.o)
                0x000000000800356c                atexit
 .text.__libc_fini_array
                0x0000000008003578       0x28 c:/st/stm32cubeide_1.12.0/stm32cubeide/plugins/com.st.stm32cube.ide.mcu.externaltools.gnu-tools-for-stm32.10.3-2021.10.win32_1.0.200.202301161003/tools/bin/../lib/gcc/arm-none-eabi/10.3.1/../../../../arm-none-eabi/lib/thumb/v7e-m+fp/hard\libc.a(lib_a-fini.o)
                0x0000000008003578                __libc_fini_array
 .text.__retarget_lock_acquire_recursive
                0x00000000080035a0        0x2 c:/st/stm32cubeide_1.12.0/stm32cubeide/plugins/com.st.stm32cube.ide.mcu.externaltools.gnu-tools-for-stm32.10.3-2021.10.win32_1.0.200.202301161003/tools/bin/../lib/gcc/arm-none-eabi/10.3.1/../../../../arm-none-eabi/lib/thumb/v7e-m+fp/hard\libc.a(lib_a-lock.o)
                0x00000000080035a0                __retarget_lock_acquire_recursive
 .text.__retarget_lock_release_recursive
                0x00000000080035a2        0x2 c:/st/stm32cubeide_1.12.0/stm32cubeide/plugins/com.st.stm32cube.ide.mcu.externaltools.gnu-tools-for-stm32.10.3-2021.10.win32_1.0.200.202301161003/tools/bin/../lib/gcc/arm-none-eabi/10.3.1/../../../../arm-none-eabi/lib/thumb/v7e-m+fp/hard\libc.a(lib_a-lock.o)
                0x00000000080035a2                __retarget_lock_release_recursive
 .text.__register_exitproc
                0x00000000080035a4       0x84 c:/st/stm32cubeide_1.12.0/stm32cubeide/plugins/com.st.stm32cube.ide.mcu.externaltools.gnu-tools-for-stm32.10.3-2021.10.win32_1.0.200.202301161003/tools/bin/../lib/gcc/arm-none-eabi/10.3.1/../../../../arm-none-eabi/lib/thumb/v7e-m+fp/hard\libc.a(lib_a-__atexit.o)
                0x00000000080035a4                __register_exitproc
 *(.glue_7)
 .glue_7        0x0000000008003628        0x0 linker stubs
 *(.glue_7t)
 .glue_7t       0x0000000008003628        0x0 linker stubs
 *(.eh_frame)
 .eh_frame      0x0000000008003628        0x0 c:/st/stm32cubeide_1.12.0/stm32cubeide/plugins/com.st.stm32cube.ide.mcu.externaltools.gnu-tools-for-stm32.10.3-2021.10.win32_1.0.200.202301161003/tools/bin/../lib/gcc/arm-none-eabi/10.3.1/thumb/v7e-m+fp/hard/crtbegin.o
 *(.init)
 .init          0x0000000008003628        0x4 c:/st/stm32cubeide_1.12.0/stm32cubeide/plugins/com.st.stm32cube.ide.mcu.externaltools.gnu-tools-for-stm32.10.3-2021.10.win32_1.0.200.202301161003/tools/bin/../lib/gcc/arm-none-eabi/10.3.1/thumb/v7e-m+fp/hard/crti.o
                0x0000000008003628                _init
 .init          0x000000000800362c        0x8 c:/st/stm32cubeide_1.12.0/stm32cubeide/plugins/com.st.stm32cube.ide.mcu.externaltools.gnu-tools-for-stm32.10.3-2021.10.win32_1.0.200.202301161003/tools/bin/../lib/gcc/arm-none-eabi/10.3.1/thumb/v7e-m+fp/hard/crtn.o
 *(.fini)
 .fini          0x0000000008003634        0x4 c:/st/stm32cubeide_1.12.0/stm32cubeide/plugins/com.st.stm32cube.ide.mcu.externaltools.gnu-tools-for-stm32.10.3-2021.10.win32_1.0.200.202301161003/tools/bin/../lib/gcc/arm-none-eabi/10.3.1/thumb/v7e-m+fp/hard/crti.o
                0x0000000008003634                _fini
 .fini          0x0000000008003638        0x8 c:/st/stm32cubeide_1.12.0/stm32cubeide/plugins/com.st.stm32cube.ide.mcu.externaltools.gnu-tools-for-stm32.10.3-2021.10.win32_1.0.200.202301161003/tools/bin/../lib/gcc/arm-none-eabi/10.3.1/thumb/v7e-m+fp/hard/crtn.o
                0x0000000008003640                . = ALIGN (0x4)
                0x0000000008003640                _etext = .

.vfp11_veneer   0x0000000008003640        0x0
 .vfp11_veneer  0x0000000008003640        0x0 linker stubs

.v4_bx          0x0000000008003640        0x0
 .v4_bx         0x0000000008003640        0x0 linker stubs

.iplt           0x0000000008003640        0x0
 .iplt          0x0000000008003640        0x0 c:/st/stm32cubeide_1.12.0/stm32cubeide/plugins/com.st.stm32cube.ide.mcu.externaltools.gnu-tools-for-stm32.10.3-2021.10.win32_1.0.200.202301161003/tools/bin/../lib/gcc/arm-none-eabi/10.3.1/thumb/v7e-m+fp/hard/crtbegin.o

.rodata         0x0000000008003640      0x934
                0x0000000008003640                . = ALIGN (0x4)
 *(.rodata)
 .rodata        0x0000000008003640       0x24 c:/st/stm32cubeide_1.12.0/stm32cubeide/plugins/com.st.stm32cube.ide.mcu.externaltools.gnu-tools-for-stm32.10.3-2021.10.win32_1.0.200.202301161003/tools/bin/../lib/gcc/arm-none-eabi/10.3.1/thumb/v7e-m+fp/hard/crtbegin.o
 .rodata        0x0000000008003664      0x114 startup/stm32f411_periph.o
                0x0000000008003664                _SCnSCB
                0x0000000008003668                _SCB
                0x000000000800366c                _SysTick
                0x0000000008003670                _NVIC
                0x0000000008003674                _ITM
                0x0000000008003678                _DWT
                0x000000000800367c                _TPI
                0x0000000008003680                _CoreDebug
                0x0000000008003684                _MPU
                0x0000000008003688                _FPU
                0x000000000800368c                _TIM2
                0x0000000008003690                _TIM3
                0x0000000008003694                _TIM4
                0x0000000008003698                _TIM5
                0x000000000800369c                _RTC
                0x00000000080036a0                _WWDG
                0x00000000080036a4                _IWDG
                0x00000000080036a8                _I2S2ext
                0x00000000080036ac                _SPI2
                0x00000000080036b0                _SPI3
                0x00000000080036b4                _I2S3ext
                0x00000000080036b8                _USART2
                0x00000000080036bc                _I2C1
                0x00000000080036c0                _I2C2
                0x00000000080036c4                _I2C3
                0x00000000080036c8                _PWR
                0x00000000080036cc                _TIM1
                0x00000000080036d0                _USART1
                0x00000000080036d4                _USART6
                0x00000000080036d8                _ADC1
                0x00000000080036dc                _ADC
                0x00000000080036e0                _SDIO
                0x00000000080036e4                _SPI1
                0x00000000080036e8                _SPI4
                0x00000000080036ec                _SYSCFG
                0x00000000080036f0                _EXTI
                0x00000000080036f4                _TIM9
                0x00000000080036f8                _TIM10
                0x00000000080036fc                _TIM11
                0x0000000008003700                _SPI5
                0x0000000008003704                _GPIOA
                0x0000000008003708                _GPIOB
                0x000000000800370c                _GPIOC
                0x0000000008003710                _GPIOD
                0x0000000008003714                _GPIOE
                0x0000000008003718                _GPIOH
                0x000000000800371c                _CRC
                0x0000000008003720                _RCC
                0x0000000008003724                _FLASH
                0x0000000008003728                _DMA1
                0x000000000800372c                _DMA1_Stream0
                0x0000000008003730                _DMA1_Stream1
                0x0000000008003734                _DMA1_Stream2
                0x0000000008003738                _DMA1_Stream3
                0x000000000800373c                _DMA1_Stream4
                0x0000000008003740                _DMA1_Stream5
                0x0000000008003744                _DMA1_Stream6
                0x0000000008003748                _DMA1_Stream7
                0x000000000800374c                _DMA2
                0x0000000008003750                _DMA2_Stream0
                0x0000000008003754                _DMA2_Stream1
                0x0000000008003758                _DMA2_Stream2
                0x000000000800375c                _DMA2_Stream3
                0x0000000008003760                _DMA2_Stream4
                0x0000000008003764                _DMA2_Stream5
                0x0000000008003768                _DMA2_Stream6
                0x000000000800376c                _DMA2_Stream7
                0x0000000008003770                _DBGMCU
                0x0000000008003774                _USB_OTG_FS
 .rodata        0x0000000008003778       0x10 startup/system_stm32f4xx.o
                0x0000000008003778                AHBPrescTable
 .rodata        0x0000000008003788      0x724 mbed_shield/src/lcd_128x32.o
 .rodata        0x0000000008003eac       0x9d src/main.o
 *fill*         0x0000000008003f49        0x3 
 .rodata        0x0000000008003f4c       0x24 c:/st/stm32cubeide_1.12.0/stm32cubeide/plugins/com.st.stm32cube.ide.mcu.externaltools.gnu-tools-for-stm32.10.3-2021.10.win32_1.0.200.202301161003/tools/bin/../lib/gcc/arm-none-eabi/10.3.1/thumb/v7e-m+fp/hard/crtend.o
 *(.rodata*)
 .rodata._global_impure_ptr
                0x0000000008003f70        0x4 c:/st/stm32cubeide_1.12.0/stm32cubeide/plugins/com.st.stm32cube.ide.mcu.externaltools.gnu-tools-for-stm32.10.3-2021.10.win32_1.0.200.202301161003/tools/bin/../lib/gcc/arm-none-eabi/10.3.1/../../../../arm-none-eabi/lib/thumb/v7e-m+fp/hard\libc.a(lib_a-impure.o)
                0x0000000008003f70                _global_impure_ptr
                0x0000000008003f74                . = ALIGN (0x4)

.rel.dyn        0x0000000008003f74        0x0
 .rel.iplt      0x0000000008003f74        0x0 c:/st/stm32cubeide_1.12.0/stm32cubeide/plugins/com.st.stm32cube.ide.mcu.externaltools.gnu-tools-for-stm32.10.3-2021.10.win32_1.0.200.202301161003/tools/bin/../lib/gcc/arm-none-eabi/10.3.1/thumb/v7e-m+fp/hard/crtbegin.o

.ARM.extab
 *(.ARM.extab* .gnu.linkonce.armextab.*)

.ARM            0x0000000008003f74        0x0
                0x0000000008003f74                __exidx_start = .
 *(.ARM.exidx*)
                0x0000000008003f74                __exidx_end = .

.preinit_array  0x0000000008003f74        0x0
                0x0000000008003f74                PROVIDE (__preinit_array_start = .)
 *(.preinit_array*)
                0x0000000008003f74                PROVIDE (__preinit_array_end = .)

.init_array     0x0000000008003f74        0x8
                0x0000000008003f74                PROVIDE (__init_array_start = .)
 *(SORT_BY_NAME(.init_array.*))
 .init_array.00000
                0x0000000008003f74        0x4 c:/st/stm32cubeide_1.12.0/stm32cubeide/plugins/com.st.stm32cube.ide.mcu.externaltools.gnu-tools-for-stm32.10.3-2021.10.win32_1.0.200.202301161003/tools/bin/../lib/gcc/arm-none-eabi/10.3.1/../../../../arm-none-eabi/lib/thumb/v7e-m+fp/hard\libc.a(lib_a-__call_atexit.o)
 *(.init_array*)
 .init_array    0x0000000008003f78        0x4 c:/st/stm32cubeide_1.12.0/stm32cubeide/plugins/com.st.stm32cube.ide.mcu.externaltools.gnu-tools-for-stm32.10.3-2021.10.win32_1.0.200.202301161003/tools/bin/../lib/gcc/arm-none-eabi/10.3.1/thumb/v7e-m+fp/hard/crtbegin.o
                0x0000000008003f7c                PROVIDE (__init_array_end = .)

.fini_array     0x0000000008003f7c        0x4
                0x0000000008003f7c                PROVIDE (__fini_array_start = .)
 *(SORT_BY_NAME(.fini_array.*))
 *(.fini_array*)
 .fini_array    0x0000000008003f7c        0x4 c:/st/stm32cubeide_1.12.0/stm32cubeide/plugins/com.st.stm32cube.ide.mcu.externaltools.gnu-tools-for-stm32.10.3-2021.10.win32_1.0.200.202301161003/tools/bin/../lib/gcc/arm-none-eabi/10.3.1/thumb/v7e-m+fp/hard/crtbegin.o
                0x0000000008003f80                PROVIDE (__fini_array_end = .)
                0x0000000008003f80                _sidata = LOADADDR (.data)

.data           0x0000000020000000      0x4f4 load address 0x0000000008003f80
                0x0000000020000000                . = ALIGN (0x4)
                0x0000000020000000                _sdata = .
 *(.data)
 .data          0x0000000020000000        0x4 startup/system_stm32f4xx.o
                0x0000000020000000                SystemCoreClock
 .data          0x0000000020000004       0xa8 STM32F4xx_HAL_Driver/src/stm32f4xx_ll_rcc.o
 .data          0x00000000200000ac       0x11 STM32F4xx_HAL_Driver/src/util.o
 *fill*         0x00000000200000bd        0x3 
 .data          0x00000000200000c0        0x5 STM32F4xx_HAL_Driver/src/stm32f4xx_hal.o
                0x00000000200000c0                uwTickPrio
                0x00000000200000c4                uwTickFreq
 *(.data*)
 *fill*         0x00000000200000c5        0x3 
 .data.impure_data
                0x00000000200000c8      0x428 c:/st/stm32cubeide_1.12.0/stm32cubeide/plugins/com.st.stm32cube.ide.mcu.externaltools.gnu-tools-for-stm32.10.3-2021.10.win32_1.0.200.202301161003/tools/bin/../lib/gcc/arm-none-eabi/10.3.1/../../../../arm-none-eabi/lib/thumb/v7e-m+fp/hard\libc.a(lib_a-impure.o)
 .data.__atexit_recursive_mutex
                0x00000000200004f0        0x4 c:/st/stm32cubeide_1.12.0/stm32cubeide/plugins/com.st.stm32cube.ide.mcu.externaltools.gnu-tools-for-stm32.10.3-2021.10.win32_1.0.200.202301161003/tools/bin/../lib/gcc/arm-none-eabi/10.3.1/../../../../arm-none-eabi/lib/thumb/v7e-m+fp/hard\libc.a(lib_a-__call_atexit.o)
                0x00000000200004f0                __atexit_recursive_mutex
                0x00000000200004f4                . = ALIGN (0x4)
                0x00000000200004f4                _edata = .

.igot.plt       0x00000000200004f4        0x0 load address 0x0000000008004474
 .igot.plt      0x00000000200004f4        0x0 c:/st/stm32cubeide_1.12.0/stm32cubeide/plugins/com.st.stm32cube.ide.mcu.externaltools.gnu-tools-for-stm32.10.3-2021.10.win32_1.0.200.202301161003/tools/bin/../lib/gcc/arm-none-eabi/10.3.1/thumb/v7e-m+fp/hard/crtbegin.o
                0x00000000200004f4                . = ALIGN (0x4)

.bss            0x00000000200004f4      0x358 load address 0x0000000008004474
                0x00000000200004f4                _sbss = .
                0x00000000200004f4                __bss_start__ = _sbss
 *(.bss)
 .bss           0x00000000200004f4       0x1c c:/st/stm32cubeide_1.12.0/stm32cubeide/plugins/com.st.stm32cube.ide.mcu.externaltools.gnu-tools-for-stm32.10.3-2021.10.win32_1.0.200.202301161003/tools/bin/../lib/gcc/arm-none-eabi/10.3.1/thumb/v7e-m+fp/hard/crtbegin.o
 .bss           0x0000000020000510       0x14 startup/system_stm32f4xx.o
                0x0000000020000510                sysclks
 .bss           0x0000000020000524        0x4 STM32F4xx_HAL_Driver/src/stm32f4xx_hal_i2c.o
                0x0000000020000524                nb_irqs_i2c
 .bss           0x0000000020000528        0x4 STM32F4xx_HAL_Driver/src/stm32f4xx_hal.o
                0x0000000020000528                uwTick
 .bss           0x000000002000052c       0x10 STM32F4xx_HAL_Driver/src/stm32f4xx_hal_spi.o
                0x000000002000052c                cpt
                0x0000000020000530                cpt1
                0x0000000020000534                cpt2
                0x0000000020000538                sr
 .bss           0x000000002000053c      0x264 mbed_shield/src/lcd_128x32.o
                0x000000002000074c                hspi1
 .bss           0x00000000200007a0       0xa8 src/main.o
                0x00000000200007a0                htim5
                0x00000000200007b4                huart2
                0x00000000200007e4                hi2c1
                0x0000000020000828                buf
                0x0000000020000834                uart2_buffer
                0x0000000020000840                p_wr
                0x0000000020000844                p_rd
 *(.bss*)
 .bss.__lock___atexit_recursive_mutex
                0x0000000020000848        0x1 c:/st/stm32cubeide_1.12.0/stm32cubeide/plugins/com.st.stm32cube.ide.mcu.externaltools.gnu-tools-for-stm32.10.3-2021.10.win32_1.0.200.202301161003/tools/bin/../lib/gcc/arm-none-eabi/10.3.1/../../../../arm-none-eabi/lib/thumb/v7e-m+fp/hard\libc.a(lib_a-lock.o)
                0x0000000020000848                __lock___atexit_recursive_mutex
 *(COMMON)
                0x000000002000084c                . = ALIGN (0x4)
 *fill*         0x0000000020000849        0x3 
                0x000000002000084c                _ebss = .
                0x000000002000084c                __bss_end__ = _ebss

._user_heap_stack
                0x000000002000084c      0x600 load address 0x0000000008004474
                0x000000002000084c                . = ALIGN (0x4)
                [!provide]                        PROVIDE (end = .)
                [!provide]                        PROVIDE (_end = .)
                0x0000000020000a4c                . = (. + _Min_Heap_Size)
 *fill*         0x000000002000084c      0x200 
                0x0000000020000e4c                . = (. + _Min_Stack_Size)
 *fill*         0x0000000020000a4c      0x400 
                0x0000000020000e4c                . = ALIGN (0x4)

/DISCARD/
 libc.a(*)
 libm.a(*)
 libgcc.a(*)

.ARM.attributes
                0x0000000000000000       0x30
 *(.ARM.attributes)
 .ARM.attributes
                0x0000000000000000       0x1e c:/st/stm32cubeide_1.12.0/stm32cubeide/plugins/com.st.stm32cube.ide.mcu.externaltools.gnu-tools-for-stm32.10.3-2021.10.win32_1.0.200.202301161003/tools/bin/../lib/gcc/arm-none-eabi/10.3.1/thumb/v7e-m+fp/hard/crti.o
 .ARM.attributes
                0x000000000000001e       0x34 c:/st/stm32cubeide_1.12.0/stm32cubeide/plugins/com.st.stm32cube.ide.mcu.externaltools.gnu-tools-for-stm32.10.3-2021.10.win32_1.0.200.202301161003/tools/bin/../lib/gcc/arm-none-eabi/10.3.1/thumb/v7e-m+fp/hard/crtbegin.o
 .ARM.attributes
                0x0000000000000052       0x34 startup/stm32f411_periph.o
 .ARM.attributes
                0x0000000000000086       0x34 startup/sys_handlers.o
 .ARM.attributes
                0x00000000000000ba       0x34 startup/system_stm32f4xx.o
 .ARM.attributes
                0x00000000000000ee       0x34 STM32F4xx_HAL_Driver/src/stm32f4xx_ll_rcc.o
 .ARM.attributes
                0x0000000000000122       0x34 STM32F4xx_HAL_Driver/src/stm32f4xx_hal_i2c.o
 .ARM.attributes
                0x0000000000000156       0x34 STM32F4xx_HAL_Driver/src/util.o
 .ARM.attributes
                0x000000000000018a       0x34 STM32F4xx_HAL_Driver/src/stm32f4xx_hal.o
 .ARM.attributes
                0x00000000000001be       0x34 STM32F4xx_HAL_Driver/src/stm32f4xx_hal_cortex.o
 .ARM.attributes
                0x00000000000001f2       0x34 STM32F4xx_HAL_Driver/src/stm32f4xx_hal_uart.o
 .ARM.attributes
                0x0000000000000226       0x34 STM32F4xx_HAL_Driver/src/stm32f4xx_hal_gpio.o
 .ARM.attributes
                0x000000000000025a       0x34 STM32F4xx_HAL_Driver/src/stm32f4xx_hal_tim.o
 .ARM.attributes
                0x000000000000028e       0x34 STM32F4xx_HAL_Driver/src/stm32f4xx_hal_spi.o
 .ARM.attributes
                0x00000000000002c2       0x34 mbed_shield/src/lcd_128x32.o
 .ARM.attributes
                0x00000000000002f6       0x34 TSL2561/src/opto.o
 .ARM.attributes
                0x000000000000032a       0x34 src/stm32f4xx_hal_msp.o
 .ARM.attributes
                0x000000000000035e       0x34 src/stm32f4xx_it.o
 .ARM.attributes
                0x0000000000000392       0x34 src/main.o
 .ARM.attributes
                0x00000000000003c6       0x21 startup/startup_stm32f411xe.o
 .ARM.attributes
                0x00000000000003e7       0x34 c:/st/stm32cubeide_1.12.0/stm32cubeide/plugins/com.st.stm32cube.ide.mcu.externaltools.gnu-tools-for-stm32.10.3-2021.10.win32_1.0.200.202301161003/tools/bin/../lib/gcc/arm-none-eabi/10.3.1/../../../../arm-none-eabi/lib/thumb/v7e-m+fp/hard\libc.a(lib_a-impure.o)
 .ARM.attributes
                0x000000000000041b       0x34 c:/st/stm32cubeide_1.12.0/stm32cubeide/plugins/com.st.stm32cube.ide.mcu.externaltools.gnu-tools-for-stm32.10.3-2021.10.win32_1.0.200.202301161003/tools/bin/../lib/gcc/arm-none-eabi/10.3.1/../../../../arm-none-eabi/lib/thumb/v7e-m+fp/hard\libc.a(lib_a-init.o)
 .ARM.attributes
                0x000000000000044f       0x34 c:/st/stm32cubeide_1.12.0/stm32cubeide/plugins/com.st.stm32cube.ide.mcu.externaltools.gnu-tools-for-stm32.10.3-2021.10.win32_1.0.200.202301161003/tools/bin/../lib/gcc/arm-none-eabi/10.3.1/../../../../arm-none-eabi/lib/thumb/v7e-m+fp/hard\libc.a(lib_a-__call_atexit.o)
 .ARM.attributes
                0x0000000000000483       0x34 c:/st/stm32cubeide_1.12.0/stm32cubeide/plugins/com.st.stm32cube.ide.mcu.externaltools.gnu-tools-for-stm32.10.3-2021.10.win32_1.0.200.202301161003/tools/bin/../lib/gcc/arm-none-eabi/10.3.1/../../../../arm-none-eabi/lib/thumb/v7e-m+fp/hard\libc.a(lib_a-atexit.o)
 .ARM.attributes
                0x00000000000004b7       0x34 c:/st/stm32cubeide_1.12.0/stm32cubeide/plugins/com.st.stm32cube.ide.mcu.externaltools.gnu-tools-for-stm32.10.3-2021.10.win32_1.0.200.202301161003/tools/bin/../lib/gcc/arm-none-eabi/10.3.1/../../../../arm-none-eabi/lib/thumb/v7e-m+fp/hard\libc.a(lib_a-fini.o)
 .ARM.attributes
                0x00000000000004eb       0x34 c:/st/stm32cubeide_1.12.0/stm32cubeide/plugins/com.st.stm32cube.ide.mcu.externaltools.gnu-tools-for-stm32.10.3-2021.10.win32_1.0.200.202301161003/tools/bin/../lib/gcc/arm-none-eabi/10.3.1/../../../../arm-none-eabi/lib/thumb/v7e-m+fp/hard\libc.a(lib_a-lock.o)
 .ARM.attributes
                0x000000000000051f       0x34 c:/st/stm32cubeide_1.12.0/stm32cubeide/plugins/com.st.stm32cube.ide.mcu.externaltools.gnu-tools-for-stm32.10.3-2021.10.win32_1.0.200.202301161003/tools/bin/../lib/gcc/arm-none-eabi/10.3.1/../../../../arm-none-eabi/lib/thumb/v7e-m+fp/hard\libc.a(lib_a-__atexit.o)
 .ARM.attributes
                0x0000000000000553       0x1e c:/st/stm32cubeide_1.12.0/stm32cubeide/plugins/com.st.stm32cube.ide.mcu.externaltools.gnu-tools-for-stm32.10.3-2021.10.win32_1.0.200.202301161003/tools/bin/../lib/gcc/arm-none-eabi/10.3.1/thumb/v7e-m+fp/hard\libgcc.a(_arm_addsubdf3.o)
 .ARM.attributes
                0x0000000000000571       0x1e c:/st/stm32cubeide_1.12.0/stm32cubeide/plugins/com.st.stm32cube.ide.mcu.externaltools.gnu-tools-for-stm32.10.3-2021.10.win32_1.0.200.202301161003/tools/bin/../lib/gcc/arm-none-eabi/10.3.1/thumb/v7e-m+fp/hard\libgcc.a(_arm_muldivdf3.o)
 .ARM.attributes
                0x000000000000058f       0x1e c:/st/stm32cubeide_1.12.0/stm32cubeide/plugins/com.st.stm32cube.ide.mcu.externaltools.gnu-tools-for-stm32.10.3-2021.10.win32_1.0.200.202301161003/tools/bin/../lib/gcc/arm-none-eabi/10.3.1/thumb/v7e-m+fp/hard\libgcc.a(_arm_truncdfsf2.o)
 .ARM.attributes
                0x00000000000005ad       0x34 c:/st/stm32cubeide_1.12.0/stm32cubeide/plugins/com.st.stm32cube.ide.mcu.externaltools.gnu-tools-for-stm32.10.3-2021.10.win32_1.0.200.202301161003/tools/bin/../lib/gcc/arm-none-eabi/10.3.1/thumb/v7e-m+fp/hard/crtend.o
 .ARM.attributes
                0x00000000000005e1       0x1e c:/st/stm32cubeide_1.12.0/stm32cubeide/plugins/com.st.stm32cube.ide.mcu.externaltools.gnu-tools-for-stm32.10.3-2021.10.win32_1.0.200.202301161003/tools/bin/../lib/gcc/arm-none-eabi/10.3.1/thumb/v7e-m+fp/hard/crtn.o
OUTPUT(main.elf elf32-littlearm)
LOAD linker stubs
LOAD c:/st/stm32cubeide_1.12.0/stm32cubeide/plugins/com.st.stm32cube.ide.mcu.externaltools.gnu-tools-for-stm32.10.3-2021.10.win32_1.0.200.202301161003/tools/bin/../lib/gcc/arm-none-eabi/10.3.1/../../../../arm-none-eabi/lib/thumb/v7e-m+fp/hard\libc.a
LOAD c:/st/stm32cubeide_1.12.0/stm32cubeide/plugins/com.st.stm32cube.ide.mcu.externaltools.gnu-tools-for-stm32.10.3-2021.10.win32_1.0.200.202301161003/tools/bin/../lib/gcc/arm-none-eabi/10.3.1/../../../../arm-none-eabi/lib/thumb/v7e-m+fp/hard\libm.a
LOAD c:/st/stm32cubeide_1.12.0/stm32cubeide/plugins/com.st.stm32cube.ide.mcu.externaltools.gnu-tools-for-stm32.10.3-2021.10.win32_1.0.200.202301161003/tools/bin/../lib/gcc/arm-none-eabi/10.3.1/thumb/v7e-m+fp/hard\libgcc.a

.debug_info     0x0000000000000000     0x95e6
 .debug_info    0x0000000000000000     0x235d startup/stm32f411_periph.o
 .debug_info    0x000000000000235d      0x103 startup/sys_handlers.o
 .debug_info    0x0000000000002460      0x5eb startup/system_stm32f4xx.o
 .debug_info    0x0000000000002a4b      0x5ea STM32F4xx_HAL_Driver/src/stm32f4xx_ll_rcc.o
 .debug_info    0x0000000000003035      0x534 STM32F4xx_HAL_Driver/src/stm32f4xx_hal_i2c.o
 .debug_info    0x0000000000003569      0x31a STM32F4xx_HAL_Driver/src/util.o
 .debug_info    0x0000000000003883      0x673 STM32F4xx_HAL_Driver/src/stm32f4xx_hal.o
 .debug_info    0x0000000000003ef6      0xd79 STM32F4xx_HAL_Driver/src/stm32f4xx_hal_cortex.o
 .debug_info    0x0000000000004c6f      0x5f6 STM32F4xx_HAL_Driver/src/stm32f4xx_hal_uart.o
 .debug_info    0x0000000000005265      0x65b STM32F4xx_HAL_Driver/src/stm32f4xx_hal_gpio.o
 .debug_info    0x00000000000058c0      0x4f6 STM32F4xx_HAL_Driver/src/stm32f4xx_hal_tim.o
 .debug_info    0x0000000000005db6      0x46b STM32F4xx_HAL_Driver/src/stm32f4xx_hal_spi.o
 .debug_info    0x0000000000006221      0xfca mbed_shield/src/lcd_128x32.o
 .debug_info    0x00000000000071eb      0x70e TSL2561/src/opto.o
 .debug_info    0x00000000000078f9      0xa16 src/stm32f4xx_hal_msp.o
 .debug_info    0x000000000000830f      0x90e src/stm32f4xx_it.o
 .debug_info    0x0000000000008c1d      0x9a7 src/main.o
 .debug_info    0x00000000000095c4       0x22 startup/startup_stm32f411xe.o

.debug_abbrev   0x0000000000000000     0x1cfd
 .debug_abbrev  0x0000000000000000      0x15c startup/stm32f411_periph.o
 .debug_abbrev  0x000000000000015c       0x44 startup/sys_handlers.o
 .debug_abbrev  0x00000000000001a0      0x189 startup/system_stm32f4xx.o
 .debug_abbrev  0x0000000000000329      0x180 STM32F4xx_HAL_Driver/src/stm32f4xx_ll_rcc.o
 .debug_abbrev  0x00000000000004a9      0x192 STM32F4xx_HAL_Driver/src/stm32f4xx_hal_i2c.o
 .debug_abbrev  0x000000000000063b      0x122 STM32F4xx_HAL_Driver/src/util.o
 .debug_abbrev  0x000000000000075d      0x1fe STM32F4xx_HAL_Driver/src/stm32f4xx_hal.o
 .debug_abbrev  0x000000000000095b      0x2f6 STM32F4xx_HAL_Driver/src/stm32f4xx_hal_cortex.o
 .debug_abbrev  0x0000000000000c51      0x213 STM32F4xx_HAL_Driver/src/stm32f4xx_hal_uart.o
 .debug_abbrev  0x0000000000000e64      0x178 STM32F4xx_HAL_Driver/src/stm32f4xx_hal_gpio.o
 .debug_abbrev  0x0000000000000fdc      0x170 STM32F4xx_HAL_Driver/src/stm32f4xx_hal_tim.o
 .debug_abbrev  0x000000000000114c      0x167 STM32F4xx_HAL_Driver/src/stm32f4xx_hal_spi.o
 .debug_abbrev  0x00000000000012b3      0x348 mbed_shield/src/lcd_128x32.o
 .debug_abbrev  0x00000000000015fb      0x15c TSL2561/src/opto.o
 .debug_abbrev  0x0000000000001757      0x206 src/stm32f4xx_hal_msp.o
 .debug_abbrev  0x000000000000195d      0x152 src/stm32f4xx_it.o
 .debug_abbrev  0x0000000000001aaf      0x23c src/main.o
 .debug_abbrev  0x0000000000001ceb       0x12 startup/startup_stm32f411xe.o

.debug_aranges  0x0000000000000000      0x240
 .debug_aranges
                0x0000000000000000       0x18 startup/stm32f411_periph.o
 .debug_aranges
                0x0000000000000018       0x20 startup/sys_handlers.o
 .debug_aranges
                0x0000000000000038       0x20 startup/system_stm32f4xx.o
 .debug_aranges
                0x0000000000000058       0x20 STM32F4xx_HAL_Driver/src/stm32f4xx_ll_rcc.o
 .debug_aranges
                0x0000000000000078       0x20 STM32F4xx_HAL_Driver/src/stm32f4xx_hal_i2c.o
 .debug_aranges
                0x0000000000000098       0x20 STM32F4xx_HAL_Driver/src/util.o
 .debug_aranges
                0x00000000000000b8       0x20 STM32F4xx_HAL_Driver/src/stm32f4xx_hal.o
 .debug_aranges
                0x00000000000000d8       0x20 STM32F4xx_HAL_Driver/src/stm32f4xx_hal_cortex.o
 .debug_aranges
                0x00000000000000f8       0x20 STM32F4xx_HAL_Driver/src/stm32f4xx_hal_uart.o
 .debug_aranges
                0x0000000000000118       0x20 STM32F4xx_HAL_Driver/src/stm32f4xx_hal_gpio.o
 .debug_aranges
                0x0000000000000138       0x20 STM32F4xx_HAL_Driver/src/stm32f4xx_hal_tim.o
 .debug_aranges
                0x0000000000000158       0x20 STM32F4xx_HAL_Driver/src/stm32f4xx_hal_spi.o
 .debug_aranges
                0x0000000000000178       0x20 mbed_shield/src/lcd_128x32.o
 .debug_aranges
                0x0000000000000198       0x20 TSL2561/src/opto.o
 .debug_aranges
                0x00000000000001b8       0x20 src/stm32f4xx_hal_msp.o
 .debug_aranges
                0x00000000000001d8       0x20 src/stm32f4xx_it.o
 .debug_aranges
                0x00000000000001f8       0x20 src/main.o
 .debug_aranges
                0x0000000000000218       0x28 startup/startup_stm32f411xe.o

.debug_line     0x0000000000000000     0x44f3
 .debug_line    0x0000000000000000      0x208 startup/stm32f411_periph.o
 .debug_line    0x0000000000000208       0x7f startup/sys_handlers.o
 .debug_line    0x0000000000000287      0x2f4 startup/system_stm32f4xx.o
 .debug_line    0x000000000000057b      0x4dc STM32F4xx_HAL_Driver/src/stm32f4xx_ll_rcc.o
 .debug_line    0x0000000000000a57      0x55d STM32F4xx_HAL_Driver/src/stm32f4xx_hal_i2c.o
 .debug_line    0x0000000000000fb4      0x3b7 STM32F4xx_HAL_Driver/src/util.o
 .debug_line    0x000000000000136b      0x3af STM32F4xx_HAL_Driver/src/stm32f4xx_hal.o
 .debug_line    0x000000000000171a      0x5ea STM32F4xx_HAL_Driver/src/stm32f4xx_hal_cortex.o
 .debug_line    0x0000000000001d04      0x4d3 STM32F4xx_HAL_Driver/src/stm32f4xx_hal_uart.o
 .debug_line    0x00000000000021d7      0x484 STM32F4xx_HAL_Driver/src/stm32f4xx_hal_gpio.o
 .debug_line    0x000000000000265b      0x4ba STM32F4xx_HAL_Driver/src/stm32f4xx_hal_tim.o
 .debug_line    0x0000000000002b15      0x390 STM32F4xx_HAL_Driver/src/stm32f4xx_hal_spi.o
 .debug_line    0x0000000000002ea5      0x9af mbed_shield/src/lcd_128x32.o
 .debug_line    0x0000000000003854      0x33b TSL2561/src/opto.o
 .debug_line    0x0000000000003b8f      0x2ef src/stm32f4xx_hal_msp.o
 .debug_line    0x0000000000003e7e      0x2e0 src/stm32f4xx_it.o
 .debug_line    0x000000000000415e      0x31c src/main.o
 .debug_line    0x000000000000447a       0x79 startup/startup_stm32f411xe.o

.debug_str      0x0000000000000000     0x282b
 .debug_str     0x0000000000000000      0xc3b startup/stm32f411_periph.o
                                        0xcbf (size before relaxing)
 .debug_str     0x0000000000000c3b       0x97 startup/sys_handlers.o
                                        0x225 (size before relaxing)
 .debug_str     0x0000000000000cd2      0x19c startup/system_stm32f4xx.o
                                        0x4ba (size before relaxing)
 .debug_str     0x0000000000000e6e       0xeb STM32F4xx_HAL_Driver/src/stm32f4xx_ll_rcc.o
                                        0x535 (size before relaxing)
 .debug_str     0x0000000000000f59      0x1b7 STM32F4xx_HAL_Driver/src/stm32f4xx_hal_i2c.o
                                        0x418 (size before relaxing)
 .debug_str     0x0000000000001110       0x91 STM32F4xx_HAL_Driver/src/util.o
                                        0x236 (size before relaxing)
 .debug_str     0x00000000000011a1      0x6e1 STM32F4xx_HAL_Driver/src/stm32f4xx_hal.o
                                        0x8e1 (size before relaxing)
 .debug_str     0x0000000000001882      0x30e STM32F4xx_HAL_Driver/src/stm32f4xx_hal_cortex.o
                                        0xaca (size before relaxing)
 .debug_str     0x0000000000001b90      0x193 STM32F4xx_HAL_Driver/src/stm32f4xx_hal_uart.o
                                        0x41a (size before relaxing)
 .debug_str     0x0000000000001d23      0x104 STM32F4xx_HAL_Driver/src/stm32f4xx_hal_gpio.o
                                        0x478 (size before relaxing)
 .debug_str     0x0000000000001e27      0x1b2 STM32F4xx_HAL_Driver/src/stm32f4xx_hal_tim.o
                                        0x3db (size before relaxing)
 .debug_str     0x0000000000001fd9      0x124 STM32F4xx_HAL_Driver/src/stm32f4xx_hal_spi.o
                                        0x3e6 (size before relaxing)
 .debug_str     0x00000000000020fd      0x217 mbed_shield/src/lcd_128x32.o
                                        0x6b4 (size before relaxing)
 .debug_str     0x0000000000002314      0x2ee TSL2561/src/opto.o
                                        0x606 (size before relaxing)
 .debug_str     0x0000000000002602       0x7a src/stm32f4xx_hal_msp.o
                                        0x833 (size before relaxing)
 .debug_str     0x000000000000267c       0xbf src/stm32f4xx_it.o
                                        0x67e (size before relaxing)
 .debug_str     0x000000000000273b       0x74 src/main.o
                                        0x655 (size before relaxing)
 .debug_str     0x00000000000027af       0x7c startup/startup_stm32f411xe.o

.comment        0x0000000000000000       0x50
 .comment       0x0000000000000000       0x50 startup/stm32f411_periph.o
                                         0x51 (size before relaxing)
 .comment       0x0000000000000050       0x51 startup/sys_handlers.o
 .comment       0x0000000000000050       0x51 startup/system_stm32f4xx.o
 .comment       0x0000000000000050       0x51 STM32F4xx_HAL_Driver/src/stm32f4xx_ll_rcc.o
 .comment       0x0000000000000050       0x51 STM32F4xx_HAL_Driver/src/stm32f4xx_hal_i2c.o
 .comment       0x0000000000000050       0x51 STM32F4xx_HAL_Driver/src/util.o
 .comment       0x0000000000000050       0x51 STM32F4xx_HAL_Driver/src/stm32f4xx_hal.o
 .comment       0x0000000000000050       0x51 STM32F4xx_HAL_Driver/src/stm32f4xx_hal_cortex.o
 .comment       0x0000000000000050       0x51 STM32F4xx_HAL_Driver/src/stm32f4xx_hal_uart.o
 .comment       0x0000000000000050       0x51 STM32F4xx_HAL_Driver/src/stm32f4xx_hal_gpio.o
 .comment       0x0000000000000050       0x51 STM32F4xx_HAL_Driver/src/stm32f4xx_hal_tim.o
 .comment       0x0000000000000050       0x51 STM32F4xx_HAL_Driver/src/stm32f4xx_hal_spi.o
 .comment       0x0000000000000050       0x51 mbed_shield/src/lcd_128x32.o
 .comment       0x0000000000000050       0x51 TSL2561/src/opto.o
 .comment       0x0000000000000050       0x51 src/stm32f4xx_hal_msp.o
 .comment       0x0000000000000050       0x51 src/stm32f4xx_it.o
 .comment       0x0000000000000050       0x51 src/main.o

.debug_frame    0x0000000000000000     0x1424
 .debug_frame   0x0000000000000000       0x90 startup/sys_handlers.o
 .debug_frame   0x0000000000000090       0x40 startup/system_stm32f4xx.o
 .debug_frame   0x00000000000000d0       0x74 STM32F4xx_HAL_Driver/src/stm32f4xx_ll_rcc.o
 .debug_frame   0x0000000000000144       0xa8 STM32F4xx_HAL_Driver/src/stm32f4xx_hal_i2c.o
 .debug_frame   0x00000000000001ec       0xac STM32F4xx_HAL_Driver/src/util.o
 .debug_frame   0x0000000000000298      0x1f4 STM32F4xx_HAL_Driver/src/stm32f4xx_hal.o
 .debug_frame   0x000000000000048c      0x31c STM32F4xx_HAL_Driver/src/stm32f4xx_hal_cortex.o
 .debug_frame   0x00000000000007a8      0x100 STM32F4xx_HAL_Driver/src/stm32f4xx_hal_uart.o
 .debug_frame   0x00000000000008a8       0xa4 STM32F4xx_HAL_Driver/src/stm32f4xx_hal_gpio.o
 .debug_frame   0x000000000000094c      0x11c STM32F4xx_HAL_Driver/src/stm32f4xx_hal_tim.o
 .debug_frame   0x0000000000000a68       0x70 STM32F4xx_HAL_Driver/src/stm32f4xx_hal_spi.o
 .debug_frame   0x0000000000000ad8      0x2c0 mbed_shield/src/lcd_128x32.o
 .debug_frame   0x0000000000000d98      0x198 TSL2561/src/opto.o
 .debug_frame   0x0000000000000f30       0xbc src/stm32f4xx_hal_msp.o
 .debug_frame   0x0000000000000fec       0xe8 src/stm32f4xx_it.o
 .debug_frame   0x00000000000010d4       0x70 src/main.o
 .debug_frame   0x0000000000001144       0x2c c:/st/stm32cubeide_1.12.0/stm32cubeide/plugins/com.st.stm32cube.ide.mcu.externaltools.gnu-tools-for-stm32.10.3-2021.10.win32_1.0.200.202301161003/tools/bin/../lib/gcc/arm-none-eabi/10.3.1/../../../../arm-none-eabi/lib/thumb/v7e-m+fp/hard\libc.a(lib_a-init.o)
 .debug_frame   0x0000000000001170       0x58 c:/st/stm32cubeide_1.12.0/stm32cubeide/plugins/com.st.stm32cube.ide.mcu.externaltools.gnu-tools-for-stm32.10.3-2021.10.win32_1.0.200.202301161003/tools/bin/../lib/gcc/arm-none-eabi/10.3.1/../../../../arm-none-eabi/lib/thumb/v7e-m+fp/hard\libc.a(lib_a-__call_atexit.o)
 .debug_frame   0x00000000000011c8       0x20 c:/st/stm32cubeide_1.12.0/stm32cubeide/plugins/com.st.stm32cube.ide.mcu.externaltools.gnu-tools-for-stm32.10.3-2021.10.win32_1.0.200.202301161003/tools/bin/../lib/gcc/arm-none-eabi/10.3.1/../../../../arm-none-eabi/lib/thumb/v7e-m+fp/hard\libc.a(lib_a-atexit.o)
 .debug_frame   0x00000000000011e8       0x38 c:/st/stm32cubeide_1.12.0/stm32cubeide/plugins/com.st.stm32cube.ide.mcu.externaltools.gnu-tools-for-stm32.10.3-2021.10.win32_1.0.200.202301161003/tools/bin/../lib/gcc/arm-none-eabi/10.3.1/../../../../arm-none-eabi/lib/thumb/v7e-m+fp/hard\libc.a(lib_a-fini.o)
 .debug_frame   0x0000000000001220       0xb0 c:/st/stm32cubeide_1.12.0/stm32cubeide/plugins/com.st.stm32cube.ide.mcu.externaltools.gnu-tools-for-stm32.10.3-2021.10.win32_1.0.200.202301161003/tools/bin/../lib/gcc/arm-none-eabi/10.3.1/../../../../arm-none-eabi/lib/thumb/v7e-m+fp/hard\libc.a(lib_a-lock.o)
 .debug_frame   0x00000000000012d0       0x34 c:/st/stm32cubeide_1.12.0/stm32cubeide/plugins/com.st.stm32cube.ide.mcu.externaltools.gnu-tools-for-stm32.10.3-2021.10.win32_1.0.200.202301161003/tools/bin/../lib/gcc/arm-none-eabi/10.3.1/../../../../arm-none-eabi/lib/thumb/v7e-m+fp/hard\libc.a(lib_a-__atexit.o)
 .debug_frame   0x0000000000001304       0xac c:/st/stm32cubeide_1.12.0/stm32cubeide/plugins/com.st.stm32cube.ide.mcu.externaltools.gnu-tools-for-stm32.10.3-2021.10.win32_1.0.200.202301161003/tools/bin/../lib/gcc/arm-none-eabi/10.3.1/thumb/v7e-m+fp/hard\libgcc.a(_arm_addsubdf3.o)
 .debug_frame   0x00000000000013b0       0x50 c:/st/stm32cubeide_1.12.0/stm32cubeide/plugins/com.st.stm32cube.ide.mcu.externaltools.gnu-tools-for-stm32.10.3-2021.10.win32_1.0.200.202301161003/tools/bin/../lib/gcc/arm-none-eabi/10.3.1/thumb/v7e-m+fp/hard\libgcc.a(_arm_muldivdf3.o)
 .debug_frame   0x0000000000001400       0x24 c:/st/stm32cubeide_1.12.0/stm32cubeide/plugins/com.st.stm32cube.ide.mcu.externaltools.gnu-tools-for-stm32.10.3-2021.10.win32_1.0.200.202301161003/tools/bin/../lib/gcc/arm-none-eabi/10.3.1/thumb/v7e-m+fp/hard\libgcc.a(_arm_truncdfsf2.o)

.debug_ranges   0x0000000000000000       0x20
 .debug_ranges  0x0000000000000000       0x20 startup/startup_stm32f411xe.o
